Component: ARM Compiler 5.06 update 7 (build 960) Tool: armlink [4d3601]

==============================================================================

Section Cross References

    ev_hc32f460_lqfp100_v2.o(i.BSP_CLK_Init) refers to hc32_ll_clk.o(i.CLK_SetClockDiv) for CLK_SetClockDiv
    ev_hc32f460_lqfp100_v2.o(i.BSP_CLK_Init) refers to hc32_ll_clk.o(i.CLK_PLLStructInit) for CLK_PLLStructInit
    ev_hc32f460_lqfp100_v2.o(i.BSP_CLK_Init) refers to hc32_ll_clk.o(i.CLK_XtalStructInit) for CLK_XtalStructInit
    ev_hc32f460_lqfp100_v2.o(i.BSP_CLK_Init) refers to hc32_ll_clk.o(i.CLK_XtalInit) for CLK_XtalInit
    ev_hc32f460_lqfp100_v2.o(i.BSP_CLK_Init) refers to hc32_ll_clk.o(i.CLK_PLLInit) for CLK_PLLInit
    ev_hc32f460_lqfp100_v2.o(i.BSP_CLK_Init) refers to hc32_ll_clk.o(i.CLK_GetStableStatus) for CLK_GetStableStatus
    ev_hc32f460_lqfp100_v2.o(i.BSP_CLK_Init) refers to hc32_ll_sram.o(i.SRAM_SetWaitCycle) for SRAM_SetWaitCycle
    ev_hc32f460_lqfp100_v2.o(i.BSP_CLK_Init) refers to hc32_ll_efm.o(i.EFM_SetWaitCycle) for EFM_SetWaitCycle
    ev_hc32f460_lqfp100_v2.o(i.BSP_CLK_Init) refers to hc32_ll_gpio.o(i.GPIO_SetReadWaitCycle) for GPIO_SetReadWaitCycle
    ev_hc32f460_lqfp100_v2.o(i.BSP_CLK_Init) refers to hc32_ll_pwc.o(i.PWC_HighSpeedToHighPerformance) for PWC_HighSpeedToHighPerformance
    ev_hc32f460_lqfp100_v2.o(i.BSP_CLK_Init) refers to hc32_ll_clk.o(i.CLK_SetSysClockSrc) for CLK_SetSysClockSrc
    ev_hc32f460_lqfp100_v2.o(i.BSP_CLK_Init) refers to hc32_ll_clk.o(i.CLK_LrcCmd) for CLK_LrcCmd
    ev_hc32f460_lqfp100_v2.o(i.BSP_CLK_Init) refers to hc32_ll_clk.o(i.CLK_Xtal32StructInit) for CLK_Xtal32StructInit
    ev_hc32f460_lqfp100_v2.o(i.BSP_CLK_Init) refers to hc32_ll_clk.o(i.CLK_Xtal32Init) for CLK_Xtal32Init
    ev_hc32f460_lqfp100_v2.o(i.BSP_I2C_DeInit) refers to hc32_ll_i2c.o(i.I2C_DeInit) for I2C_DeInit
    ev_hc32f460_lqfp100_v2.o(i.BSP_I2C_GetDevStatus) refers to hc32_ll_i2c.o(i.I2C_Start) for I2C_Start
    ev_hc32f460_lqfp100_v2.o(i.BSP_I2C_GetDevStatus) refers to hc32_ll_i2c.o(i.I2C_TransAddr) for I2C_TransAddr
    ev_hc32f460_lqfp100_v2.o(i.BSP_I2C_GetDevStatus) refers to hc32_ll_i2c.o(i.I2C_GetStatus) for I2C_GetStatus
    ev_hc32f460_lqfp100_v2.o(i.BSP_I2C_GetDevStatus) refers to hc32_ll_i2c.o(i.I2C_Stop) for I2C_Stop
    ev_hc32f460_lqfp100_v2.o(i.BSP_I2C_Init) refers to hc32_ll_i2c.o(i.I2C_DeInit) for I2C_DeInit
    ev_hc32f460_lqfp100_v2.o(i.BSP_I2C_Init) refers to hc32_ll_i2c.o(i.I2C_StructInit) for I2C_StructInit
    ev_hc32f460_lqfp100_v2.o(i.BSP_I2C_Init) refers to hc32_ll_i2c.o(i.I2C_Init) for I2C_Init
    ev_hc32f460_lqfp100_v2.o(i.BSP_I2C_Init) refers to hc32_ll_i2c.o(i.I2C_BusWaitCmd) for I2C_BusWaitCmd
    ev_hc32f460_lqfp100_v2.o(i.BSP_I2C_Init) refers to hc32_ll_i2c.o(i.I2C_Cmd) for I2C_Cmd
    ev_hc32f460_lqfp100_v2.o(i.BSP_I2C_Read) refers to hc32_ll_i2c.o(i.I2C_SWResetCmd) for I2C_SWResetCmd
    ev_hc32f460_lqfp100_v2.o(i.BSP_I2C_Read) refers to hc32_ll_i2c.o(i.I2C_Start) for I2C_Start
    ev_hc32f460_lqfp100_v2.o(i.BSP_I2C_Read) refers to hc32_ll_i2c.o(i.I2C_TransAddr) for I2C_TransAddr
    ev_hc32f460_lqfp100_v2.o(i.BSP_I2C_Read) refers to hc32_ll_i2c.o(i.I2C_TransData) for I2C_TransData
    ev_hc32f460_lqfp100_v2.o(i.BSP_I2C_Read) refers to hc32_ll_i2c.o(i.I2C_Restart) for I2C_Restart
    ev_hc32f460_lqfp100_v2.o(i.BSP_I2C_Read) refers to hc32_ll_i2c.o(i.I2C_AckConfig) for I2C_AckConfig
    ev_hc32f460_lqfp100_v2.o(i.BSP_I2C_Read) refers to hc32_ll_i2c.o(i.I2C_MasterReceiveDataAndStop) for I2C_MasterReceiveDataAndStop
    ev_hc32f460_lqfp100_v2.o(i.BSP_I2C_Read) refers to hc32_ll_i2c.o(i.I2C_Stop) for I2C_Stop
    ev_hc32f460_lqfp100_v2.o(i.BSP_I2C_Write) refers to hc32_ll_i2c.o(i.I2C_SWResetCmd) for I2C_SWResetCmd
    ev_hc32f460_lqfp100_v2.o(i.BSP_I2C_Write) refers to hc32_ll_i2c.o(i.I2C_Start) for I2C_Start
    ev_hc32f460_lqfp100_v2.o(i.BSP_I2C_Write) refers to hc32_ll_i2c.o(i.I2C_TransAddr) for I2C_TransAddr
    ev_hc32f460_lqfp100_v2.o(i.BSP_I2C_Write) refers to hc32_ll_i2c.o(i.I2C_TransData) for I2C_TransData
    ev_hc32f460_lqfp100_v2.o(i.BSP_I2C_Write) refers to hc32_ll_i2c.o(i.I2C_Stop) for I2C_Stop
    ev_hc32f460_lqfp100_v2.o(i.BSP_KEY_Init) refers to hc32_ll_gpio.o(i.GPIO_StructInit) for GPIO_StructInit
    ev_hc32f460_lqfp100_v2.o(i.BSP_KEY_Init) refers to hc32_ll_gpio.o(i.GPIO_Init) for GPIO_Init
    ev_hc32f460_lqfp100_v2.o(i.BSP_KEY_Init) refers to hc32_ll_interrupts.o(i.EXTINT_StructInit) for EXTINT_StructInit
    ev_hc32f460_lqfp100_v2.o(i.BSP_KEY_Init) refers to hc32_ll_interrupts.o(i.EXTINT_Init) for EXTINT_Init
    ev_hc32f460_lqfp100_v2.o(i.BSP_KEY_Init) refers to hc32_ll_interrupts.o(i.INTC_IrqSignIn) for INTC_IrqSignIn
    ev_hc32f460_lqfp100_v2.o(i.BSP_KEY_Init) refers to ev_hc32f460_lqfp100_v2.o(i.__NVIC_ClearPendingIRQ) for __NVIC_ClearPendingIRQ
    ev_hc32f460_lqfp100_v2.o(i.BSP_KEY_Init) refers to ev_hc32f460_lqfp100_v2.o(i.__NVIC_SetPriority) for __NVIC_SetPriority
[...]
    i.IRQ005_Handler                         0x0000222c   Section        0  hc32_ll_interrupts.o(i.IRQ005_Handler)
    i.IRQ006_Handler                         0x0000223c   Section        0  hc32_ll_interrupts.o(i.IRQ006_Handler)
    i.IRQ007_Handler                         0x0000224c   Section        0  hc32_ll_interrupts.o(i.IRQ007_Handler)
    i.IRQ008_Handler                         0x0000225c   Section        0  hc32_ll_interrupts.o(i.IRQ008_Handler)
    i.IRQ009_Handler                         0x0000226c   Section        0  hc32_ll_interrupts.o(i.IRQ009_Handler)
    i.IRQ010_Handler                         0x0000227c   Section        0  hc32_ll_interrupts.o(i.IRQ010_Handler)
    i.IRQ011_Handler                         0x0000228c   Section        0  hc32_ll_interrupts.o(i.IRQ011_Handler)
    i.IRQ012_Handler                         0x0000229c   Section        0  hc32_ll_interrupts.o(i.IRQ012_Handler)
    i.IRQ013_Handler                         0x000022ac   Section        0  hc32_ll_interrupts.o(i.IRQ013_Handler)
    i.IRQ014_Handler                         0x000022bc   Section        0  hc32_ll_interrupts.o(i.IRQ014_Handler)
    i.IRQ015_Handler                         0x000022cc   Section        0  hc32_ll_interrupts.o(i.IRQ015_Handler)
    i.IRQ016_Handler                         0x000022dc   Section        0  hc32_ll_interrupts.o(i.IRQ016_Handler)
    i.IRQ017_Handler                         0x000022ec   Section        0  hc32_ll_interrupts.o(i.IRQ017_Handler)
    i.IRQ018_Handler                         0x000022fc   Section        0  hc32_ll_interrupts.o(i.IRQ018_Handler)
    i.IRQ019_Handler                         0x0000230c   Section        0  hc32_ll_interrupts.o(i.IRQ019_Handler)
    i.IRQ020_Handler                         0x0000231c   Section        0  hc32_ll_interrupts.o(i.IRQ020_Handler)
    i.IRQ021_Handler                         0x0000232c   Section        0  hc32_ll_interrupts.o(i.IRQ021_Handler)
    i.IRQ022_Handler                         0x0000233c   Section        0  hc32_ll_interrupts.o(i.IRQ022_Handler)
    i.IRQ023_Handler                         0x0000234c   Section        0  hc32_ll_interrupts.o(i.IRQ023_Handler)
    i.IRQ024_Handler                         0x0000235c   Section        0  hc32_ll_interrupts.o(i.IRQ024_Handler)
    i.IRQ025_Handler                         0x0000236c   Section        0  hc32_ll_interrupts.o(i.IRQ025_Handler)
    i.IRQ026_Handler                         0x0000237c   Section        0  hc32_ll_interrupts.o(i.IRQ026_Handler)
    i.IRQ027_Handler                         0x0000238c   Section        0  hc32_ll_interrupts.o(i.IRQ027_Handler)
    i.IRQ028_Handler                         0x0000239c   Section        0  hc32_ll_interrupts.o(i.IRQ028_Handler)
    i.IRQ029_Handler                         0x000023ac   Section        0  hc32_ll_interrupts.o(i.IRQ029_Handler)
    i.IRQ030_Handler                         0x000023bc   Section        0  hc32_ll_interrupts.o(i.IRQ030_Handler)
    i.IRQ031_Handler                         0x000023cc   Section        0  hc32_ll_interrupts.o(i.IRQ031_Handler)
    i.IRQ032_Handler                         0x000023dc   Section        0  hc32_ll_interrupts.o(i.IRQ032_Handler)
    i.IRQ033_Handler                         0x000023ec   Section        0  hc32_ll_interrupts.o(i.IRQ033_Handler)
    i.IRQ034_Handler                         0x000023fc   Section        0  hc32_ll_interrupts.o(i.IRQ034_Handler)
    i.IRQ035_Handler                         0x0000240c   Section        0  hc32_ll_interrupts.o(i.IRQ035_Handler)
    i.IRQ036_Handler                         0x0000241c   Section        0  hc32_ll_interrupts.o(i.IRQ036_Handler)
    i.IRQ037_Handler                         0x0000242c   Section        0  hc32_ll_interrupts.o(i.IRQ037_Handler)
    i.IRQ038_Handler                         0x0000243c   Section        0  hc32_ll_interrupts.o(i.IRQ038_Handler)
    i.IRQ039_Handler                         0x0000244c   Section        0  hc32_ll_interrupts.o(i.IRQ039_Handler)
    i.IRQ040_Handler                         0x0000245c   Section        0  hc32_ll_interrupts.o(i.IRQ040_Handler)
    i.IRQ041_Handler                         0x0000246c   Section        0  hc32_ll_interrupts.o(i.IRQ041_Handler)
    i.IRQ042_Handler                         0x0000247c   Section        0  hc32_ll_interrupts.o(i.IRQ042_Handler)
    i.IRQ043_Handler                         0x0000248c   Section        0  hc32_ll_interrupts.o(i.IRQ043_Handler)
    i.IRQ044_Handler                         0x0000249c   Section        0  hc32_ll_interrupts.o(i.IRQ044_Handler)
    i.IRQ045_Handler                         0x000024ac   Section        0  hc32_ll_interrupts.o(i.IRQ045_Handler)
    i.IRQ046_Handler                         0x000024bc   Section        0  hc32_ll_interrupts.o(i.IRQ046_Handler)
    i.IRQ047_Handler                         0x000024cc   Section        0  hc32_ll_interrupts.o(i.IRQ047_Handler)
    i.IRQ048_Handler                         0x000024dc   Section        0  hc32_ll_interrupts.o(i.IRQ048_Handler)
    i.IRQ049_Handler                         0x000024ec   Section        0  hc32_ll_interrupts.o(i.IRQ049_Handler)
    i.IRQ050_Handler                         0x000024fc   Section        0  hc32_ll_interrupts.o(i.IRQ050_Handler)
    i.IRQ051_Handler                         0x0000250c   Section        0  hc32_ll_interrupts.o(i.IRQ051_Handler)
    i.IRQ052_Handler                         0x0000251c   Section        0  hc32_ll_interrupts.o(i.IRQ052_Handler)
    i.IRQ053_Handler                         0x0000252c   Section        0  hc32_ll_interrupts.o(i.IRQ053_Handler)
    i.IRQ054_Handler                         0x0000253c   Section        0  hc32_ll_interrupts.o(i.IRQ054_Handler)
    i.IRQ055_Handler                         0x0000254c   Section        0  hc32_ll_interrupts.o(i.IRQ055_Handler)
    i.IRQ056_Handler                         0x0000255c   Section        0  hc32_ll_interrupts.o(i.IRQ056_Handler)
    i.IRQ057_Handler                         0x0000256c   Section        0  hc32_ll_interrupts.o(i.IRQ057_Handler)
    i.IRQ058_Handler                         0x0000257c   Section        0  hc32_ll_interrupts.o(i.IRQ058_Handler)
    i.IRQ059_Handler                         0x0000258c   Section        0  hc32_ll_interrupts.o(i.IRQ059_Handler)
    i.IRQ060_Handler                         0x0000259c   Section        0  hc32_ll_interrupts.o(i.IRQ060_Handler)
    i.IRQ061_Handler                         0x000025ac   Section        0  hc32_ll_interrupts.o(i.IRQ061_Handler)
    i.IRQ062_Handler                         0x000025bc   Section        0  hc32_ll_interrupts.o(i.IRQ062_Handler)
    i.IRQ063_Handler                         0x000025cc   Section        0  hc32_ll_interrupts.o(i.IRQ063_Handler)
    i.IRQ064_Handler                         0x000025dc   Section        0  hc32_ll_interrupts.o(i.IRQ064_Handler)
    i.IRQ065_Handler                         0x000025ec   Section        0  hc32_ll_interrupts.o(i.IRQ065_Handler)
    i.IRQ066_Handler                         0x000025fc   Section        0  hc32_ll_interrupts.o(i.IRQ066_Handler)
    i.IRQ067_Handler                         0x0000260c   Section        0  hc32_ll_interrupts.o(i.IRQ067_Handler)
    i.IRQ068_Handler                         0x0000261c   Section        0  hc32_ll_interrupts.o(i.IRQ068_Handler)
    i.IRQ069_Handler                         0x0000262c   Section        0  hc32_ll_interrupts.o(i.IRQ069_Handler)
    i.IRQ070_Handler                         0x0000263c   Section        0  hc32_ll_interrupts.o(i.IRQ070_Handler)
    i.IRQ071_Handler                         0x0000264c   Section        0  hc32_ll_interrupts.o(i.IRQ071_Handler)
    i.IRQ072_Handler                         0x0000265c   Section        0  hc32_ll_interrupts.o(i.IRQ072_Handler)
    i.IRQ073_Handler                         0x0000266c   Section        0  hc32_ll_interrupts.o(i.IRQ073_Handler)
    i.IRQ074_Handler                         0x0000267c   Section        0  hc32_ll_interrupts.o(i.IRQ074_Handler)
    i.IRQ075_Handler                         0x0000268c   Section        0  hc32_ll_interrupts.o(i.IRQ075_Handler)
    i.IRQ076_Handler                         0x0000269c   Section        0  hc32_ll_interrupts.o(i.IRQ076_Handler)
    i.IRQ077_Handler                         0x000026ac   Section        0  hc32_ll_interrupts.o(i.IRQ077_Handler)
    i.IRQ078_Handler                         0x000026bc   Section        0  hc32_ll_interrupts.o(i.IRQ078_Handler)
    i.IRQ079_Handler                         0x000026cc   Section        0  hc32_ll_interrupts.o(i.IRQ079_Handler)
    i.IRQ080_Handler                         0x000026dc   Section        0  hc32_ll_interrupts.o(i.IRQ080_Handler)
    i.IRQ081_Handler                         0x000026ec   Section        0  hc32_ll_interrupts.o(i.IRQ081_Handler)
    i.IRQ082_Handler                         0x000026fc   Section        0  hc32_ll_interrupts.o(i.IRQ082_Handler)
    i.IRQ083_Handler                         0x0000270c   Section        0  hc32_ll_interrupts.o(i.IRQ083_Handler)
    i.IRQ084_Handler                         0x0000271c   Section        0  hc32_ll_interrupts.o(i.IRQ084_Handler)
    i.IRQ085_Handler                         0x0000272c   Section        0  hc32_ll_interrupts.o(i.IRQ085_Handler)
    i.IRQ086_Handler                         0x0000273c   Section        0  hc32_ll_interrupts.o(i.IRQ086_Handler)
    i.IRQ087_Handler                         0x0000274c   Section        0  hc32_ll_interrupts.o(i.IRQ087_Handler)
    i.IRQ088_Handler                         0x0000275c   Section        0  hc32_ll_interrupts.o(i.IRQ088_Handler)
    i.IRQ089_Handler                         0x0000276c   Section        0  hc32_ll_interrupts.o(i.IRQ089_Handler)
    i.IRQ090_Handler                         0x0000277c   Section        0  hc32_ll_interrupts.o(i.IRQ090_Handler)
    i.IRQ091_Handler                         0x0000278c   Section        0  hc32_ll_interrupts.o(i.IRQ091_Handler)
    i.IRQ092_Handler                         0x0000279c   Section        0  hc32_ll_interrupts.o(i.IRQ092_Handler)
    i.IRQ093_Handler                         0x000027ac   Section        0  hc32_ll_interrupts.o(i.IRQ093_Handler)
    i.IRQ094_Handler                         0x000027bc   Section        0  hc32_ll_interrupts.o(i.IRQ094_Handler)
    i.IRQ095_Handler                         0x000027cc   Section        0  hc32_ll_interrupts.o(i.IRQ095_Handler)
    i.IRQ096_Handler                         0x000027dc   Section        0  hc32_ll_interrupts.o(i.IRQ096_Handler)
    i.IRQ097_Handler                         0x000027ec   Section        0  hc32_ll_interrupts.o(i.IRQ097_Handler)
    i.IRQ098_Handler                         0x000027fc   Section        0  hc32_ll_interrupts.o(i.IRQ098_Handler)
    i.IRQ099_Handler                         0x0000280c   Section        0  hc32_ll_interrupts.o(i.IRQ099_Handler)
    i.IRQ100_Handler                         0x0000281c   Section        0  hc32_ll_interrupts.o(i.IRQ100_Handler)
    i.IRQ101_Handler                         0x0000282c   Section        0  hc32_ll_interrupts.o(i.IRQ101_Handler)
    i.IRQ102_Handler                         0x0000283c   Section        0  hc32_ll_interrupts.o(i.IRQ102_Handler)
    i.IRQ103_Handler                         0x0000284c   Section        0  hc32_ll_interrupts.o(i.IRQ103_Handler)
    i.IRQ104_Handler                         0x0000285c   Section        0  hc32_ll_interrupts.o(i.IRQ104_Handler)
    i.IRQ105_Handler                         0x0000286c   Section        0  hc32_ll_interrupts.o(i.IRQ105_Handler)
    i.IRQ106_Handler                         0x0000287c   Section        0  hc32_ll_interrupts.o(i.IRQ106_Handler)
    i.IRQ107_Handler                         0x0000288c   Section        0  hc32_ll_interrupts.o(i.IRQ107_Handler)
    i.IRQ108_Handler                         0x0000289c   Section        0  hc32_ll_interrupts.o(i.IRQ108_Handler)
    i.IRQ109_Handler                         0x000028ac   Section        0  hc32_ll_interrupts.o(i.IRQ109_Handler)
    i.IRQ110_Handler                         0x000028bc   Section        0  hc32_ll_interrupts.o(i.IRQ110_Handler)
    i.IRQ111_Handler                         0x000028cc   Section        0  hc32_ll_interrupts.o(i.IRQ111_Handler)
    i.IRQ112_Handler                         0x000028dc   Section        0  hc32_ll_interrupts.o(i.IRQ112_Handler)
    i.IRQ113_Handler                         0x000028ec   Section        0  hc32_ll_interrupts.o(i.IRQ113_Handler)
    i.IRQ114_Handler                         0x000028fc   Section        0  hc32_ll_interrupts.o(i.IRQ114_Handler)
    i.IRQ115_Handler                         0x0000290c   Section        0  hc32_ll_interrupts.o(i.IRQ115_Handler)
    i.IRQ116_Handler                         0x0000291c   Section        0  hc32_ll_interrupts.o(i.IRQ116_Handler)
    i.IRQ117_Handler                         0x0000292c   Section        0  hc32_ll_interrupts.o(i.IRQ117_Handler)
    i.IRQ118_Handler                         0x0000293c   Section        0  hc32_ll_interrupts.o(i.IRQ118_Handler)
    i.IRQ119_Handler                         0x0000294c   Section        0  hc32_ll_interrupts.o(i.IRQ119_Handler)
    i.IRQ120_Handler                         0x0000295c   Section        0  hc32_ll_interrupts.o(i.IRQ120_Handler)
    i.IRQ121_Handler                         0x0000296c   Section        0  hc32_ll_interrupts.o(i.IRQ121_Handler)
    i.IRQ122_Handler                         0x0000297c   Section        0  hc32_ll_interrupts.o(i.IRQ122_Handler)
    i.IRQ123_Handler                         0x0000298c   Section        0  hc32_ll_interrupts.o(i.IRQ123_Handler)
    i.IRQ124_Handler                         0x0000299c   Section        0  hc32_ll_interrupts.o(i.IRQ124_Handler)
    i.IRQ125_Handler                         0x000029ac   Section        0  hc32_ll_interrupts.o(i.IRQ125_Handler)
    i.IRQ126_Handler                         0x000029bc   Section        0  hc32_ll_interrupts.o(i.IRQ126_Handler)
    i.IRQ127_Handler                         0x000029cc   Section        0  hc32_ll_interrupts.o(i.IRQ127_Handler)
    i.LL_PERIPH_WE                           0x000029dc   Section        0  hc32_ll.o(i.LL_PERIPH_WE)
    i.LL_PERIPH_WP                           0x00002a6c   Section        0  hc32_ll.o(i.LL_PERIPH_WP)
    i.LL_PrintfInit                          0x00002af4   Section        0  hc32_ll_utility.o(i.LL_PrintfInit)
    i.PWC_HighSpeedToHighPerformance         0x00002b9c   Section        0  hc32_ll_pwc.o(i.PWC_HighSpeedToHighPerformance)
    i.PWC_REG_Lock                           0x00002c14   Section        0  hc32_ll.o(i.PWC_REG_Lock)
    PWC_REG_Lock                             0x00002c15   Thumb Code    18  hc32_ll.o(i.PWC_REG_Lock)
    i.PWC_REG_Unlock                         0x00002c30   Section        0  hc32_ll.o(i.PWC_REG_Unlock)
    PWC_REG_Unlock                           0x00002c31   Thumb Code    14  hc32_ll.o(i.PWC_REG_Unlock)
    i.RTC_CalendarConfig                     0x00002c48   Section        0  apprtc.o(i.RTC_CalendarConfig)
    RTC_CalendarConfig                       0x00002c49   Thumb Code    80  apprtc.o(i.RTC_CalendarConfig)
    i.RTC_Cmd                                0x00002cc0   Section        0  hc32_ll_rtc.o(i.RTC_Cmd)
    i.RTC_DeInit                             0x00002d14   Section        0  hc32_ll_rtc.o(i.RTC_DeInit)
    i.RTC_DisplayWeekday                     0x00002da4   Section        0  apprtc.o(i.RTC_DisplayWeekday)
    RTC_DisplayWeekday                       0x00002da5   Thumb Code    82  apprtc.o(i.RTC_DisplayWeekday)
    i.RTC_EnterRwMode                        0x00002e4c   Section        0  hc32_ll_rtc.o(i.RTC_EnterRwMode)
    i.RTC_ExitRwMode                         0x00002eb0   Section        0  hc32_ll_rtc.o(i.RTC_ExitRwMode)
    i.RTC_GetCounterState                    0x00002f14   Section        0  hc32_ll_rtc.o(i.RTC_GetCounterState)
    i.RTC_GetDate                            0x00002f24   Section        0  hc32_ll_rtc.o(i.RTC_GetDate)
    i.RTC_GetTime                            0x00002ff4   Section        0  hc32_ll_rtc.o(i.RTC_GetTime)
    i.RTC_Init                               0x000030e4   Section        0  hc32_ll_rtc.o(i.RTC_Init)
    i.RTC_IntCmd                             0x0000322c   Section        0  hc32_ll_rtc.o(i.RTC_IntCmd)
    i.RTC_Period_IrqCallback                 0x000032b8   Section        0  apprtc.o(i.RTC_Period_IrqCallback)
    i.RTC_SetDate                            0x000032c4   Section        0  hc32_ll_rtc.o(i.RTC_SetDate)
    i.RTC_SetTime                            0x000034a0   Section        0  hc32_ll_rtc.o(i.RTC_SetTime)
    i.RTC_StructInit                         0x000036d8   Section        0  hc32_ll_rtc.o(i.RTC_StructInit)
    i.SRAM_SetWaitCycle                      0x000036f8   Section        0  hc32_ll_sram.o(i.SRAM_SetWaitCycle)
    i.SetSysClockDiv                         0x000037e4   Section        0  hc32_ll_clk.o(i.SetSysClockDiv)
    SetSysClockDiv                           0x000037e5   Thumb Code   820  hc32_ll_clk.o(i.SetSysClockDiv)
    i.SetSysClockSrc                         0x00003b60   Section        0  hc32_ll_clk.o(i.SetSysClockSrc)
    SetSysClockSrc                           0x00003b61   Thumb Code   270  hc32_ll_clk.o(i.SetSysClockSrc)
    i.SmartCard_CalculateDiv                 0x00003cb4   Section        0  hc32_ll_usart.o(i.SmartCard_CalculateDiv)
    SmartCard_CalculateDiv                   0x00003cb5   Thumb Code    86  hc32_ll_usart.o(i.SmartCard_CalculateDiv)
    i.SmartCard_CalculateDivFraction         0x00003d1c   Section        0  hc32_ll_usart.o(i.SmartCard_CalculateDivFraction)
    SmartCard_CalculateDivFraction           0x00003d1d   Thumb Code   388  hc32_ll_usart.o(i.SmartCard_CalculateDivFraction)
    i.SmartCard_CalculateDivInteger          0x00003ee8   Section        0  hc32_ll_usart.o(i.SmartCard_CalculateDivInteger)
    SmartCard_CalculateDivInteger            0x00003ee9   Thumb Code   300  hc32_ll_usart.o(i.SmartCard_CalculateDivInteger)
    i.SystemCoreClockUpdate                  0x0000405c   Section        0  system_hc32f460.o(i.SystemCoreClockUpdate)
    i.SystemInit                             0x00004128   Section        0  system_hc32f460.o(i.SystemInit)
    i.UART_CalculateDiv                      0x0000413c   Section        0  hc32_ll_usart.o(i.UART_CalculateDiv)
    UART_CalculateDiv                        0x0000413d   Thumb Code    86  hc32_ll_usart.o(i.UART_CalculateDiv)
    i.UART_CalculateDivFraction              0x000041a4   Section        0  hc32_ll_usart.o(i.UART_CalculateDivFraction)
    UART_CalculateDivFraction                0x000041a5   Thumb Code   410  hc32_ll_usart.o(i.UART_CalculateDivFraction)
    i.UART_CalculateDivInteger               0x00004384   Section        0  hc32_ll_usart.o(i.UART_CalculateDivInteger)
    UART_CalculateDivInteger                 0x00004385   Thumb Code   276  hc32_ll_usart.o(i.UART_CalculateDivInteger)
    i.USART_FuncCmd                          0x000044dc   Section        0  hc32_ll_usart.o(i.USART_FuncCmd)
    i.USART_GetBusClockFreq                  0x0000459c   Section        0  hc32_ll_usart.o(i.USART_GetBusClockFreq)
    USART_GetBusClockFreq                    0x0000459d   Thumb Code    20  hc32_ll_usart.o(i.USART_GetBusClockFreq)
    i.USART_GetClockDiv                      0x000045b8   Section        0  hc32_ll_usart.o(i.USART_GetClockDiv)
    i.USART_GetUsartClockDiv                 0x00004630   Section        0  hc32_ll_usart.o(i.USART_GetUsartClockDiv)
    USART_GetUsartClockDiv                   0x00004631   Thumb Code    22  hc32_ll_usart.o(i.USART_GetUsartClockDiv)
    i.USART_GetUsartClockFreq                0x00004648   Section        0  hc32_ll_usart.o(i.USART_GetUsartClockFreq)
    USART_GetUsartClockFreq                  0x00004649   Thumb Code    72  hc32_ll_usart.o(i.USART_GetUsartClockFreq)
    i.USART_SetBaudrate                      0x000046d4   Section        0  hc32_ll_usart.o(i.USART_SetBaudrate)
    i.USART_SetClockDiv                      0x000047f4   Section        0  hc32_ll_usart.o(i.USART_SetClockDiv)
    i.USART_UART_Init                        0x00004884   Section        0  hc32_ll_usart.o(i.USART_UART_Init)
    i.USART_UART_StructInit                  0x00004a7c   Section        0  hc32_ll_usart.o(i.USART_UART_StructInit)
    i.WDT_Config                             0x00004aaa   Section        0  main.o(i.WDT_Config)
    WDT_Config                               0x00004aab   Thumb Code    38  main.o(i.WDT_Config)
    i.WDT_FeedDog                            0x00004ad0   Section        0  hc32_ll_wdt.o(i.WDT_FeedDog)
    i.WDT_Init                               0x00004ae4   Section        0  hc32_ll_wdt.o(i.WDT_Init)
    i.__0printf$6                            0x00004c70   Section        0  printf6.o(i.__0printf$6)
    i.__NVIC_ClearPendingIRQ                 0x00004c90   Section        0  ev_hc32f460_lqfp100_v2.o(i.__NVIC_ClearPendingIRQ)
    __NVIC_ClearPendingIRQ                   0x00004c91   Thumb Code    22  ev_hc32f460_lqfp100_v2.o(i.__NVIC_ClearPendingIRQ)
    i.__NVIC_EnableIRQ                       0x00004cac   Section        0  ev_hc32f460_lqfp100_v2.o(i.__NVIC_EnableIRQ)
    __NVIC_EnableIRQ                         0x00004cad   Thumb Code    34  ev_hc32f460_lqfp100_v2.o(i.__NVIC_EnableIRQ)
    i.__NVIC_SetPriority                     0x00004cd0   Section        0  ev_hc32f460_lqfp100_v2.o(i.__NVIC_SetPriority)
    __NVIC_SetPriority                       0x00004cd1   Thumb Code    32  ev_hc32f460_lqfp100_v2.o(i.__NVIC_SetPriority)
    i.__scatterload_copy                     0x00004cf8   Section       14  handlers.o(i.__scatterload_copy)
    i.__scatterload_zeroinit                 0x00004d06   Section       14  handlers.o(i.__scatterload_zeroinit)
    i._printf_core                           0x00004d14   Section        0  printf6.o(i._printf_core)
    _printf_core                             0x00004d15   Thumb Code   748  printf6.o(i._printf_core)
    i._printf_post_padding                   0x00005004   Section        0  printf6.o(i._printf_post_padding)
    _printf_post_padding                     0x00005005   Thumb Code    36  printf6.o(i._printf_post_padding)
    i._printf_pre_padding                    0x00005028   Section        0  printf6.o(i._printf_pre_padding)
    _printf_pre_padding                      0x00005029   Thumb Code    46  printf6.o(i._printf_pre_padding)
    i.fputc                                  0x00005056   Section        0  hc32_ll_utility.o(i.fputc)
    i.main                                   0x00005070   Section        0  main.o(i.main)
    .constdata                               0x000050d4   Section        8  ev_hc32f460_lqfp100_v2.o(.constdata)
    BSP_LED_PORT_PIN                         0x000050d4   Data           8  ev_hc32f460_lqfp100_v2.o(.constdata)
    .constdata                               0x000050dc   Section       32  hc32_ll_usart.o(.constdata)
    .bss.noinit                              0x1fff8000   Section        8  system_hc32f460.o(.bss.noinit)
    .data                                    0x1fff8008   Section       16  hc32_ll_utility.o(.data)
    m_u32TickStep                            0x1fff8008   Data           4  hc32_ll_utility.o(.data)
    m_u32TickCount                           0x1fff800c   Data           4  hc32_ll_utility.o(.data)
    m_pvPrintDevice                          0x1fff8010   Data           4  hc32_ll_utility.o(.data)
    m_u32PrintTimeout                        0x1fff8014   Data           4  hc32_ll_utility.o(.data)
    .data                                    0x1fff8018   Section        1  apprtc.o(.data)
    u8SecIntFlag                             0x1fff8018   Data           1  apprtc.o(.data)
    .data                                    0x1fff801c   Section        4  stdout.o(.data)
    .bss                                     0x1fff8020   Section      512  hc32_ll_interrupts.o(.bss)
    m_apfnIrqHandler                         0x1fff8020   Data         512  hc32_ll_interrupts.o(.bss)
    STACK                                    0x1fff8220   Section    20480  startup_hc32f460.o(STACK)

    Global Symbols

    Symbol Name                              Value     Ov Type        Size  Object(Section)

    BuildAttributes$$THM_ISAv4$E$P$D$K$B$S$7EM$PE$A:L22UL41UL21$X:L11$S22US41US21$IEEE1$IW$USESV6$~STKCKD$USESV7$~SHL$OTIME$ROPI$EBA8$MICROLIB$REQ8$PRES8$EABIv2 0x00000000   Number         0  anon$$obj.o ABSOLUTE
    __ARM_use_no_argv                        0x00000000   Number         0  main.o ABSOLUTE
    __Vectors                                0x00000000   Data           4  startup_hc32f460.o(RESET)
    _printf_a                                0x00000000   Number         0  stubs.o ABSOLUTE
    _printf_c                                0x00000000   Number         0  stubs.o ABSOLUTE
    _printf_charcount                        0x00000000   Number         0  stubs.o ABSOLUTE
    _printf_d                                0x00000000   Number         0  stubs.o ABSOLUTE
    _printf_e                                0x00000000   Number         0  stubs.o ABSOLUTE
    _printf_f                                0x00000000   Number         0  stubs.o ABSOLUTE
    _printf_flags                            0x00000000   Number         0  stubs.o ABSOLUTE
    _printf_fp_dec                           0x00000000   Number         0  stubs.o ABSOLUTE
    _printf_fp_hex                           0x00000000   Number         0  stubs.o ABSOLUTE
    _printf_g                                0x00000000   Number         0  stubs.o ABSOLUTE
    _printf_i                                0x00000000   Number         0  stubs.o ABSOLUTE
    _printf_int_dec                          0x00000000   Number         0  stubs.o ABSOLUTE
    _printf_l                                0x00000000   Number         0  stubs.o ABSOLUTE
    _printf_lc                               0x00000000   Number         0  stubs.o ABSOLUTE
    _printf_ll                               0x00000000   Number         0  stubs.o ABSOLUTE
    _printf_lld                              0x00000000   Number         0  stubs.o ABSOLUTE
    _printf_lli                              0x00000000   Number         0  stubs.o ABSOLUTE
    _printf_llo                              0x00000000   Number         0  stubs.o ABSOLUTE
    _printf_llu                              0x00000000   Number         0  stubs.o ABSOLUTE
    _printf_llx                              0x00000000   Number         0  stubs.o ABSOLUTE
    _printf_longlong_dec                     0x00000000   Number         0  stubs.o ABSOLUTE
    _printf_longlong_hex                     0x00000000   Number         0  stubs.o ABSOLUTE
    _printf_longlong_oct                     0x00000000   Number         0  stubs.o ABSOLUTE
    _printf_ls                               0x00000000   Number         0  stubs.o ABSOLUTE
    _printf_mbtowc                           0x00000000   Number         0  stubs.o ABSOLUTE
    _printf_n                                0x00000000   Number         0  stubs.o ABSOLUTE
    _printf_o                                0x00000000   Number         0  stubs.o ABSOLUTE
    _printf_p                                0x00000000   Number         0  stubs.o ABSOLUTE
    _printf_percent                          0x00000000   Number         0  stubs.o ABSOLUTE
    _printf_pre_padding                      0x00000000   Number         0  stubs.o ABSOLUTE
    _printf_return_value                     0x00000000   Number         0  stubs.o ABSOLUTE
    _printf_s                                0x00000000   Number         0  stubs.o ABSOLUTE
    _printf_sizespec                         0x00000000   Number         0  stubs.o ABSOLUTE
    _printf_str                              0x00000000   Number         0  stubs.o ABSOLUTE
    _printf_truncate_signed                  0x00000000   Number         0  stubs.o ABSOLUTE
    _printf_truncate_unsigned                0x00000000   Number         0  stubs.o ABSOLUTE
    _printf_u                                0x00000000   Number         0  stubs.o ABSOLUTE
    _printf_wc                               0x00000000   Number         0  stubs.o ABSOLUTE
    _printf_wctomb                           0x00000000   Number         0  stubs.o ABSOLUTE
    _printf_widthprec                        0x00000000   Number         0  stubs.o ABSOLUTE
    _printf_x                                0x00000000   Number         0  stubs.o ABSOLUTE
    __arm_fini_                               - Undefined Weak Reference
    __cpp_initialize__aeabi_                  - Undefined Weak Reference
    __cxa_finalize                            - Undefined Weak Reference
    __decompress                              - Undefined Weak Reference
    _clock_init                               - Undefined Weak Reference
    _microlib_exit                            - Undefined Weak Reference
    __Vectors_End                            0x00000280   Data           0  startup_hc32f460.o(RESET)
    __Vectors_Size                           0x00000280   Number         0  startup_hc32f460.o ABSOLUTE
    __main                                   0x00000281   Thumb Code     0  entry.o(.ARM.Collect$$$$00000000)
    _main_stk                                0x00000281   Thumb Code     0  entry2.o(.ARM.Collect$$$$00000001)
    _main_scatterload                        0x00000285   Thumb Code     0  entry5.o(.ARM.Collect$$$$00000004)
    __main_after_scatterload                 0x00000289   Thumb Code     0  entry5.o(.ARM.Collect$$$$00000004)
    _main_clock                              0x00000289   Thumb Code     0  entry7b.o(.ARM.Collect$$$$00000008)
    _main_cpp_init                           0x00000289   Thumb Code     0  entry8b.o(.ARM.Collect$$$$0000000A)
    _main_init                               0x00000289   Thumb Code     0  entry9a.o(.ARM.Collect$$$$0000000B)
    __rt_lib_shutdown_fini                   0x00000291   Thumb Code     0  entry12b.o(.ARM.Collect$$$$0000000E)
    __rt_final_cpp                           0x00000295   Thumb Code     0  entry10a.o(.ARM.Collect$$$$0000000F)
    __rt_final_exit                          0x00000295   Thumb Code     0  entry11a.o(.ARM.Collect$$$$00000011)
    Reset_Handler                            0x00000299   Thumb Code    48  startup_hc32f460.o(.text)
    NMI_Handler                              0x000002c9   Thumb Code     2  startup_hc32f460.o(.text)
    HardFault_Handler                        0x000002cb   Thumb Code     2  startup_hc32f460.o(.text)
    MemManage_Handler                        0x000002cd   Thumb Code     2  startup_hc32f460.o(.text)
    BusFault_Handler                         0x000002cf   Thumb Code     2  startup_hc32f460.o(.text)
    UsageFault_Handler                       0x000002d1   Thumb Code     2  startup_hc32f460.o(.text)
    SVC_Handler                              0x000002d3   Thumb Code     2  startup_hc32f460.o(.text)
    DebugMon_Handler                         0x000002d5   Thumb Code     2  startup_hc32f460.o(.text)
    PendSV_Handler                           0x000002d7   Thumb Code     2  startup_hc32f460.o(.text)
    SysTick_Handler                          0x000002d9   Thumb Code     2  startup_hc32f460.o(.text)
    IRQ128_Handler                           0x000002db   Thumb Code     0  startup_hc32f460.o(.text)
    IRQ129_Handler                           0x000002db   Thumb Code     0  startup_hc32f460.o(.text)
    IRQ130_Handler                           0x000002db   Thumb Code     0  startup_hc32f460.o(.text)
    IRQ131_Handler                           0x000002db   Thumb Code     0  startup_hc32f460.o(.text)
    IRQ132_Handler                           0x000002db   Thumb Code     0  startup_hc32f460.o(.text)
    IRQ133_Handler                           0x000002db   Thumb Code     0  startup_hc32f460.o(.text)
    IRQ134_Handler                           0x000002db   Thumb Code     0  startup_hc32f460.o(.text)
    IRQ135_Handler                           0x000002db   Thumb Code     0  startup_hc32f460.o(.text)
    IRQ136_Handler                           0x000002db   Thumb Code     0  startup_hc32f460.o(.text)
    IRQ137_Handler                           0x000002db   Thumb Code     0  startup_hc32f460.o(.text)
    IRQ138_Handler                           0x000002db   Thumb Code     0  startup_hc32f460.o(.text)
    IRQ139_Handler                           0x000002db   Thumb Code     0  startup_hc32f460.o(.text)
    IRQ140_Handler                           0x000002db   Thumb Code     0  startup_hc32f460.o(.text)
    IRQ141_Handler                           0x000002db   Thumb Code     0  startup_hc32f460.o(.text)
    IRQ142_Handler                           0x000002db   Thumb Code     0  startup_hc32f460.o(.text)
    IRQ143_Handler                           0x000002db   Thumb Code     0  startup_hc32f460.o(.text)
    __aeabi_uldivmod                         0x000002f1   Thumb Code    98  uldiv.o(.text)
    __aeabi_ui2d                             0x00000353   Thumb Code    26  dfltui.o(.text)
    __aeabi_ul2d                             0x0000036d   Thumb Code    24  dfltul.o(.text)
    __aeabi_d2f                              0x00000385   Thumb Code    56  d2f.o(.text)
    __aeabi_cfcmpeq                          0x000003bd   Thumb Code     0  cfcmple.o(.text)
    __aeabi_cfcmple                          0x000003bd   Thumb Code    20  cfcmple.o(.text)
    __aeabi_uidiv                            0x000003d1   Thumb Code     0  uidiv.o(.text)
    __aeabi_uidivmod                         0x000003d1   Thumb Code    44  uidiv.o(.text)
    __I$use$fp                               0x000003fd   Thumb Code     0  iusefp.o(.text)
    __scatterload_null                       0x000003fd   Thumb Code     2  handlers.o(i.__scatterload_null)
    u32ICGValue                              0x00000400   Data          32  hc32_ll_icg.o(.ARM.__AT_0x00000400)
    __aeabi_fadd                             0x00000421   Thumb Code   164  fadd.o(.text)
    __aeabi_fsub                             0x000004c5   Thumb Code     6  fadd.o(.text)
    __aeabi_frsub                            0x000004cb   Thumb Code     6  fadd.o(.text)
    __aeabi_ddiv                             0x000004d1   Thumb Code   222  ddiv.o(.text)
    __aeabi_llsl                             0x000005af   Thumb Code    30  llshl.o(.text)
    _ll_shift_l                              0x000005af   Thumb Code     0  llshl.o(.text)
    __aeabi_llsr                             0x000005cd   Thumb Code    32  llushr.o(.text)
    _ll_ushift_r                             0x000005cd   Thumb Code     0  llushr.o(.text)
    _float_round                             0x000005ed   Thumb Code    18  fepilogue.o(.text)
    _float_epilogue                          0x000005ff   Thumb Code    92  fepilogue.o(.text)
    _double_round                            0x0000065b   Thumb Code    30  depilogue.o(.text)
    _double_epilogue                         0x00000679   Thumb Code   156  depilogue.o(.text)
    __scatterload                            0x00000715   Thumb Code    28  init.o(.text)
    __scatterload_rt2                        0x00000715   Thumb Code     0  init.o(.text)
    APP_RTCdisp_time                         0x00000739   Thumb Code   104  apprtc.o(i.APP_RTCdisp_time)
    APP_RtcInit                              0x000007f1   Thumb Code   218  apprtc.o(i.APP_RtcInit)
    BSP_CLK_Init                             0x000008f1   Thumb Code   222  ev_hc32f460_lqfp100_v2.o(i.BSP_CLK_Init)
    BSP_KEY_Init                             0x000009d9   Thumb Code   184  ev_hc32f460_lqfp100_v2.o(i.BSP_KEY_Init)
    BSP_LED_Init                             0x00000a99   Thumb Code    52  ev_hc32f460_lqfp100_v2.o(i.BSP_LED_Init)
    BSP_LED_Toggle                           0x00000ad1   Thumb Code    46  ev_hc32f460_lqfp100_v2.o(i.BSP_LED_Toggle)
    BSP_PRINTF_Preinit                       0x00000b05   Thumb Code   132  ev_hc32f460_lqfp100_v2.o(i.BSP_PRINTF_Preinit)
    CLK_GetStableStatus                      0x00000bad   Thumb Code    46  hc32_ll_clk.o(i.CLK_GetStableStatus)
    CLK_LrcCmd                               0x00000c11   Thumb Code   102  hc32_ll_clk.o(i.CLK_LrcCmd)
    CLK_LrcTrim                              0x00000cb1   Thumb Code    38  hc32_ll_clk.o(i.CLK_LrcTrim)
    CLK_PLLCmd                               0x00000d0d   Thumb Code   146  hc32_ll_clk.o(i.CLK_PLLCmd)
    CLK_PLLInit                              0x00000dd9   Thumb Code   596  hc32_ll_clk.o(i.CLK_PLLInit)
    CLK_PLLStructInit                        0x00001081   Thumb Code    82  hc32_ll_clk.o(i.CLK_PLLStructInit)
    CLK_SetClockDiv                          0x000010d3   Thumb Code    20  hc32_ll_clk.o(i.CLK_SetClockDiv)
    CLK_SetSysClockSrc                       0x000010e7   Thumb Code    16  hc32_ll_clk.o(i.CLK_SetSysClockSrc)
    CLK_Xtal32Cmd                            0x00001129   Thumb Code   102  hc32_ll_clk.o(i.CLK_Xtal32Cmd)
    CLK_Xtal32Init                           0x000011c9   Thumb Code   162  hc32_ll_clk.o(i.CLK_Xtal32Init)
    CLK_Xtal32StructInit                     0x000012a1   Thumb Code    20  hc32_ll_clk.o(i.CLK_Xtal32StructInit)
    CLK_XtalCmd                              0x000012b5   Thumb Code   144  hc32_ll_clk.o(i.CLK_XtalCmd)
    CLK_XtalInit                             0x0000137d   Thumb Code   272  hc32_ll_clk.o(i.CLK_XtalInit)
    CLK_XtalStructInit                       0x000014c5   Thumb Code    30  hc32_ll_clk.o(i.CLK_XtalStructInit)
    DDL_AssertHandler                        0x000017e5   Thumb Code    20  hc32_ll_utility.o(i.DDL_AssertHandler)
    DDL_ConsoleOutputChar                    0x00001829   Thumb Code    68  hc32_ll_utility.o(i.DDL_ConsoleOutputChar)
    DDL_DelayUS                              0x00001875   Thumb Code    52  hc32_ll_utility.o(i.DDL_DelayUS)
    EFM_SetWaitCycle                         0x000018b5   Thumb Code   126  hc32_ll_efm.o(i.EFM_SetWaitCycle)
    EXTINT_ClearExtIntStatus                 0x00001971   Thumb Code    48  hc32_ll_interrupts.o(i.EXTINT_ClearExtIntStatus)
    EXTINT_GetExtIntStatus                   0x000019dd   Thumb Code    52  hc32_ll_interrupts.o(i.EXTINT_GetExtIntStatus)
    EXTINT_Init                              0x00001a4d   Thumb Code   204  hc32_ll_interrupts.o(i.EXTINT_Init)
    EXTINT_StructInit                        0x00001b55   Thumb Code    20  hc32_ll_interrupts.o(i.EXTINT_StructInit)
    ExtInt04_Callback                        0x00001b69   Thumb Code    30  ev_hc32f460_lqfp100_v2.o(i.ExtInt04_Callback)
    ExtInt05_Callback                        0x00001b87   Thumb Code    28  ev_hc32f460_lqfp100_v2.o(i.ExtInt05_Callback)
    FCG_Fcg1PeriphClockCmd                   0x00001ba5   Thumb Code    80  hc32_ll_fcg.o(i.FCG_Fcg1PeriphClockCmd)
    GPIO_Init                                0x00001c2d   Thumb Code   448  hc32_ll_gpio.o(i.GPIO_Init)
    GPIO_ReadInputPins                       0x00001e21   Thumb Code    88  hc32_ll_gpio.o(i.GPIO_ReadInputPins)
    GPIO_SetFunc                             0x00001ead   Thumb Code   164  hc32_ll_gpio.o(i.GPIO_SetFunc)
    GPIO_SetReadWaitCycle                    0x00001f85   Thumb Code    90  hc32_ll_gpio.o(i.GPIO_SetReadWaitCycle)
    GPIO_StructInit                          0x00002015   Thumb Code    32  hc32_ll_gpio.o(i.GPIO_StructInit)
    GPIO_TogglePins                          0x00002035   Thumb Code    82  hc32_ll_gpio.o(i.GPIO_TogglePins)
    INTC_IrqSignIn                           0x000020bd   Thumb Code   168  hc32_ll_interrupts.o(i.INTC_IrqSignIn)
    INTC_IrqSignOut                          0x000021a5   Thumb Code    46  hc32_ll_interrupts.o(i.INTC_IrqSignOut)
    IRQ000_Handler                           0x000021dd   Thumb Code    10  hc32_ll_interrupts.o(i.IRQ000_Handler)
    IRQ001_Handler                           0x000021ed   Thumb Code    10  hc32_ll_interrupts.o(i.IRQ001_Handler)
    IRQ002_Handler                           0x000021fd   Thumb Code    10  hc32_ll_interrupts.o(i.IRQ002_Handler)
    IRQ003_Handler                           0x0000220d   Thumb Code    10  hc32_ll_interrupts.o(i.IRQ003_Handler)
    IRQ004_Handler                           0x0000221d   Thumb Code    10  hc32_ll_interrupts.o(i.IRQ004_Handler)
    IRQ005_Handler                           0x0000222d   Thumb Code    10  hc32_ll_interrupts.o(i.IRQ005_Handler)
    IRQ006_Handler                           0x0000223d   Thumb Code    10  hc32_ll_interrupts.o(i.IRQ006_Handler)
    IRQ007_Handler                           0x0000224d   Thumb Code    10  hc32_ll_interrupts.o(i.IRQ007_Handler)
    IRQ008_Handler                           0x0000225d   Thumb Code    10  hc32_ll_interrupts.o(i.IRQ008_Handler)
    IRQ009_Handler                           0x0000226d   Thumb Code    10  hc32_ll_interrupts.o(i.IRQ009_Handler)
    IRQ010_Handler                           0x0000227d   Thumb Code    10  hc32_ll_interrupts.o(i.IRQ010_Handler)
    IRQ011_Handler                           0x0000228d   Thumb Code    10  hc32_ll_interrupts.o(i.IRQ011_Handler)
    IRQ012_Handler                           0x0000229d   Thumb Code    10  hc32_ll_interrupts.o(i.IRQ012_Handler)
    IRQ013_Handler                           0x000022ad   Thumb Code    10  hc32_ll_interrupts.o(i.IRQ013_Handler)
    IRQ014_Handler                           0x000022bd   Thumb Code    10  hc32_ll_interrupts.o(i.IRQ014_Handler)
    IRQ015_Handler                           0x000022cd   Thumb Code    10  hc32_ll_interrupts.o(i.IRQ015_Handler)
    IRQ016_Handler                           0x000022dd   Thumb Code    10  hc32_ll_interrupts.o(i.IRQ016_Handler)
    IRQ017_Handler                           0x000022ed   Thumb Code    10  hc32_ll_interrupts.o(i.IRQ017_Handler)
    IRQ018_Handler                           0x000022fd   Thumb Code    10  hc32_ll_interrupts.o(i.IRQ018_Handler)
    IRQ019_Handler                           0x0000230d   Thumb Code    10  hc32_ll_interrupts.o(i.IRQ019_Handler)
    IRQ020_Handler                           0x0000231d   Thumb Code    10  hc32_ll_interrupts.o(i.IRQ020_Handler)
    IRQ021_Handler                           0x0000232d   Thumb Code    10  hc32_ll_interrupts.o(i.IRQ021_Handler)
    IRQ022_Handler                           0x0000233d   Thumb Code    10  hc32_ll_interrupts.o(i.IRQ022_Handler)
    IRQ023_Handler                           0x0000234d   Thumb Code    10  hc32_ll_interrupts.o(i.IRQ023_Handler)
    IRQ024_Handler                           0x0000235d   Thumb Code    10  hc32_ll_interrupts.o(i.IRQ024_Handler)
    IRQ025_Handler                           0x0000236d   Thumb Code    10  hc32_ll_interrupts.o(i.IRQ025_Handler)
    IRQ026_Handler                           0x0000237d   Thumb Code    10  hc32_ll_interrupts.o(i.IRQ026_Handler)
    IRQ027_Handler                           0x0000238d   Thumb Code    10  hc32_ll_interrupts.o(i.IRQ027_Handler)
    IRQ028_Handler                           0x0000239d   Thumb Code    10  hc32_ll_interrupts.o(i.IRQ028_Handler)
    IRQ029_Handler                           0x000023ad   Thumb Code    10  hc32_ll_interrupts.o(i.IRQ029_Handler)
    IRQ030_Handler                           0x000023bd   Thumb Code    10  hc32_ll_interrupts.o(i.IRQ030_Handler)
    IRQ031_Handler                           0x000023cd   Thumb Code    10  hc32_ll_interrupts.o(i.IRQ031_Handler)
    IRQ032_Handler                           0x000023dd   Thumb Code    12  hc32_ll_interrupts.o(i.IRQ032_Handler)
    IRQ033_Handler                           0x000023ed   Thumb Code    12  hc32_ll_interrupts.o(i.IRQ033_Handler)
    IRQ034_Handler                           0x000023fd   Thumb Code    12  hc32_ll_interrupts.o(i.IRQ034_Handler)
    IRQ035_Handler                           0x0000240d   Thumb Code    12  hc32_ll_interrupts.o(i.IRQ035_Handler)
    IRQ036_Handler                           0x0000241d   Thumb Code    12  hc32_ll_interrupts.o(i.IRQ036_Handler)
    IRQ037_Handler                           0x0000242d   Thumb Code    12  hc32_ll_interrupts.o(i.IRQ037_Handler)
    IRQ038_Handler                           0x0000243d   Thumb Code    12  hc32_ll_interrupts.o(i.IRQ038_Handler)
    IRQ039_Handler                           0x0000244d   Thumb Code    12  hc32_ll_interrupts.o(i.IRQ039_Handler)
    IRQ040_Handler                           0x0000245d   Thumb Code    12  hc32_ll_interrupts.o(i.IRQ040_Handler)
    IRQ041_Handler                           0x0000246d   Thumb Code    12  hc32_ll_interrupts.o(i.IRQ041_Handler)
    IRQ042_Handler                           0x0000247d   Thumb Code    12  hc32_ll_interrupts.o(i.IRQ042_Handler)
    IRQ043_Handler                           0x0000248d   Thumb Code    12  hc32_ll_interrupts.o(i.IRQ043_Handler)
    IRQ044_Handler                           0x0000249d   Thumb Code    12  hc32_ll_interrupts.o(i.IRQ044_Handler)
    IRQ045_Handler                           0x000024ad   Thumb Code    12  hc32_ll_interrupts.o(i.IRQ045_Handler)
    IRQ046_Handler                           0x000024bd   Thumb Code    12  hc32_ll_interrupts.o(i.IRQ046_Handler)
    IRQ047_Handler                           0x000024cd   Thumb Code    12  hc32_ll_interrupts.o(i.IRQ047_Handler)
    IRQ048_Handler                           0x000024dd   Thumb Code    12  hc32_ll_interrupts.o(i.IRQ048_Handler)
    IRQ049_Handler                           0x000024ed   Thumb Code    12  hc32_ll_interrupts.o(i.IRQ049_Handler)
    IRQ050_Handler                           0x000024fd   Thumb Code    12  hc32_ll_interrupts.o(i.IRQ050_Handler)
    IRQ051_Handler                           0x0000250d   Thumb Code    12  hc32_ll_interrupts.o(i.IRQ051_Handler)
    IRQ052_Handler                           0x0000251d   Thumb Code    12  hc32_ll_interrupts.o(i.IRQ052_Handler)
    IRQ053_Handler                           0x0000252d   Thumb Code    12  hc32_ll_interrupts.o(i.IRQ053_Handler)
    IRQ054_Handler                           0x0000253d   Thumb Code    12  hc32_ll_interrupts.o(i.IRQ054_Handler)
    IRQ055_Handler                           0x0000254d   Thumb Code    12  hc32_ll_interrupts.o(i.IRQ055_Handler)
    IRQ056_Handler                           0x0000255d   Thumb Code    12  hc32_ll_interrupts.o(i.IRQ056_Handler)
    IRQ057_Handler                           0x0000256d   Thumb Code    12  hc32_ll_interrupts.o(i.IRQ057_Handler)
    IRQ058_Handler                           0x0000257d   Thumb Code    12  hc32_ll_interrupts.o(i.IRQ058_Handler)
    IRQ059_Handler                           0x0000258d   Thumb Code    12  hc32_ll_interrupts.o(i.IRQ059_Handler)
    IRQ060_Handler                           0x0000259d   Thumb Code    12  hc32_ll_interrupts.o(i.IRQ060_Handler)
    IRQ061_Handler                           0x000025ad   Thumb Code    12  hc32_ll_interrupts.o(i.IRQ061_Handler)
    IRQ062_Handler                           0x000025bd   Thumb Code    12  hc32_ll_interrupts.o(i.IRQ062_Handler)
    IRQ063_Handler                           0x000025cd   Thumb Code    12  hc32_ll_interrupts.o(i.IRQ063_Handler)
    IRQ064_Handler                           0x000025dd   Thumb Code    12  hc32_ll_interrupts.o(i.IRQ064_Handler)
    IRQ065_Handler                           0x000025ed   Thumb Code    12  hc32_ll_interrupts.o(i.IRQ065_Handler)
    IRQ066_Handler                           0x000025fd   Thumb Code    12  hc32_ll_interrupts.o(i.IRQ066_Handler)
    IRQ067_Handler                           0x0000260d   Thumb Code    12  hc32_ll_interrupts.o(i.IRQ067_Handler)
    IRQ068_Handler                           0x0000261d   Thumb Code    12  hc32_ll_interrupts.o(i.IRQ068_Handler)
    IRQ069_Handler                           0x0000262d   Thumb Code    12  hc32_ll_interrupts.o(i.IRQ069_Handler)
    IRQ070_Handler                           0x0000263d   Thumb Code    12  hc32_ll_interrupts.o(i.IRQ070_Handler)
    IRQ071_Handler                           0x0000264d   Thumb Code    12  hc32_ll_interrupts.o(i.IRQ071_Handler)
    IRQ072_Handler                           0x0000265d   Thumb Code    12  hc32_ll_interrupts.o(i.IRQ072_Handler)
    IRQ073_Handler                           0x0000266d   Thumb Code    12  hc32_ll_interrupts.o(i.IRQ073_Handler)
    IRQ074_Handler                           0x0000267d   Thumb Code    12  hc32_ll_interrupts.o(i.IRQ074_Handler)
    IRQ075_Handler                           0x0000268d   Thumb Code    12  hc32_ll_interrupts.o(i.IRQ075_Handler)
    IRQ076_Handler                           0x0000269d   Thumb Code    12  hc32_ll_interrupts.o(i.IRQ076_Handler)
    IRQ077_Handler                           0x000026ad   Thumb Code    12  hc32_ll_interrupts.o(i.IRQ077_Handler)
    IRQ078_Handler                           0x000026bd   Thumb Code    12  hc32_ll_interrupts.o(i.IRQ078_Handler)
    IRQ079_Handler                           0x000026cd   Thumb Code    12  hc32_ll_interrupts.o(i.IRQ079_Handler)
    IRQ080_Handler                           0x000026dd   Thumb Code    12  hc32_ll_interrupts.o(i.IRQ080_Handler)
    IRQ081_Handler                           0x000026ed   Thumb Code    12  hc32_ll_interrupts.o(i.IRQ081_Handler)
    IRQ082_Handler                           0x000026fd   Thumb Code    12  hc32_ll_interrupts.o(i.IRQ082_Handler)
    IRQ083_Handler                           0x0000270d   Thumb Code    12  hc32_ll_interrupts.o(i.IRQ083_Handler)
    IRQ084_Handler                           0x0000271d   Thumb Code    12  hc32_ll_interrupts.o(i.IRQ084_Handler)
    IRQ085_Handler                           0x0000272d   Thumb Code    12  hc32_ll_interrupts.o(i.IRQ085_Handler)
    IRQ086_Handler                           0x0000273d   Thumb Code    12  hc32_ll_interrupts.o(i.IRQ086_Handler)
    IRQ087_Handler                           0x0000274d   Thumb Code    12  hc32_ll_interrupts.o(i.IRQ087_Handler)
    IRQ088_Handler                           0x0000275d   Thumb Code    12  hc32_ll_interrupts.o(i.IRQ088_Handler)
    IRQ089_Handler                           0x0000276d   Thumb Code    12  hc32_ll_interrupts.o(i.IRQ089_Handler)
    IRQ090_Handler                           0x0000277d   Thumb Code    12  hc32_ll_interrupts.o(i.IRQ090_Handler)
    IRQ091_Handler                           0x0000278d   Thumb Code    12  hc32_ll_interrupts.o(i.IRQ091_Handler)
    IRQ092_Handler                           0x0000279d   Thumb Code    12  hc32_ll_interrupts.o(i.IRQ092_Handler)
    IRQ093_Handler                           0x000027ad   Thumb Code    12  hc32_ll_interrupts.o(i.IRQ093_Handler)
    IRQ094_Handler                           0x000027bd   Thumb Code    12  hc32_ll_interrupts.o(i.IRQ094_Handler)
    IRQ095_Handler                           0x000027cd   Thumb Code    12  hc32_ll_interrupts.o(i.IRQ095_Handler)
    IRQ096_Handler                           0x000027dd   Thumb Code    12  hc32_ll_interrupts.o(i.IRQ096_Handler)
    IRQ097_Handler                           0x000027ed   Thumb Code    12  hc32_ll_interrupts.o(i.IRQ097_Handler)
    IRQ098_Handler                           0x000027fd   Thumb Code    12  hc32_ll_interrupts.o(i.IRQ098_Handler)
    IRQ099_Handler                           0x0000280d   Thumb Code    12  hc32_ll_interrupts.o(i.IRQ099_Handler)
    IRQ100_Handler                           0x0000281d   Thumb Code    12  hc32_ll_interrupts.o(i.IRQ100_Handler)
    IRQ101_Handler                           0x0000282d   Thumb Code    12  hc32_ll_interrupts.o(i.IRQ101_Handler)
    IRQ102_Handler                           0x0000283d   Thumb Code    12  hc32_ll_interrupts.o(i.IRQ102_Handler)
    IRQ103_Handler                           0x0000284d   Thumb Code    12  hc32_ll_interrupts.o(i.IRQ103_Handler)
    IRQ104_Handler                           0x0000285d   Thumb Code    12  hc32_ll_interrupts.o(i.IRQ104_Handler)
    IRQ105_Handler                           0x0000286d   Thumb Code    12  hc32_ll_interrupts.o(i.IRQ105_Handler)
    IRQ106_Handler                           0x0000287d   Thumb Code    12  hc32_ll_interrupts.o(i.IRQ106_Handler)
    IRQ107_Handler                           0x0000288d   Thumb Code    12  hc32_ll_interrupts.o(i.IRQ107_Handler)
    IRQ108_Handler                           0x0000289d   Thumb Code    12  hc32_ll_interrupts.o(i.IRQ108_Handler)
    IRQ109_Handler                           0x000028ad   Thumb Code    12  hc32_ll_interrupts.o(i.IRQ109_Handler)
    IRQ110_Handler                           0x000028bd   Thumb Code    12  hc32_ll_interrupts.o(i.IRQ110_Handler)
    IRQ111_Handler                           0x000028cd   Thumb Code    12  hc32_ll_interrupts.o(i.IRQ111_Handler)
    IRQ112_Handler                           0x000028dd   Thumb Code    12  hc32_ll_interrupts.o(i.IRQ112_Handler)
    IRQ113_Handler                           0x000028ed   Thumb Code    12  hc32_ll_interrupts.o(i.IRQ113_Handler)
    IRQ114_Handler                           0x000028fd   Thumb Code    12  hc32_ll_interrupts.o(i.IRQ114_Handler)
    IRQ115_Handler                           0x0000290d   Thumb Code    12  hc32_ll_interrupts.o(i.IRQ115_Handler)
    IRQ116_Handler                           0x0000291d   Thumb Code    12  hc32_ll_interrupts.o(i.IRQ116_Handler)
    IRQ117_Handler                           0x0000292d   Thumb Code    12  hc32_ll_interrupts.o(i.IRQ117_Handler)
    IRQ118_Handler                           0x0000293d   Thumb Code    12  hc32_ll_interrupts.o(i.IRQ118_Handler)
    IRQ119_Handler                           0x0000294d   Thumb Code    12  hc32_ll_interrupts.o(i.IRQ119_Handler)
    IRQ120_Handler                           0x0000295d   Thumb Code    12  hc32_ll_interrupts.o(i.IRQ120_Handler)
    IRQ121_Handler                           0x0000296d   Thumb Code    12  hc32_ll_interrupts.o(i.IRQ121_Handler)
    IRQ122_Handler                           0x0000297d   Thumb Code    12  hc32_ll_interrupts.o(i.IRQ122_Handler)
    IRQ123_Handler                           0x0000298d   Thumb Code    12  hc32_ll_interrupts.o(i.IRQ123_Handler)
    IRQ124_Handler                           0x0000299d   Thumb Code    12  hc32_ll_interrupts.o(i.IRQ124_Handler)
    IRQ125_Handler                           0x000029ad   Thumb Code    12  hc32_ll_interrupts.o(i.IRQ125_Handler)
    IRQ126_Handler                           0x000029bd   Thumb Code    12  hc32_ll_interrupts.o(i.IRQ126_Handler)
    IRQ127_Handler                           0x000029cd   Thumb Code    12  hc32_ll_interrupts.o(i.IRQ127_Handler)
    LL_PERIPH_WE                             0x000029dd   Thumb Code   122  hc32_ll.o(i.LL_PERIPH_WE)
    LL_PERIPH_WP                             0x00002a6d   Thumb Code   114  hc32_ll.o(i.LL_PERIPH_WP)
    LL_PrintfInit                            0x00002af5   Thumb Code    98  hc32_ll_utility.o(i.LL_PrintfInit)
    PWC_HighSpeedToHighPerformance           0x00002b9d   Thumb Code    68  hc32_ll_pwc.o(i.PWC_HighSpeedToHighPerformance)
    RTC_Cmd                                  0x00002cc1   Thumb Code    32  hc32_ll_rtc.o(i.RTC_Cmd)
    RTC_DeInit                               0x00002d15   Thumb Code   132  hc32_ll_rtc.o(i.RTC_DeInit)
    RTC_EnterRwMode                          0x00002e4d   Thumb Code    88  hc32_ll_rtc.o(i.RTC_EnterRwMode)
    RTC_ExitRwMode                           0x00002eb1   Thumb Code    86  hc32_ll_rtc.o(i.RTC_ExitRwMode)
    RTC_GetCounterState                      0x00002f15   Thumb Code    12  hc32_ll_rtc.o(i.RTC_GetCounterState)
    RTC_GetDate                              0x00002f25   Thumb Code   154  hc32_ll_rtc.o(i.RTC_GetDate)
    RTC_GetTime                              0x00002ff5   Thumb Code   182  hc32_ll_rtc.o(i.RTC_GetTime)
    RTC_Init                                 0x000030e5   Thumb Code   274  hc32_ll_rtc.o(i.RTC_Init)
    RTC_IntCmd                               0x0000322d   Thumb Code    86  hc32_ll_rtc.o(i.RTC_IntCmd)
    RTC_Period_IrqCallback                   0x000032b9   Thumb Code     8  apprtc.o(i.RTC_Period_IrqCallback)
    RTC_SetDate                              0x000032c5   Thumb Code   422  hc32_ll_rtc.o(i.RTC_SetDate)
    RTC_SetTime                              0x000034a1   Thumb Code   510  hc32_ll_rtc.o(i.RTC_SetTime)
    RTC_StructInit                           0x000036d9   Thumb Code    30  hc32_ll_rtc.o(i.RTC_StructInit)
    SRAM_SetWaitCycle                        0x000036f9   Thumb Code   182  hc32_ll_sram.o(i.SRAM_SetWaitCycle)
    SystemCoreClockUpdate                    0x0000405d   Thumb Code   174  system_hc32f460.o(i.SystemCoreClockUpdate)
    SystemInit                               0x00004129   Thumb Code    14  system_hc32f460.o(i.SystemInit)
    USART_FuncCmd                            0x000044dd   Thumb Code   124  hc32_ll_usart.o(i.USART_FuncCmd)
    USART_GetClockDiv                        0x000045b9   Thumb Code    52  hc32_ll_usart.o(i.USART_GetClockDiv)
    USART_SetBaudrate                        0x000046d5   Thumb Code   218  hc32_ll_usart.o(i.USART_SetBaudrate)
    USART_SetClockDiv                        0x000047f5   Thumb Code    76  hc32_ll_usart.o(i.USART_SetClockDiv)
    USART_UART_Init                          0x00004885   Thumb Code   436  hc32_ll_usart.o(i.USART_UART_Init)
    USART_UART_StructInit                    0x00004a7d   Thumb Code    46  hc32_ll_usart.o(i.USART_UART_StructInit)
    WDT_FeedDog                              0x00004ad1   Thumb Code    16  hc32_ll_wdt.o(i.WDT_FeedDog)
    WDT_Init                                 0x00004ae5   Thumb Code   338  hc32_ll_wdt.o(i.WDT_Init)
    __0printf$6                              0x00004c71   Thumb Code    22  printf6.o(i.__0printf$6)
    __1printf$6                              0x00004c71   Thumb Code     0  printf6.o(i.__0printf$6)
    __2printf                                0x00004c71   Thumb Code     0  printf6.o(i.__0printf$6)
    __scatterload_copy                       0x00004cf9   Thumb Code    14  handlers.o(i.__scatterload_copy)
    __scatterload_zeroinit                   0x00004d07   Thumb Code    14  handlers.o(i.__scatterload_zeroinit)
    fputc                                    0x00005057   Thumb Code    24  hc32_ll_utility.o(i.fputc)
    main                                     0x00005071   Thumb Code    74  main.o(i.main)
    Region$$Table$$Base                      0x000050fc   Number         0  anon$$obj.o(Region$$Table)
    Region$$Table$$Limit                     0x0000511c   Number         0  anon$$obj.o(Region$$Table)
    SystemCoreClock                          0x1fff8000   Data           4  system_hc32f460.o(.bss.noinit)
    HRC_VALUE                                0x1fff8004   Data           4  system_hc32f460.o(.bss.noinit)
    __stdout                                 0x1fff801c   Data           4  stdout.o(.data)
    __initial_sp                             0x1fffd220   Data           0  startup_hc32f460.o(STACK)



==============================================================================

Memory Map of the image

  Image Entry point : 0x00000281

  Load Region LR_IROM1 (Base: 0x00000000, Size: 0x00005134, Max: 0x00080000, ABSOLUTE)

    Execution Region ER_IROM1 (Exec base: 0x00000000, Load base: 0x00000000, Size: 0x0000511c, Max: 0x00080000, ABSOLUTE)

    Exec Addr    Load Addr    Size         Type   Attr      Idx    E Section Name        Object

    0x00000000   0x00000000   0x00000280   Data   RO          255    RESET               startup_hc32f460.o
    0x00000280   0x00000280   0x00000000   Code   RO         5738  * .ARM.Collect$$$$00000000  mc_w.l(entry.o)
    0x00000280   0x00000280   0x00000004   Code   RO         6026    .ARM.Collect$$$$00000001  mc_w.l(entry2.o)
    0x00000284   0x00000284   0x00000004   Code   RO         6029    .ARM.Collect$$$$00000004  mc_w.l(entry5.o)
    0x00000288   0x00000288   0x00000000   Code   RO         6031    .ARM.Collect$$$$00000008  mc_w.l(entry7b.o)
    0x00000288   0x00000288   0x00000000   Code   RO         6033    .ARM.Collect$$$$0000000A  mc_w.l(entry8b.o)
    0x00000288   0x00000288   0x00000008   Code   RO         6034    .ARM.Collect$$$$0000000B  mc_w.l(entry9a.o)
    0x00000290   0x00000290   0x00000004   Code   RO         6041    .ARM.Collect$$$$0000000E  mc_w.l(entry12b.o)
    0x00000294   0x00000294   0x00000000   Code   RO         6036    .ARM.Collect$$$$0000000F  mc_w.l(entry10a.o)
    0x00000294   0x00000294   0x00000000   Code   RO         6038    .ARM.Collect$$$$00000011  mc_w.l(entry11a.o)
    0x00000294   0x00000294   0x00000004   Code   RO         6027    .ARM.Collect$$$$00002712  mc_w.l(entry2.o)
    0x00000298   0x00000298   0x00000058   Code   RO          256    .text               startup_hc32f460.o
    0x000002f0   0x000002f0   0x00000062   Code   RO         5741    .text               mc_w.l(uldiv.o)
    0x00000352   0x00000352   0x0000001a   Code   RO         6014    .text               mf_w.l(dfltui.o)
    0x0000036c   0x0000036c   0x00000018   Code   RO         6016    .text               mf_w.l(dfltul.o)
    0x00000384   0x00000384   0x00000038   Code   RO         6020    .text               mf_w.l(d2f.o)
    0x000003bc   0x000003bc   0x00000014   Code   RO         6022    .text               mf_w.l(cfcmple.o)
    0x000003d0   0x000003d0   0x0000002c   Code   RO         6043    .text               mc_w.l(uidiv.o)
    0x000003fc   0x000003fc   0x00000000   Code   RO         6049    .text               mc_w.l(iusefp.o)
    0x000003fc   0x000003fc   0x00000002   Code   RO         6069    i.__scatterload_null  mc_w.l(handlers.o)
    0x000003fe   0x000003fe   0x00000002   PAD
    0x00000400   0x00000400   0x00000020   Data   RO         5140    .ARM.__AT_0x00000400  hc32_ll_icg.o
    0x00000420   0x00000420   0x000000b0   Code   RO         6004    .text               mf_w.l(fadd.o)
    0x000004d0   0x000004d0   0x000000de   Code   RO         6010    .text               mf_w.l(ddiv.o)
    0x000005ae   0x000005ae   0x0000001e   Code   RO         6045    .text               mc_w.l(llshl.o)
    0x000005cc   0x000005cc   0x00000020   Code   RO         6047    .text               mc_w.l(llushr.o)
    0x000005ec   0x000005ec   0x0000006e   Code   RO         6050    .text               mf_w.l(fepilogue.o)
    0x0000065a   0x0000065a   0x000000ba   Code   RO         6052    .text               mf_w.l(depilogue.o)
    0x00000714   0x00000714   0x00000024   Code   RO         6062    .text               mc_w.l(init.o)
    0x00000738   0x00000738   0x000000b8   Code   RO         5693    i.APP_RTCdisp_time  apprtc.o
    0x000007f0   0x000007f0   0x00000100   Code   RO         5694    i.APP_RtcInit       apprtc.o
    0x000008f0   0x000008f0   0x000000e8   Code   RO            4    i.BSP_CLK_Init      ev_hc32f460_lqfp100_v2.o
    0x000009d8   0x000009d8   0x000000c0   Code   RO           10    i.BSP_KEY_Init      ev_hc32f460_lqfp100_v2.o
    0x00000a98   0x00000a98   0x00000038   Code   RO           11    i.BSP_LED_Init      ev_hc32f460_lqfp100_v2.o
    0x00000ad0   0x00000ad0   0x00000034   Code   RO           14    i.BSP_LED_Toggle    ev_hc32f460_lqfp100_v2.o
    0x00000b04   0x00000b04   0x00000090   Code   RO           15    i.BSP_PRINTF_Preinit  ev_hc32f460_lqfp100_v2.o
    0x00000b94   0x00000b94   0x00000016   Code   RO          846    i.CLK_Delay         hc32_ll_clk.o
    0x00000baa   0x00000baa   0x00000002   PAD
    0x00000bac   0x00000bac   0x00000064   Code   RO          850    i.CLK_GetStableStatus  hc32_ll_clk.o
    0x00000c10   0x00000c10   0x000000a0   Code   RO          854    i.CLK_LrcCmd        hc32_ll_clk.o
    0x00000cb0   0x00000cb0   0x0000005c   Code   RO          855    i.CLK_LrcTrim       hc32_ll_clk.o
    0x00000d0c   0x00000d0c   0x000000cc   Code   RO          860    i.CLK_PLLCmd        hc32_ll_clk.o
    0x00000dd8   0x00000dd8   0x000002a8   Code   RO          861    i.CLK_PLLInit       hc32_ll_clk.o
    0x00001080   0x00001080   0x00000052   Code   RO          862    i.CLK_PLLStructInit  hc32_ll_clk.o
    0x000010d2   0x000010d2   0x00000014   Code   RO          866    i.CLK_SetClockDiv   hc32_ll_clk.o
    0x000010e6   0x000010e6   0x00000010   Code   RO          870    i.CLK_SetSysClockSrc  hc32_ll_clk.o
    0x000010f6   0x000010f6   0x00000030   Code   RO          874    i.CLK_WaitStable    hc32_ll_clk.o
    0x00001126   0x00001126   0x00000002   PAD
    0x00001128   0x00001128   0x000000a0   Code   RO          875    i.CLK_Xtal32Cmd     hc32_ll_clk.o
    0x000011c8   0x000011c8   0x000000d8   Code   RO          876    i.CLK_Xtal32Init    hc32_ll_clk.o
    0x000012a0   0x000012a0   0x00000014   Code   RO          877    i.CLK_Xtal32StructInit  hc32_ll_clk.o
    0x000012b4   0x000012b4   0x000000c8   Code   RO          878    i.CLK_XtalCmd       hc32_ll_clk.o
    0x0000137c   0x0000137c   0x00000148   Code   RO          879    i.CLK_XtalInit      hc32_ll_clk.o
    0x000014c4   0x000014c4   0x0000001e   Code   RO          882    i.CLK_XtalStructInit  hc32_ll_clk.o
    0x000014e2   0x000014e2   0x00000002   PAD
    0x000014e4   0x000014e4   0x00000068   Code   RO         4660    i.ClockSync_CalculateDiv  hc32_ll_usart.o
    0x0000154c   0x0000154c   0x00000178   Code   RO         4661    i.ClockSync_CalculateDivFraction  hc32_ll_usart.o
    0x000016c4   0x000016c4   0x00000120   Code   RO         4662    i.ClockSync_CalculateDivInteger  hc32_ll_usart.o
    0x000017e4   0x000017e4   0x00000044   Code   RO         4960    i.DDL_AssertHandler  hc32_ll_utility.o
    0x00001828   0x00001828   0x0000004c   Code   RO         4961    i.DDL_ConsoleOutputChar  hc32_ll_utility.o
    0x00001874   0x00001874   0x00000040   Code   RO         4963    i.DDL_DelayUS       hc32_ll_utility.o
    0x000018b4   0x000018b4   0x000000bc   Code   RO         1428    i.EFM_SetWaitCycle  hc32_ll_efm.o
    0x00001970   0x00001970   0x0000006c   Code   RO         2016    i.EXTINT_ClearExtIntStatus  hc32_ll_interrupts.o
    0x000019dc   0x000019dc   0x00000070   Code   RO         2017    i.EXTINT_GetExtIntStatus  hc32_ll_interrupts.o
    0x00001a4c   0x00001a4c   0x00000108   Code   RO         2018    i.EXTINT_Init       hc32_ll_interrupts.o
    0x00001b54   0x00001b54   0x00000014   Code   RO         2019    i.EXTINT_StructInit  hc32_ll_interrupts.o
    0x00001b68   0x00001b68   0x0000001e   Code   RO           16    i.ExtInt04_Callback  ev_hc32f460_lqfp100_v2.o
    0x00001b86   0x00001b86   0x0000001c   Code   RO           17    i.ExtInt05_Callback  ev_hc32f460_lqfp100_v2.o
    0x00001ba2   0x00001ba2   0x00000002   PAD
    0x00001ba4   0x00001ba4   0x00000088   Code   RO         5099    i.FCG_Fcg1PeriphClockCmd  hc32_ll_fcg.o
    0x00001c2c   0x00001c2c   0x000001f4   Code   RO         1627    i.GPIO_Init         hc32_ll_gpio.o
    0x00001e20   0x00001e20   0x0000008c   Code   RO         1630    i.GPIO_ReadInputPins  hc32_ll_gpio.o
    0x00001eac   0x00001eac   0x000000d8   Code   RO         1636    i.GPIO_SetFunc      hc32_ll_gpio.o
    0x00001f84   0x00001f84   0x00000090   Code   RO         1638    i.GPIO_SetReadWaitCycle  hc32_ll_gpio.o
    0x00002014   0x00002014   0x00000020   Code   RO         1640    i.GPIO_StructInit   hc32_ll_gpio.o
    0x00002034   0x00002034   0x00000088   Code   RO         1642    i.GPIO_TogglePins   hc32_ll_gpio.o
    0x000020bc   0x000020bc   0x000000e8   Code   RO         2022    i.INTC_IrqSignIn    hc32_ll_interrupts.o
    0x000021a4   0x000021a4   0x00000038   Code   RO         2023    i.INTC_IrqSignOut   hc32_ll_interrupts.o
    0x000021dc   0x000021dc   0x00000010   Code   RO         2027    i.IRQ000_Handler    hc32_ll_interrupts.o
    0x000021ec   0x000021ec   0x00000010   Code   RO         2028    i.IRQ001_Handler    hc32_ll_interrupts.o
    0x000021fc   0x000021fc   0x00000010   Code   RO         2029    i.IRQ002_Handler    hc32_ll_interrupts.o
    0x0000220c   0x0000220c   0x00000010   Code   RO         2030    i.IRQ003_Handler    hc32_ll_interrupts.o
    0x0000221c   0x0000221c   0x00000010   Code   RO         2031    i.IRQ004_Handler    hc32_ll_interrupts.o
    0x0000222c   0x0000222c   0x00000010   Code   RO         2032    i.IRQ005_Handler    hc32_ll_interrupts.o
    0x0000223c   0x0000223c   0x00000010   Code   RO         2033    i.IRQ006_Handler    hc32_ll_interrupts.o
    0x0000224c   0x0000224c   0x00000010   Code   RO         2034    i.IRQ007_Handler    hc32_ll_interrupts.o
    0x0000225c   0x0000225c   0x00000010   Code   RO         2035    i.IRQ008_Handler    hc32_ll_interrupts.o
    0x0000226c   0x0000226c   0x00000010   Code   RO         2036    i.IRQ009_Handler    hc32_ll_interrupts.o
    0x0000227c   0x0000227c   0x00000010   Code   RO         2037    i.IRQ010_Handler    hc32_ll_interrupts.o
    0x0000228c   0x0000228c   0x00000010   Code   RO         2038    i.IRQ011_Handler    hc32_ll_interrupts.o
    0x0000229c   0x0000229c   0x00000010   Code   RO         2039    i.IRQ012_Handler    hc32_ll_interrupts.o
    0x000022ac   0x000022ac   0x00000010   Code   RO         2040    i.IRQ013_Handler    hc32_ll_interrupts.o
    0x000022bc   0x000022bc   0x00000010   Code   RO         2041    i.IRQ014_Handler    hc32_ll_interrupts.o
    0x000022cc   0x000022cc   0x00000010   Code   RO         2042    i.IRQ015_Handler    hc32_ll_interrupts.o
    0x000022dc   0x000022dc   0x00000010   Code   RO         2043    i.IRQ016_Handler    hc32_ll_interrupts.o
    0x000022ec   0x000022ec   0x00000010   Code   RO         2044    i.IRQ017_Handler    hc32_ll_interrupts.o
    0x000022fc   0x000022fc   0x00000010   Code   RO         2045    i.IRQ018_Handler    hc32_ll_interrupts.o
    0x0000230c   0x0000230c   0x00000010   Code   RO         2046    i.IRQ019_Handler    hc32_ll_interrupts.o
    0x0000231c   0x0000231c   0x00000010   Code   RO         2047    i.IRQ020_Handler    hc32_ll_interrupts.o
    0x0000232c   0x0000232c   0x00000010   Code   RO         2048    i.IRQ021_Handler    hc32_ll_interrupts.o
    0x0000233c   0x0000233c   0x00000010   Code   RO         2049    i.IRQ022_Handler    hc32_ll_interrupts.o
    0x0000234c   0x0000234c   0x00000010   Code   RO         2050    i.IRQ023_Handler    hc32_ll_interrupts.o
    0x0000235c   0x0000235c   0x00000010   Code   RO         2051    i.IRQ024_Handler    hc32_ll_interrupts.o
    0x0000236c   0x0000236c   0x00000010   Code   RO         2052    i.IRQ025_Handler    hc32_ll_interrupts.o
    0x0000237c   0x0000237c   0x00000010   Code   RO         2053    i.IRQ026_Handler    hc32_ll_interrupts.o
    0x0000238c   0x0000238c   0x00000010   Code   RO         2054    i.IRQ027_Handler    hc32_ll_interrupts.o
    0x0000239c   0x0000239c   0x00000010   Code   RO         2055    i.IRQ028_Handler    hc32_ll_interrupts.o
    0x000023ac   0x000023ac   0x00000010   Code   RO         2056    i.IRQ029_Handler    hc32_ll_interrupts.o
    0x000023bc   0x000023bc   0x00000010   Code   RO         2057    i.IRQ030_Handler    hc32_ll_interrupts.o
    0x000023cc   0x000023cc   0x00000010   Code   RO         2058    i.IRQ031_Handler    hc32_ll_interrupts.o
    0x000023dc   0x000023dc   0x00000010   Code   RO         2059    i.IRQ032_Handler    hc32_ll_interrupts.o
    0x000023ec   0x000023ec   0x00000010   Code   RO         2060    i.IRQ033_Handler    hc32_ll_interrupts.o
    0x000023fc   0x000023fc   0x00000010   Code   RO         2061    i.IRQ034_Handler    hc32_ll_interrupts.o
    0x0000240c   0x0000240c   0x00000010   Code   RO         2062    i.IRQ035_Handler    hc32_ll_interrupts.o
    0x0000241c   0x0000241c   0x00000010   Code   RO         2063    i.IRQ036_Handler    hc32_ll_interrupts.o
    0x0000242c   0x0000242c   0x00000010   Code   RO         2064    i.IRQ037_Handler    hc32_ll_interrupts.o
    0x0000243c   0x0000243c   0x00000010   Code   RO         2065    i.IRQ038_Handler    hc32_ll_interrupts.o
    0x0000244c   0x0000244c   0x00000010   Code   RO         2066    i.IRQ039_Handler    hc32_ll_interrupts.o
    0x0000245c   0x0000245c   0x00000010   Code   RO         2067    i.IRQ040_Handler    hc32_ll_interrupts.o
    0x0000246c   0x0000246c   0x00000010   Code   RO         2068    i.IRQ041_Handler    hc32_ll_interrupts.o
    0x0000247c   0x0000247c   0x00000010   Code   RO         2069    i.IRQ042_Handler    hc32_ll_interrupts.o
    0x0000248c   0x0000248c   0x00000010   Code   RO         2070    i.IRQ043_Handler    hc32_ll_interrupts.o
    0x0000249c   0x0000249c   0x00000010   Code   RO         2071    i.IRQ044_Handler    hc32_ll_interrupts.o
    0x000024ac   0x000024ac   0x00000010   Code   RO         2072    i.IRQ045_Handler    hc32_ll_interrupts.o
    0x000024bc   0x000024bc   0x00000010   Code   RO         2073    i.IRQ046_Handler    hc32_ll_interrupts.o
    0x000024cc   0x000024cc   0x00000010   Code   RO         2074    i.IRQ047_Handler    hc32_ll_interrupts.o
    0x000024dc   0x000024dc   0x00000010   Code   RO         2075    i.IRQ048_Handler    hc32_ll_interrupts.o
    0x000024ec   0x000024ec   0x00000010   Code   RO         2076    i.IRQ049_Handler    hc32_ll_interrupts.o
    0x000024fc   0x000024fc   0x00000010   Code   RO         2077    i.IRQ050_Handler    hc32_ll_interrupts.o
    0x0000250c   0x0000250c   0x00000010   Code   RO         2078    i.IRQ051_Handler    hc32_ll_interrupts.o
    0x0000251c   0x0000251c   0x00000010   Code   RO         2079    i.IRQ052_Handler    hc32_ll_interrupts.o
    0x0000252c   0x0000252c   0x00000010   Code   RO         2080    i.IRQ053_Handler    hc32_ll_interrupts.o
    0x0000253c   0x0000253c   0x00000010   Code   RO         2081    i.IRQ054_Handler    hc32_ll_interrupts.o
    0x0000254c   0x0000254c   0x00000010   Code   RO         2082    i.IRQ055_Handler    hc32_ll_interrupts.o
    0x0000255c   0x0000255c   0x00000010   Code   RO         2083    i.IRQ056_Handler    hc32_ll_interrupts.o
    0x0000256c   0x0000256c   0x00000010   Code   RO         2084    i.IRQ057_Handler    hc32_ll_interrupts.o
    0x0000257c   0x0000257c   0x00000010   Code   RO         2085    i.IRQ058_Handler    hc32_ll_interrupts.o
    0x0000258c   0x0000258c   0x00000010   Code   RO         2086    i.IRQ059_Handler    hc32_ll_interrupts.o
    0x0000259c   0x0000259c   0x00000010   Code   RO         2087    i.IRQ060_Handler    hc32_ll_interrupts.o
    0x000025ac   0x000025ac   0x00000010   Code   RO         2088    i.IRQ061_Handler    hc32_ll_interrupts.o
    0x000025bc   0x000025bc   0x00000010   Code   RO         2089    i.IRQ062_Handler    hc32_ll_interrupts.o
    0x000025cc   0x000025cc   0x00000010   Code   RO         2090    i.IRQ063_Handler    hc32_ll_interrupts.o
    0x000025dc   0x000025dc   0x00000010   Code   RO         2091    i.IRQ064_Handler    hc32_ll_interrupts.o
    0x000025ec   0x000025ec   0x00000010   Code   RO         2092    i.IRQ065_Handler    hc32_ll_interrupts.o
    0x000025fc   0x000025fc   0x00000010   Code   RO         2093    i.IRQ066_Handler    hc32_ll_interrupts.o
    0x0000260c   0x0000260c   0x00000010   Code   RO         2094    i.IRQ067_Handler    hc32_ll_interrupts.o
    0x0000261c   0x0000261c   0x00000010   Code   RO         2095    i.IRQ068_Handler    hc32_ll_interrupts.o
    0x0000262c   0x0000262c   0x00000010   Code   RO         2096    i.IRQ069_Handler    hc32_ll_interrupts.o
    0x0000263c   0x0000263c   0x00000010   Code   RO         2097    i.IRQ070_Handler    hc32_ll_interrupts.o
    0x0000264c   0x0000264c   0x00000010   Code   RO         2098    i.IRQ071_Handler    hc32_ll_interrupts.o
    0x0000265c   0x0000265c   0x00000010   Code   RO         2099    i.IRQ072_Handler    hc32_ll_interrupts.o
    0x0000266c   0x0000266c   0x00000010   Code   RO         2100    i.IRQ073_Handler    hc32_ll_interrupts.o
    0x0000267c   0x0000267c   0x00000010   Code   RO         2101    i.IRQ074_Handler    hc32_ll_interrupts.o
    0x0000268c   0x0000268c   0x00000010   Code   RO         2102    i.IRQ075_Handler    hc32_ll_interrupts.o
    0x0000269c   0x0000269c   0x00000010   Code   RO         2103    i.IRQ076_Handler    hc32_ll_interrupts.o
    0x000026ac   0x000026ac   0x00000010   Code   RO         2104    i.IRQ077_Handler    hc32_ll_interrupts.o
    0x000026bc   0x000026bc   0x00000010   Code   RO         2105    i.IRQ078_Handler    hc32_ll_interrupts.o
    0x000026cc   0x000026cc   0x00000010   Code   RO         2106    i.IRQ079_Handler    hc32_ll_interrupts.o
    0x000026dc   0x000026dc   0x00000010   Code   RO         2107    i.IRQ080_Handler    hc32_ll_interrupts.o
    0x000026ec   0x000026ec   0x00000010   Code   RO         2108    i.IRQ081_Handler    hc32_ll_interrupts.o
    0x000026fc   0x000026fc   0x00000010   Code   RO         2109    i.IRQ082_Handler    hc32_ll_interrupts.o
    0x0000270c   0x0000270c   0x00000010   Code   RO         2110    i.IRQ083_Handler    hc32_ll_interrupts.o
    0x0000271c   0x0000271c   0x00000010   Code   RO         2111    i.IRQ084_Handler    hc32_ll_interrupts.o
    0x0000272c   0x0000272c   0x00000010   Code   RO         2112    i.IRQ085_Handler    hc32_ll_interrupts.o
    0x0000273c   0x0000273c   0x00000010   Code   RO         2113    i.IRQ086_Handler    hc32_ll_interrupts.o
    0x0000274c   0x0000274c   0x00000010   Code   RO         2114    i.IRQ087_Handler    hc32_ll_interrupts.o
    0x0000275c   0x0000275c   0x00000010   Code   RO         2115    i.IRQ088_Handler    hc32_ll_interrupts.o
    0x0000276c   0x0000276c   0x00000010   Code   RO         2116    i.IRQ089_Handler    hc32_ll_interrupts.o
    0x0000277c   0x0000277c   0x00000010   Code   RO         2117    i.IRQ090_Handler    hc32_ll_interrupts.o
    0x0000278c   0x0000278c   0x00000010   Code   RO         2118    i.IRQ091_Handler    hc32_ll_interrupts.o
    0x0000279c   0x0000279c   0x00000010   Code   RO         2119    i.IRQ092_Handler    hc32_ll_interrupts.o
    0x000027ac   0x000027ac   0x00000010   Code   RO         2120    i.IRQ093_Handler    hc32_ll_interrupts.o
    0x000027bc   0x000027bc   0x00000010   Code   RO         2121    i.IRQ094_Handler    hc32_ll_interrupts.o
    0x000027cc   0x000027cc   0x00000010   Code   RO         2122    i.IRQ095_Handler    hc32_ll_interrupts.o
    0x000027dc   0x000027dc   0x00000010   Code   RO         2123    i.IRQ096_Handler    hc32_ll_interrupts.o
    0x000027ec   0x000027ec   0x00000010   Code   RO         2124    i.IRQ097_Handler    hc32_ll_interrupts.o
    0x000027fc   0x000027fc   0x00000010   Code   RO         2125    i.IRQ098_Handler    hc32_ll_interrupts.o
    0x0000280c   0x0000280c   0x00000010   Code   RO         2126    i.IRQ099_Handler    hc32_ll_interrupts.o
    0x0000281c   0x0000281c   0x00000010   Code   RO         2127    i.IRQ100_Handler    hc32_ll_interrupts.o
    0x0000282c   0x0000282c   0x00000010   Code   RO         2128    i.IRQ101_Handler    hc32_ll_interrupts.o
    0x0000283c   0x0000283c   0x00000010   Code   RO         2129    i.IRQ102_Handler    hc32_ll_interrupts.o
    0x0000284c   0x0000284c   0x00000010   Code   RO         2130    i.IRQ103_Handler    hc32_ll_interrupts.o
    0x0000285c   0x0000285c   0x00000010   Code   RO         2131    i.IRQ104_Handler    hc32_ll_interrupts.o
    0x0000286c   0x0000286c   0x00000010   Code   RO         2132    i.IRQ105_Handler    hc32_ll_interrupts.o
    0x0000287c   0x0000287c   0x00000010   Code   RO         2133    i.IRQ106_Handler    hc32_ll_interrupts.o
    0x0000288c   0x0000288c   0x00000010   Code   RO         2134    i.IRQ107_Handler    hc32_ll_interrupts.o
    0x0000289c   0x0000289c   0x00000010   Code   RO         2135    i.IRQ108_Handler    hc32_ll_interrupts.o
    0x000028ac   0x000028ac   0x00000010   Code   RO         2136    i.IRQ109_Handler    hc32_ll_interrupts.o
    0x000028bc   0x000028bc   0x00000010   Code   RO         2137    i.IRQ110_Handler    hc32_ll_interrupts.o
    0x000028cc   0x000028cc   0x00000010   Code   RO         2138    i.IRQ111_Handler    hc32_ll_interrupts.o
    0x000028dc   0x000028dc   0x00000010   Code   RO         2139    i.IRQ112_Handler    hc32_ll_interrupts.o
    0x000028ec   0x000028ec   0x00000010   Code   RO         2140    i.IRQ113_Handler    hc32_ll_interrupts.o
    0x000028fc   0x000028fc   0x00000010   Code   RO         2141    i.IRQ114_Handler    hc32_ll_interrupts.o
    0x0000290c   0x0000290c   0x00000010   Code   RO         2142    i.IRQ115_Handler    hc32_ll_interrupts.o
    0x0000291c   0x0000291c   0x00000010   Code   RO         2143    i.IRQ116_Handler    hc32_ll_interrupts.o
    0x0000292c   0x0000292c   0x00000010   Code   RO         2144    i.IRQ117_Handler    hc32_ll_interrupts.o
    0x0000293c   0x0000293c   0x00000010   Code   RO         2145    i.IRQ118_Handler    hc32_ll_interrupts.o
    0x0000294c   0x0000294c   0x00000010   Code   RO         2146    i.IRQ119_Handler    hc32_ll_interrupts.o
    0x0000295c   0x0000295c   0x00000010   Code   RO         2147    i.IRQ120_Handler    hc32_ll_interrupts.o
    0x0000296c   0x0000296c   0x00000010   Code   RO         2148    i.IRQ121_Handler    hc32_ll_interrupts.o
    0x0000297c   0x0000297c   0x00000010   Code   RO         2149    i.IRQ122_Handler    hc32_ll_interrupts.o
    0x0000298c   0x0000298c   0x00000010   Code   RO         2150    i.IRQ123_Handler    hc32_ll_interrupts.o
    0x0000299c   0x0000299c   0x00000010   Code   RO         2151    i.IRQ124_Handler    hc32_ll_interrupts.o
    0x000029ac   0x000029ac   0x00000010   Code   RO         2152    i.IRQ125_Handler    hc32_ll_interrupts.o
    0x000029bc   0x000029bc   0x00000010   Code   RO         2153    i.IRQ126_Handler    hc32_ll_interrupts.o
    0x000029cc   0x000029cc   0x00000010   Code   RO         2154    i.IRQ127_Handler    hc32_ll_interrupts.o
    0x000029dc   0x000029dc   0x00000090   Code   RO          263    i.LL_PERIPH_WE      hc32_ll.o
    0x00002a6c   0x00002a6c   0x00000088   Code   RO          264    i.LL_PERIPH_WP      hc32_ll.o
    0x00002af4   0x00002af4   0x000000a8   Code   RO         4964    i.LL_PrintfInit     hc32_ll_utility.o
    0x00002b9c   0x00002b9c   0x00000078   Code   RO         5166    i.PWC_HighSpeedToHighPerformance  hc32_ll_pwc.o
    0x00002c14   0x00002c14   0x0000001c   Code   RO          265    i.PWC_REG_Lock      hc32_ll.o
    0x00002c30   0x00002c30   0x00000018   Code   RO          266    i.PWC_REG_Unlock    hc32_ll.o
    0x00002c48   0x00002c48   0x00000078   Code   RO         5695    i.RTC_CalendarConfig  apprtc.o
    0x00002cc0   0x00002cc0   0x00000054   Code   RO         2907    i.RTC_Cmd           hc32_ll_rtc.o
    0x00002d14   0x00002d14   0x00000090   Code   RO         2909    i.RTC_DeInit        hc32_ll_rtc.o
    0x00002da4   0x00002da4   0x000000a8   Code   RO         5696    i.RTC_DisplayWeekday  apprtc.o
    0x00002e4c   0x00002e4c   0x00000064   Code   RO         2910    i.RTC_EnterRwMode   hc32_ll_rtc.o
    0x00002eb0   0x00002eb0   0x00000064   Code   RO         2911    i.RTC_ExitRwMode    hc32_ll_rtc.o
    0x00002f14   0x00002f14   0x00000010   Code   RO         2913    i.RTC_GetCounterState  hc32_ll_rtc.o
    0x00002f24   0x00002f24   0x000000d0   Code   RO         2914    i.RTC_GetDate       hc32_ll_rtc.o
    0x00002ff4   0x00002ff4   0x000000f0   Code   RO         2916    i.RTC_GetTime       hc32_ll_rtc.o
    0x000030e4   0x000030e4   0x00000148   Code   RO         2917    i.RTC_Init          hc32_ll_rtc.o
    0x0000322c   0x0000322c   0x0000008c   Code   RO         2918    i.RTC_IntCmd        hc32_ll_rtc.o
    0x000032b8   0x000032b8   0x0000000c   Code   RO         5697    i.RTC_Period_IrqCallback  apprtc.o
    0x000032c4   0x000032c4   0x000001dc   Code   RO         2924    i.RTC_SetDate       hc32_ll_rtc.o
    0x000034a0   0x000034a0   0x00000238   Code   RO         2926    i.RTC_SetTime       hc32_ll_rtc.o
    0x000036d8   0x000036d8   0x0000001e   Code   RO         2927    i.RTC_StructInit    hc32_ll_rtc.o
    0x000036f6   0x000036f6   0x00000002   PAD
    0x000036f8   0x000036f8   0x000000ec   Code   RO         5506    i.SRAM_SetWaitCycle  hc32_ll_sram.o
    0x000037e4   0x000037e4   0x0000037c   Code   RO          885    i.SetSysClockDiv    hc32_ll_clk.o
    0x00003b60   0x00003b60   0x00000154   Code   RO          886    i.SetSysClockSrc    hc32_ll_clk.o
    0x00003cb4   0x00003cb4   0x00000068   Code   RO         4663    i.SmartCard_CalculateDiv  hc32_ll_usart.o
    0x00003d1c   0x00003d1c   0x000001cc   Code   RO         4664    i.SmartCard_CalculateDivFraction  hc32_ll_usart.o
    0x00003ee8   0x00003ee8   0x00000174   Code   RO         4665    i.SmartCard_CalculateDivInteger  hc32_ll_usart.o
    0x0000405c   0x0000405c   0x000000cc   Code   RO          216    i.SystemCoreClockUpdate  system_hc32f460.o
    0x00004128   0x00004128   0x00000014   Code   RO          217    i.SystemInit        system_hc32f460.o
    0x0000413c   0x0000413c   0x00000068   Code   RO         4666    i.UART_CalculateDiv  hc32_ll_usart.o
    0x000041a4   0x000041a4   0x000001e0   Code   RO         4667    i.UART_CalculateDivFraction  hc32_ll_usart.o
    0x00004384   0x00004384   0x00000158   Code   RO         4668    i.UART_CalculateDivInteger  hc32_ll_usart.o
    0x000044dc   0x000044dc   0x000000c0   Code   RO         4677    i.USART_FuncCmd     hc32_ll_usart.o
    0x0000459c   0x0000459c   0x0000001c   Code   RO         4678    i.USART_GetBusClockFreq  hc32_ll_usart.o
    0x000045b8   0x000045b8   0x00000078   Code   RO         4679    i.USART_GetClockDiv  hc32_ll_usart.o
    0x00004630   0x00004630   0x00000016   Code   RO         4682    i.USART_GetUsartClockDiv  hc32_ll_usart.o
    0x00004646   0x00004646   0x00000002   PAD
    0x00004648   0x00004648   0x0000008c   Code   RO         4683    i.USART_GetUsartClockFreq  hc32_ll_usart.o
    0x000046d4   0x000046d4   0x00000120   Code   RO         4687    i.USART_SetBaudrate  hc32_ll_usart.o
    0x000047f4   0x000047f4   0x00000090   Code   RO         4688    i.USART_SetClockDiv  hc32_ll_usart.o
    0x00004884   0x00004884   0x000001f8   Code   RO         4702    i.USART_UART_Init   hc32_ll_usart.o
    0x00004a7c   0x00004a7c   0x0000002e   Code   RO         4704    i.USART_UART_StructInit  hc32_ll_usart.o
    0x00004aaa   0x00004aaa   0x00000026   Code   RO         5664    i.WDT_Config        main.o
    0x00004ad0   0x00004ad0   0x00000014   Code   RO         5057    i.WDT_FeedDog       hc32_ll_wdt.o
    0x00004ae4   0x00004ae4   0x0000018c   Code   RO         5059    i.WDT_Init          hc32_ll_wdt.o
    0x00004c70   0x00004c70   0x00000020   Code   RO         5898    i.__0printf$6       mc_w.l(printf6.o)
    0x00004c90   0x00004c90   0x0000001c   Code   RO           18    i.__NVIC_ClearPendingIRQ  ev_hc32f460_lqfp100_v2.o
    0x00004cac   0x00004cac   0x00000022   Code   RO           19    i.__NVIC_EnableIRQ  ev_hc32f460_lqfp100_v2.o
    0x00004cce   0x00004cce   0x00000002   PAD
    0x00004cd0   0x00004cd0   0x00000028   Code   RO           20    i.__NVIC_SetPriority  ev_hc32f460_lqfp100_v2.o
    0x00004cf8   0x00004cf8   0x0000000e   Code   RO         6068    i.__scatterload_copy  mc_w.l(handlers.o)
    0x00004d06   0x00004d06   0x0000000e   Code   RO         6070    i.__scatterload_zeroinit  mc_w.l(handlers.o)
    0x00004d14   0x00004d14   0x000002f0   Code   RO         5905    i._printf_core      mc_w.l(printf6.o)
    0x00005004   0x00005004   0x00000024   Code   RO         5906    i._printf_post_padding  mc_w.l(printf6.o)
    0x00005028   0x00005028   0x0000002e   Code   RO         5907    i._printf_pre_padding  mc_w.l(printf6.o)
    0x00005056   0x00005056   0x00000018   Code   RO         4971    i.fputc             hc32_ll_utility.o
    0x0000506e   0x0000506e   0x00000002   PAD
    0x00005070   0x00005070   0x00000064   Code   RO         5665    i.main              main.o
    0x000050d4   0x000050d4   0x00000008   Data   RO           21    .constdata          ev_hc32f460_lqfp100_v2.o
    0x000050dc   0x000050dc   0x00000020   Data   RO         4709    .constdata          hc32_ll_usart.o
    0x000050fc   0x000050fc   0x00000020   Data   RO         6066    Region$$Table       anon$$obj.o


    Execution Region RW_IRAM0 (Exec base: 0x1fff8000, Load base: 0x0000511c, Size: 0x00000008, Max: 0x00000008, ABSOLUTE, UNINIT)

    Exec Addr    Load Addr    Size         Type   Attr      Idx    E Section Name        Object

    0x1fff8000        -       0x00000008   Zero   RW          218    .bss.noinit         system_hc32f460.o


    Execution Region RW_IRAM1 (Exec base: 0x1fff8008, Load base: 0x0000511c, Size: 0x00005218, Max: 0x00026ff8, ABSOLUTE)

    Exec Addr    Load Addr    Size         Type   Attr      Idx    E Section Name        Object

    0x1fff8008   0x0000511c   0x00000010   Data   RW         4972    .data               hc32_ll_utility.o
    0x1fff8018   0x0000512c   0x00000001   Data   RW         5698    .data               apprtc.o
    0x1fff8019   0x0000512d   0x00000003   PAD
    0x1fff801c   0x00005130   0x00000004   Data   RW         6042    .data               mc_w.l(stdout.o)
    0x1fff8020        -       0x00000200   Zero   RW         2160    .bss                hc32_ll_interrupts.o
    0x1fff8220        -       0x00005000   Zero   RW          253    STACK               startup_hc32f460.o


    Execution Region RW_IRAM2 (Exec base: 0x200f0000, Load base: 0x00005134, Size: 0x00000000, Max: 0x00001000, ABSOLUTE, UNINIT)

    **** No section assigned to this execution region ****


==============================================================================

Image component sizes


      Code (inc. data)   RO Data    RW Data    ZI Data      Debug   Object Name

       740        256          0          1          0       3126   apprtc.o
       836         54          8          0          0     419578   ev_hc32f460_lqfp100_v2.o
       332         64          0          0          0      24630   hc32_ll.o
      3610        674          0          0          0      21013   hc32_ll_clk.o
       188         62          0          0          0        687   hc32_ll_efm.o
       136         56          0          0          0        649   hc32_ll_fcg.o
      1168        264          0          0          0       7540   hc32_ll_gpio.o
         0          0         32          0          0        670   hc32_ll_icg.o
      2840        830          0          0        512     101080   hc32_ll_interrupts.o
       120         52          0          0          0        565   hc32_ll_pwc.o
      2434        426          0          0          0       9825   hc32_ll_rtc.o
       236         54          0          0          0        796   hc32_ll_sram.o
      4116        892         32          0          0      18478   hc32_ll_usart.o
       400        138          0         16          0       4458   hc32_ll_utility.o
       416         62          0          0          0       2957   hc32_ll_wdt.o
       138         26          0          0          0        955   main.o
        88         20        640          0      20480        876   startup_hc32f460.o
       224         42          0          0          8       1557   system_hc32f460.o

    ----------------------------------------------------------------------
     18038       3972        744         20      21000     619440   Object Totals
         0          0         32          0          0          0   (incl. Generated)
        16          0          0          3          0          0   (incl. Padding)

    ----------------------------------------------------------------------

      Code (inc. data)   RO Data    RW Data    ZI Data      Debug   Library Member Name

         0          0          0          0          0          0   entry.o
         0          0          0          0          0          0   entry10a.o
         0          0          0          0          0          0   entry11a.o
         4          0          0          0          0          0   entry12b.o
         8          4          0          0          0          0   entry2.o
         4          0          0          0          0          0   entry5.o
         0          0          0          0          0          0   entry7b.o
         0          0          0          0          0          0   entry8b.o
         8          4          0          0          0          0   entry9a.o
        30          0          0          0          0          0   handlers.o
        36          8          0          0          0         68   init.o
         0          0          0          0          0          0   iusefp.o
        30          0          0          0          0         68   llshl.o
        32          0          0          0          0         68   llushr.o
       866         14          0          0          0        352   printf6.o
         0          0          0          4          0          0   stdout.o
        44          0          0          0          0         80   uidiv.o
        98          0          0          0          0         92   uldiv.o
        20          0          0          0          0         68   cfcmple.o
        56          0          0          0          0         88   d2f.o
       222          0          0          0          0        100   ddiv.o
       186          0          0          0          0        176   depilogue.o
        26          0          0          0          0         76   dfltui.o
        24          0          0          0          0         76   dfltul.o
       176          0          0          0          0        140   fadd.o
       110          0          0          0          0        168   fepilogue.o

    ----------------------------------------------------------------------
      1982         30          0          4          0       1620   Library Totals
         2          0          0          0          0          0   (incl. Padding)

    ----------------------------------------------------------------------

      Code (inc. data)   RO Data    RW Data    ZI Data      Debug   Library Name

      1160         30          0          4          0        728   mc_w.l
       820          0          0          0          0        892   mf_w.l

    ----------------------------------------------------------------------
      1982         30          0          4          0       1620   Library Totals

    ----------------------------------------------------------------------

==============================================================================


      Code (inc. data)   RO Data    RW Data    ZI Data      Debug   

     20020       4002        744         24      21000     608992   Grand Totals
     20020       4002        744         24      21000     608992   ELF Image Totals
     20020       4002        744         24          0          0   ROM Totals

==============================================================================

    Total RO  Size (Code + RO Data)                20764 (  20.28kB)
    Total RW  Size (RW Data + ZI Data)             21024 (  20.53kB)
    Total ROM Size (Code + RO Data + RW Data)      20788 (  20.30kB)

==============================================================================

