<html>
<body>
<pre>
<h1>礦ision Build Log</h1>
<h2>Tool Versions:</h2>
IDE-Version: 兪Vision V5.38.0.0
Copyright (C) 2022 ARM Ltd and ARM Germany GmbH. All rights reserved.
License Information: 1 2, 3, LIC=EXJT4-FKIX0-KPNZY-IKDV7-6VJYM-9C191
 
Tool Versions:
Toolchain:       MDK-ARM Plus  Version: 5.38.0.0
Toolchain Path:  D:\keil_v5\ARM\ARMCC\Bin
C Compiler:      Armcc.exe V5.06 update 7 (build 960)
Assembler:       Armasm.exe V5.06 update 7 (build 960)
Linker/Locator:  ArmLink.exe V5.06 update 7 (build 960)
Library Manager: ArmAr.exe V5.06 update 7 (build 960)
Hex Converter:   FromElf.exe V5.06 update 7 (build 960)
CPU DLL:         SARMCM3.DLL V5.38.0.0
Dialog DLL:      DCM.DLL V1.17.5.0
Target DLL:      CMSIS_AGDI.dll V1.33.15.0
Dialog DLL:      TCM.DLL V1.56.4.0
 
<h2>Project:</h2>
D:\嵌入式程序\华大HC32F460\460-3.1\project\MDK\demo.uvprojx
Project File Date:  01/25/2024

<h2>Output:</h2>
*** Using Compiler 'V5.06 update 7 (build 960)', folder: 'D:\keil_v5\ARM\ARMCC\Bin'
Rebuild target 'demo'
assembling startup_hc32f460.s...
compiling hc32_ll_rtc.c...
compiling system_hc32f460.c...
compiling hc32_ll_sdioc.c...
compiling hc32_ll_interrupts.c...
compiling hc32_ll_gpio.c...
compiling hc32_ll_i2c.c...
compiling hc32_ll_adc.c...
compiling hc32_ll_aos.c...
compiling hc32_ll_spi.c...
compiling hc32_ll_can.c...
compiling hc32_ll_efm.c...
compiling hc32_ll_dma.c...
compiling hc32_ll_clk.c...
compiling hc32_ll.c...
compiling ev_hc32f460_lqfp100_v2.c...
compiling hc32_ll_swdt.c...
compiling hc32_ll_tmr0.c...
compiling hc32_ll_utility.c...
compiling hc32_ll_tmra.c...
compiling hc32_ll_fcg.c...
compiling hc32_ll_icg.c...
compiling hc32_ll_tmr6.c...
compiling hc32_ll_wdt.c...
compiling hc32_ll_qspi.c...
compiling hc32_ll_sram.c...
compiling hc32_ll_tmr4.c...
compiling hc32_ll_usart.c...
compiling hc32_ll_pwc.c...
compiling APPRTC.c...
compiling main.c...
linking...
.\lpm_powerdown_wkup.sct(17): warning: L6314W: No section matches pattern *.o(RAM1CODE).
Program Size: Code=20020 RO-data=744 RW-data=24 ZI-data=21000  
Finished: 0 information, 1 warning and 0 error messages.
FromELF: creating hex file...
".\Objects\demo.axf" - 0 Error(s), 1 Warning(s).

<h2>Software Packages used:</h2>

Package Vendor: ARM
                http://www.keil.com/pack/ARM.CMSIS.5.9.0.pack
                ARM.CMSIS.5.9.0
                CMSIS (Common Microcontroller Software Interface Standard)
   * Component: CORE Version: 5.6.0

Package Vendor: HDSC
                https://raw.githubusercontent.com/hdscmcu/pack/master/HDSC.HC32F460.1.0.11.pack
                HDSC.HC32F460.1.0.11
                HC32F460 ARM Cortex-M4 Device Family Pack

<h2>Collection of Component include folders:</h2>
  ./RTE/_demo
  D:/keil_v5/Packs/ARM/CMSIS/5.9.0/CMSIS/Core/Include
  D:/keil_v5/Packs/HDSC/HC32F460/1.0.11/Device/Include

<h2>Collection of Component Files used:</h2>

   * Component: ARM::CMSIS:CORE:5.6.0
Build Time Elapsed:  00:00:03
</pre>
</body>
</html>
