10:29:52 **** Incremental Build of configuration Debug for project GCC ****
Info: Internal Builder is used for build
arm-none-eabi-gcc -mcpu=cortex-m4 -mthumb -mthumb-interwork -O0 -fmessage-length=0 -fsigned-char -ffunction-sections -fdata-sections -Wall -g3 -D__DEBUG -DHC32F460 -DUSE_DDL_DRIVER -I../../../drivres/bsp/ev_hc32f460_lqfp100_v2 -I../../../drivers/cmsis/Device/HDSC/hc32f4xx/Include -I../../../drivers/cmsis/Include -I../../../drivers/hc32_ll_driver/inc -I../../../Qspiflash -I../../../HardWare/SD/fs/inc -I../../../source -std=gnu99 -c -o "drivers\\hc32_ll_driver\\src\\hc32_ll_wdt.o" "..\\..\\..\\drivers\\hc32_ll_driver\\src\\hc32_ll_wdt.c" 
arm-none-eabi-gcc -mcpu=cortex-m4 -mthumb -mthumb-interwork -O0 -fmessage-length=0 -fsigned-char -ffunction-sections -fdata-sections -Wall -g3 -D__DEBUG -DHC32F460 -DUSE_DDL_DRIVER -I../../../drivres/bsp/ev_hc32f460_lqfp100_v2 -I../../../drivers/cmsis/Device/HDSC/hc32f4xx/Include -I../../../drivers/cmsis/Include -I../../../drivers/hc32_ll_driver/inc -I../../../Qspiflash -I../../../HardWare/SD/fs/inc -I../../../source -std=gnu99 -c -o "source\\APPflash_E2.o" "..\\..\\..\\source\\APPflash_E2.c" 
In file included from ..\..\..\source\APPflash_E2.c:22:
../../../drivers/hc32_ll_driver/inc/hc32_ll.h:34:10: fatal error: ev_hc32f460_lqfp100_v2.h: No such file or directory
   34 | #include "ev_hc32f460_lqfp100_v2.h"
      |          ^~~~~~~~~~~~~~~~~~~~~~~~~~
compilation terminated.
10:30:53 **** Incremental Build of configuration Debug for project GCC ****
Info: Internal Builder is used for build
arm-none-eabi-gcc -mcpu=cortex-m4 -mthumb -mthumb-interwork -O0 -fmessage-length=0 -fsigned-char -ffunction-sections -fdata-sections -Wall -g3 -D__DEBUG -DHC32F460 -DUSE_DDL_DRIVER -I../../../drivres/bsp/ev_hc32f460_lqfp100_v2 -I../../../drivers/cmsis/Device/HDSC/hc32f4xx/Include -I../../../drivers/cmsis/Include -I../../../drivers/hc32_ll_driver/inc -I../../../Qspiflash -I../../../HardWare/SD/fs/inc -I../../../source -std=gnu99 -c -o "drivers\\hc32_ll_driver\\src\\hc32_ll_fcm.o" "..\\..\\..\\drivers\\hc32_ll_driver\\src\\hc32_ll_fcm.c" 
arm-none-eabi-gcc -mcpu=cortex-m4 -mthumb -mthumb-interwork -O0 -fmessage-length=0 -fsigned-char -ffunction-sections -fdata-sections -Wall -g3 -D__DEBUG -DHC32F460 -DUSE_DDL_DRIVER -I../../../drivres/bsp/ev_hc32f460_lqfp100_v2 -I../../../drivers/cmsis/Device/HDSC/hc32f4xx/Include -I../../../drivers/cmsis/Include -I../../../drivers/hc32_ll_driver/inc -I../../../Qspiflash -I../../../HardWare/SD/fs/inc -I../../../source -std=gnu99 -c -o "drivers\\hc32_ll_driver\\src\\hc32_ll_hash.o" "..\\..\\..\\drivers\\hc32_ll_driver\\src\\hc32_ll_hash.c" 
arm-none-eabi-gcc -mcpu=cortex-m4 -mthumb -mthumb-interwork -O0 -fmessage-length=0 -fsigned-char -ffunction-sections -fdata-sections -Wall -g3 -D__DEBUG -DHC32F460 -DUSE_DDL_DRIVER -I../../../drivres/bsp/ev_hc32f460_lqfp100_v2 -I../../../drivers/cmsis/Device/HDSC/hc32f4xx/Include -I../../../drivers/cmsis/Include -I../../../drivers/hc32_ll_driver/inc -I../../../Qspiflash -I../../../HardWare/SD/fs/inc -I../../../source -std=gnu99 -c -o "drivers\\hc32_ll_driver\\src\\hc32_ll_cmp.o" "..\\..\\..\\drivers\\hc32_ll_driver\\src\\hc32_ll_cmp.c" 
arm-none-eabi-gcc -mcpu=cortex-m4 -mthumb -mthumb-interwork -O0 -fmessage-length=0 -fsigned-char -ffunction-sections -fdata-sections -Wall -g3 -D__DEBUG -DHC32F460 -DUSE_DDL_DRIVER -I../../../drivres/bsp/ev_hc32f460_lqfp100_v2 -I../../../drivers/cmsis/Device/HDSC/hc32f4xx/Include -I../../../drivers/cmsis/Include -I../../../drivers/hc32_ll_driver/inc -I../../../Qspiflash -I../../../HardWare/SD/fs/inc -I../../../source -std=gnu99 -c -o "drivers\\hc32_ll_driver\\src\\hc32_ll_gpio.o" "..\\..\\..\\drivers\\hc32_ll_driver\\src\\hc32_ll_gpio.c" 
arm-none-eabi-gcc -mcpu=cortex-m4 -mthumb -mthumb-interwork -O0 -fmessage-length=0 -fsigned-char -ffunction-sections -fdata-sections -Wall -g3 -D__DEBUG -DHC32F460 -DUSE_DDL_DRIVER -I../../../drivres/bsp/ev_hc32f460_lqfp100_v2 -I../../../drivers/cmsis/Device/HDSC/hc32f4xx/Include -I../../../drivers/cmsis/Include -I../../../drivers/hc32_ll_driver/inc -I../../../Qspiflash -I../../../HardWare/SD/fs/inc -I../../../source -std=gnu99 -c -o "source\\APPtime4_pwm_through.o" "..\\..\\..\\source\\APPtime4_pwm_through.c" 
In file included from ..\..\..\source\APPtime4_pwm_through.c:24:
../../../drivers/hc32_ll_driver/inc/hc32_ll.h:34:10: fatal error: ev_hc32f460_lqfp100_v2.h: No such file or directory
   34 | #include "ev_hc32f460_lqfp100_v2.h"
      |          ^~~~~~~~~~~~~~~~~~~~~~~~~~
compilation terminated.
10:32:08 **** Incremental Build of configuration Debug for project GCC ****
Info: Internal Builder is used for build
arm-none-eabi-gcc -mcpu=cortex-m4 -mthumb -mthumb-interwork -O0 -fmessage-length=0 -fsigned-char -ffunction-sections -fdata-sections -Wall -g3 -D__DEBUG -DHC32F460 -DUSE_DDL_DRIVER -I../../../drivres/bsp/ev_hc32f460_lqfp100_v2 -I../../../drivers/cmsis/Device/HDSC/hc32f4xx/Include -I../../../drivers/cmsis/Include -I../../../drivers/hc32_ll_driver/inc -I../../../Qspiflash -I../../../HardWare/SD/fs/inc -I../../../source "-ID:\\USR\\460-3.1test\\drivers\\bsp\\ev_hc32f460_lqfp100_v2" -std=gnu99 -c -o "source\\APPflash_E2.o" "..\\..\\..\\source\\APPflash_E2.c" 
arm-none-eabi-gcc -mcpu=cortex-m4 -mthumb -mthumb-interwork -O0 -fmessage-length=0 -fsigned-char -ffunction-sections -fdata-sections -Wall -g3 -D__DEBUG -DHC32F460 -DUSE_DDL_DRIVER -I../../../drivres/bsp/ev_hc32f460_lqfp100_v2 -I../../../drivers/cmsis/Device/HDSC/hc32f4xx/Include -I../../../drivers/cmsis/Include -I../../../drivers/hc32_ll_driver/inc -I../../../Qspiflash -I../../../HardWare/SD/fs/inc -I../../../source "-ID:\\USR\\460-3.1test\\drivers\\bsp\\ev_hc32f460_lqfp100_v2" -std=gnu99 -c -o "drivers\\hc32_ll_driver\\src\\hc32_ll_pwc.o" "..\\..\\..\\drivers\\hc32_ll_driver\\src\\hc32_ll_pwc.c" 
arm-none-eabi-gcc -mcpu=cortex-m4 -mthumb -mthumb-interwork -O0 -fmessage-length=0 -fsigned-char -ffunction-sections -fdata-sections -Wall -g3 -D__DEBUG -DHC32F460 -DUSE_DDL_DRIVER -I../../../drivres/bsp/ev_hc32f460_lqfp100_v2 -I../../../drivers/cmsis/Device/HDSC/hc32f4xx/Include -I../../../drivers/cmsis/Include -I../../../drivers/hc32_ll_driver/inc -I../../../Qspiflash -I../../../HardWare/SD/fs/inc -I../../../source "-ID:\\USR\\460-3.1test\\drivers\\bsp\\ev_hc32f460_lqfp100_v2" -std=gnu99 -c -o "drivers\\hc32_ll_driver\\src\\hc32_ll_dma.o" "..\\..\\..\\drivers\\hc32_ll_driver\\src\\hc32_ll_dma.c" 
arm-none-eabi-gcc -mcpu=cortex-m4 -mthumb -mthumb-interwork -O0 -fmessage-length=0 -fsigned-char -ffunction-sections -fdata-sections -Wall -g3 -D__DEBUG -DHC32F460 -DUSE_DDL_DRIVER -I../../../drivres/bsp/ev_hc32f460_lqfp100_v2 -I../../../drivers/cmsis/Device/HDSC/hc32f4xx/Include -I../../../drivers/cmsis/Include -I../../../drivers/hc32_ll_driver/inc -I../../../Qspiflash -I../../../HardWare/SD/fs/inc -I../../../source "-ID:\\USR\\460-3.1test\\drivers\\bsp\\ev_hc32f460_lqfp100_v2" -std=gnu99 -c -o "drivers\\hc32_ll_driver\\src\\hc32_ll_wdt.o" "..\\..\\..\\drivers\\hc32_ll_driver\\src\\hc32_ll_wdt.c" 
arm-none-eabi-gcc -mcpu=cortex-m4 -mthumb -mthumb-interwork -O0 -fmessage-length=0 -fsigned-char -ffunction-sections -fdata-sections -Wall -g3 -D__DEBUG -DHC32F460 -DUSE_DDL_DRIVER -I../../../drivres/bsp/ev_hc32f460_lqfp100_v2 -I../../../drivers/cmsis/Device/HDSC/hc32f4xx/Include -I../../../drivers/cmsis/Include -I../../../drivers/hc32_ll_driver/inc -I../../../Qspiflash -I../../../HardWare/SD/fs/inc -I../../../source "-ID:\\USR\\460-3.1test\\drivers\\bsp\\ev_hc32f460_lqfp100_v2" -std=gnu99 -c -o "drivers\\hc32_ll_driver\\src\\hc32_ll_tmr0.o" "..\\..\\..\\drivers\\hc32_ll_driver\\src\\hc32_ll_tmr0.c" 
arm-none-eabi-gcc -mcpu=cortex-m4 -mthumb -mthumb-interwork -O0 -fmessage-length=0 -fsigned-char -ffunction-sections -fdata-sections -Wall -g3 -D__DEBUG -DHC32F460 -DUSE_DDL_DRIVER -I../../../drivres/bsp/ev_hc32f460_lqfp100_v2 -I../../../drivers/cmsis/Device/HDSC/hc32f4xx/Include -I../../../drivers/cmsis/Include -I../../../drivers/hc32_ll_driver/inc -I../../../Qspiflash -I../../../HardWare/SD/fs/inc -I../../../source "-ID:\\USR\\460-3.1test\\drivers\\bsp\\ev_hc32f460_lqfp100_v2" -std=gnu99 -c -o "drivers\\hc32_ll_driver\\src\\hc32_ll_trng.o" "..\\..\\..\\drivers\\hc32_ll_driver\\src\\hc32_ll_trng.c" 
arm-none-eabi-gcc -mcpu=cortex-m4 -mthumb -mthumb-interwork -O0 -fmessage-length=0 -fsigned-char -ffunction-sections -fdata-sections -Wall -g3 -D__DEBUG -DHC32F460 -DUSE_DDL_DRIVER -I../../../drivres/bsp/ev_hc32f460_lqfp100_v2 -I../../../drivers/cmsis/Device/HDSC/hc32f4xx/Include -I../../../drivers/cmsis/Include -I../../../drivers/hc32_ll_driver/inc -I../../../Qspiflash -I../../../HardWare/SD/fs/inc -I../../../source "-ID:\\USR\\460-3.1test\\drivers\\bsp\\ev_hc32f460_lqfp100_v2" -std=gnu99 -c -o "drivers\\hc32_ll_driver\\src\\hc32_ll_aes.o" "..\\..\\..\\drivers\\hc32_ll_driver\\src\\hc32_ll_aes.c" 
arm-none-eabi-gcc -mcpu=cortex-m4 -mthumb -mthumb-interwork -O0 -fmessage-length=0 -fsigned-char -ffunction-sections -fdata-sections -Wall -g3 -D__DEBUG -DHC32F460 -DUSE_DDL_DRIVER -I../../../drivres/bsp/ev_hc32f460_lqfp100_v2 -I../../../drivers/cmsis/Device/HDSC/hc32f4xx/Include -I../../../drivers/cmsis/Include -I../../../drivers/hc32_ll_driver/inc -I../../../Qspiflash -I../../../HardWare/SD/fs/inc -I../../../source "-ID:\\USR\\460-3.1test\\drivers\\bsp\\ev_hc32f460_lqfp100_v2" -std=gnu99 -c -o "drivers\\hc32_ll_driver\\src\\hc32_ll_icg.o" "..\\..\\..\\drivers\\hc32_ll_driver\\src\\hc32_ll_icg.c" 
arm-none-eabi-gcc -mcpu=cortex-m4 -mthumb -mthumb-interwork -O0 -fmessage-length=0 -fsigned-char -ffunction-sections -fdata-sections -Wall -g3 -D__DEBUG -DHC32F460 -DUSE_DDL_DRIVER -I../../../drivres/bsp/ev_hc32f460_lqfp100_v2 -I../../../drivers/cmsis/Device/HDSC/hc32f4xx/Include -I../../../drivers/cmsis/Include -I../../../drivers/hc32_ll_driver/inc -I../../../Qspiflash -I../../../HardWare/SD/fs/inc -I../../../source "-ID:\\USR\\460-3.1test\\drivers\\bsp\\ev_hc32f460_lqfp100_v2" -std=gnu99 -c -o "drivers\\hc32_ll_driver\\src\\hc32_ll_swdt.o" "..\\..\\..\\drivers\\hc32_ll_driver\\src\\hc32_ll_swdt.c" 
arm-none-eabi-gcc -mcpu=cortex-m4 -mthumb -mthumb-interwork -O0 -fmessage-length=0 -fsigned-char -ffunction-sections -fdata-sections -Wall -g3 -D__DEBUG -DHC32F460 -DUSE_DDL_DRIVER -I../../../drivres/bsp/ev_hc32f460_lqfp100_v2 -I../../../drivers/cmsis/Device/HDSC/hc32f4xx/Include -I../../../drivers/cmsis/Include -I../../../drivers/hc32_ll_driver/inc -I../../../Qspiflash -I../../../HardWare/SD/fs/inc -I../../../source "-ID:\\USR\\460-3.1test\\drivers\\bsp\\ev_hc32f460_lqfp100_v2" -std=gnu99 -c -o "source\\APP_CAN.o" "..\\..\\..\\source\\APP_CAN.c" 
arm-none-eabi-gcc -mcpu=cortex-m4 -mthumb -mthumb-interwork -O0 -fmessage-length=0 -fsigned-char -ffunction-sections -fdata-sections -Wall -g3 -D__DEBUG -DHC32F460 -DUSE_DDL_DRIVER -I../../../drivres/bsp/ev_hc32f460_lqfp100_v2 -I../../../drivers/cmsis/Device/HDSC/hc32f4xx/Include -I../../../drivers/cmsis/Include -I../../../drivers/hc32_ll_driver/inc -I../../../Qspiflash -I../../../HardWare/SD/fs/inc -I../../../source "-ID:\\USR\\460-3.1test\\drivers\\bsp\\ev_hc32f460_lqfp100_v2" -std=gnu99 -c -o "drivers\\hc32_ll_driver\\src\\hc32_ll_fcm.o" "..\\..\\..\\drivers\\hc32_ll_driver\\src\\hc32_ll_fcm.c" 
arm-none-eabi-gcc -mcpu=cortex-m4 -mthumb -mthumb-interwork -O0 -fmessage-length=0 -fsigned-char -ffunction-sections -fdata-sections -Wall -g3 -D__DEBUG -DHC32F460 -DUSE_DDL_DRIVER -I../../../drivres/bsp/ev_hc32f460_lqfp100_v2 -I../../../drivers/cmsis/Device/HDSC/hc32f4xx/Include -I../../../drivers/cmsis/Include -I../../../drivers/hc32_ll_driver/inc -I../../../Qspiflash -I../../../HardWare/SD/fs/inc -I../../../source "-ID:\\USR\\460-3.1test\\drivers\\bsp\\ev_hc32f460_lqfp100_v2" -std=gnu99 -c -o "drivers\\hc32_ll_driver\\src\\hc32_ll_tmr4.o" "..\\..\\..\\drivers\\hc32_ll_driver\\src\\hc32_ll_tmr4.c" 
arm-none-eabi-gcc -mcpu=cortex-m4 -mthumb -mthumb-interwork -O0 -fmessage-length=0 -fsigned-char -ffunction-sections -fdata-sections -Wall -g3 -D__DEBUG -DHC32F460 -DUSE_DDL_DRIVER -I../../../drivres/bsp/ev_hc32f460_lqfp100_v2 -I../../../drivers/cmsis/Device/HDSC/hc32f4xx/Include -I../../../drivers/cmsis/Include -I../../../drivers/hc32_ll_driver/inc -I../../../Qspiflash -I../../../HardWare/SD/fs/inc -I../../../source "-ID:\\USR\\460-3.1test\\drivers\\bsp\\ev_hc32f460_lqfp100_v2" -std=gnu99 -c -o "drivers\\hc32_ll_driver\\src\\hc32_ll_usb.o" "..\\..\\..\\drivers\\hc32_ll_driver\\src\\hc32_ll_usb.c" 
In file included from ..\..\..\drivers\hc32_ll_driver\src\hc32_ll_usb.c:26:
../../../drivers/hc32_ll_driver/inc/hc32_ll_usb.h:39:10: fatal error: usb_app_conf.h: No such file or directory
   39 | #include "usb_app_conf.h"
      |          ^~~~~~~~~~~~~~~~
compilation terminated.
10:32:39 **** Incremental Build of configuration Debug for project GCC ****
Info: Internal Builder is used for build
arm-none-eabi-gcc -mcpu=cortex-m4 -mthumb -mthumb-interwork -O0 -fmessage-length=0 -fsigned-char -ffunction-sections -fdata-sections -Wall -g3 -D__DEBUG -DHC32F460 -DUSE_DDL_DRIVER -I../../../drivres/bsp/ev_hc32f460_lqfp100_v2 -I../../../drivers/cmsis/Device/HDSC/hc32f4xx/Include -I../../../drivers/cmsis/Include -I../../../drivers/hc32_ll_driver/inc -I../../../Qspiflash -I../../../HardWare/SD/fs/inc -I../../../source "-ID:\\USR\\460-3.1test\\drivers\\bsp\\ev_hc32f460_lqfp100_v2" -std=gnu99 -c -o "drivers\\hc32_ll_driver\\src\\hc32_ll_i2c.o" "..\\..\\..\\drivers\\hc32_ll_driver\\src\\hc32_ll_i2c.c" 
arm-none-eabi-gcc -mcpu=cortex-m4 -mthumb -mthumb-interwork -O0 -fmessage-length=0 -fsigned-char -ffunction-sections -fdata-sections -Wall -g3 -D__DEBUG -DHC32F460 -DUSE_DDL_DRIVER -I../../../drivres/bsp/ev_hc32f460_lqfp100_v2 -I../../../drivers/cmsis/Device/HDSC/hc32f4xx/Include -I../../../drivers/cmsis/Include -I../../../drivers/hc32_ll_driver/inc -I../../../Qspiflash -I../../../HardWare/SD/fs/inc -I../../../source "-ID:\\USR\\460-3.1test\\drivers\\bsp\\ev_hc32f460_lqfp100_v2" -std=gnu99 -c -o "drivers\\hc32_ll_driver\\src\\hc32_ll_rtc.o" "..\\..\\..\\drivers\\hc32_ll_driver\\src\\hc32_ll_rtc.c" 
arm-none-eabi-gcc -mcpu=cortex-m4 -mthumb -mthumb-interwork -O0 -fmessage-length=0 -fsigned-char -ffunction-sections -fdata-sections -Wall -g3 -D__DEBUG -DHC32F460 -DUSE_DDL_DRIVER -I../../../drivres/bsp/ev_hc32f460_lqfp100_v2 -I../../../drivers/cmsis/Device/HDSC/hc32f4xx/Include -I../../../drivers/cmsis/Include -I../../../drivers/hc32_ll_driver/inc -I../../../Qspiflash -I../../../HardWare/SD/fs/inc -I../../../source "-ID:\\USR\\460-3.1test\\drivers\\bsp\\ev_hc32f460_lqfp100_v2" -std=gnu99 -c -o "drivers\\hc32_ll_driver\\src\\hc32_ll_trng.o" "..\\..\\..\\drivers\\hc32_ll_driver\\src\\hc32_ll_trng.c" 
arm-none-eabi-gcc -mcpu=cortex-m4 -mthumb -mthumb-interwork -O0 -fmessage-length=0 -fsigned-char -ffunction-sections -fdata-sections -Wall -g3 -D__DEBUG -DHC32F460 -DUSE_DDL_DRIVER -I../../../drivres/bsp/ev_hc32f460_lqfp100_v2 -I../../../drivers/cmsis/Device/HDSC/hc32f4xx/Include -I../../../drivers/cmsis/Include -I../../../drivers/hc32_ll_driver/inc -I../../../Qspiflash -I../../../HardWare/SD/fs/inc -I../../../source "-ID:\\USR\\460-3.1test\\drivers\\bsp\\ev_hc32f460_lqfp100_v2" -std=gnu99 -c -o "HardWare\\485\\my485.o" "..\\..\\..\\HardWare\\485\\my485.c" 
arm-none-eabi-gcc -mcpu=cortex-m4 -mthumb -mthumb-interwork -O0 -fmessage-length=0 -fsigned-char -ffunction-sections -fdata-sections -Wall -g3 -D__DEBUG -DHC32F460 -DUSE_DDL_DRIVER -I../../../drivres/bsp/ev_hc32f460_lqfp100_v2 -I../../../drivers/cmsis/Device/HDSC/hc32f4xx/Include -I../../../drivers/cmsis/Include -I../../../drivers/hc32_ll_driver/inc -I../../../Qspiflash -I../../../HardWare/SD/fs/inc -I../../../source "-ID:\\USR\\460-3.1test\\drivers\\bsp\\ev_hc32f460_lqfp100_v2" -std=gnu99 -c -o "drivers\\hc32_ll_driver\\src\\hc32f460_ll_interrupts_share.o" "..\\..\\..\\drivers\\hc32_ll_driver\\src\\hc32f460_ll_interrupts_share.c" 
arm-none-eabi-gcc -mcpu=cortex-m4 -mthumb -mthumb-interwork -O0 -fmessage-length=0 -fsigned-char -ffunction-sections -fdata-sections -Wall -g3 -D__DEBUG -DHC32F460 -DUSE_DDL_DRIVER -I../../../drivres/bsp/ev_hc32f460_lqfp100_v2 -I../../../drivers/cmsis/Device/HDSC/hc32f4xx/Include -I../../../drivers/cmsis/Include -I../../../drivers/hc32_ll_driver/inc -I../../../Qspiflash -I../../../HardWare/SD/fs/inc -I../../../source "-ID:\\USR\\460-3.1test\\drivers\\bsp\\ev_hc32f460_lqfp100_v2" -std=gnu99 -c -o "drivers\\hc32_ll_driver\\src\\hc32_ll_aes.o" "..\\..\\..\\drivers\\hc32_ll_driver\\src\\hc32_ll_aes.c" 
arm-none-eabi-gcc -mcpu=cortex-m4 -mthumb -mthumb-interwork -O0 -fmessage-length=0 -fsigned-char -ffunction-sections -fdata-sections -Wall -g3 -D__DEBUG -DHC32F460 -DUSE_DDL_DRIVER -I../../../drivres/bsp/ev_hc32f460_lqfp100_v2 -I../../../drivers/cmsis/Device/HDSC/hc32f4xx/Include -I../../../drivers/cmsis/Include -I../../../drivers/hc32_ll_driver/inc -I../../../Qspiflash -I../../../HardWare/SD/fs/inc -I../../../source "-ID:\\USR\\460-3.1test\\drivers\\bsp\\ev_hc32f460_lqfp100_v2" -std=gnu99 -c -o "drivers\\hc32_ll_driver\\src\\hc32_ll_ots.o" "..\\..\\..\\drivers\\hc32_ll_driver\\src\\hc32_ll_ots.c" 
arm-none-eabi-gcc -mcpu=cortex-m4 -mthumb -mthumb-interwork -O0 -fmessage-length=0 -fsigned-char -ffunction-sections -fdata-sections -Wall -g3 -D__DEBUG -DHC32F460 -DUSE_DDL_DRIVER -I../../../drivres/bsp/ev_hc32f460_lqfp100_v2 -I../../../drivers/cmsis/Device/HDSC/hc32f4xx/Include -I../../../drivers/cmsis/Include -I../../../drivers/hc32_ll_driver/inc -I../../../Qspiflash -I../../../HardWare/SD/fs/inc -I../../../source "-ID:\\USR\\460-3.1test\\drivers\\bsp\\ev_hc32f460_lqfp100_v2" -std=gnu99 -c -o "drivers\\hc32_ll_driver\\src\\hc32_ll_sdioc.o" "..\\..\\..\\drivers\\hc32_ll_driver\\src\\hc32_ll_sdioc.c" 
arm-none-eabi-gcc -mcpu=cortex-m4 -mthumb -mthumb-interwork -O0 -fmessage-length=0 -fsigned-char -ffunction-sections -fdata-sections -Wall -g3 -D__DEBUG -DHC32F460 -DUSE_DDL_DRIVER -I../../../drivres/bsp/ev_hc32f460_lqfp100_v2 -I../../../drivers/cmsis/Device/HDSC/hc32f4xx/Include -I../../../drivers/cmsis/Include -I../../../drivers/hc32_ll_driver/inc -I../../../Qspiflash -I../../../HardWare/SD/fs/inc -I../../../source "-ID:\\USR\\460-3.1test\\drivers\\bsp\\ev_hc32f460_lqfp100_v2" -std=gnu99 -c -o "drivers\\hc32_ll_driver\\src\\hc32_ll_efm.o" "..\\..\\..\\drivers\\hc32_ll_driver\\src\\hc32_ll_efm.c" 
arm-none-eabi-gcc -mcpu=cortex-m4 -mthumb -mthumb-interwork -O0 -fmessage-length=0 -fsigned-char -ffunction-sections -fdata-sections -Wall -g3 -D__DEBUG -DHC32F460 -DUSE_DDL_DRIVER -I../../../drivres/bsp/ev_hc32f460_lqfp100_v2 -I../../../drivers/cmsis/Device/HDSC/hc32f4xx/Include -I../../../drivers/cmsis/Include -I../../../drivers/hc32_ll_driver/inc -I../../../Qspiflash -I../../../HardWare/SD/fs/inc -I../../../source "-ID:\\USR\\460-3.1test\\drivers\\bsp\\ev_hc32f460_lqfp100_v2" -std=gnu99 -c -o "drivers\\hc32_ll_driver\\src\\hc32_ll_keyscan.o" "..\\..\\..\\drivers\\hc32_ll_driver\\src\\hc32_ll_keyscan.c" 
arm-none-eabi-gcc -mcpu=cortex-m4 -mthumb -mthumb-interwork -O0 -fmessage-length=0 -fsigned-char -ffunction-sections -fdata-sections -Wall -g3 -x assembler-with-cpp -c -o "drivers\\cmsis\\Device\\HDSC\\hc32f4xx\\Source\\GCC\\startup_hc32f460.o" "..\\..\\..\\drivers\\cmsis\\Device\\HDSC\\hc32f4xx\\Source\\GCC\\startup_hc32f460.S" 
arm-none-eabi-gcc -mcpu=cortex-m4 -mthumb -mthumb-interwork -O0 -fmessage-length=0 -fsigned-char -ffunction-sections -fdata-sections -Wall -g3 -D__DEBUG -DHC32F460 -DUSE_DDL_DRIVER -I../../../drivres/bsp/ev_hc32f460_lqfp100_v2 -I../../../drivers/cmsis/Device/HDSC/hc32f4xx/Include -I../../../drivers/cmsis/Include -I../../../drivers/hc32_ll_driver/inc -I../../../Qspiflash -I../../../HardWare/SD/fs/inc -I../../../source "-ID:\\USR\\460-3.1test\\drivers\\bsp\\ev_hc32f460_lqfp100_v2" -std=gnu99 -c -o "drivers\\hc32_ll_driver\\src\\hc32_ll_mpu.o" "..\\..\\..\\drivers\\hc32_ll_driver\\src\\hc32_ll_mpu.c" 
arm-none-eabi-gcc -mcpu=cortex-m4 -mthumb -mthumb-interwork -O0 -fmessage-length=0 -fsigned-char -ffunction-sections -fdata-sections -Wall -g3 -D__DEBUG -DHC32F460 -DUSE_DDL_DRIVER -I../../../drivres/bsp/ev_hc32f460_lqfp100_v2 -I../../../drivers/cmsis/Device/HDSC/hc32f4xx/Include -I../../../drivers/cmsis/Include -I../../../drivers/hc32_ll_driver/inc -I../../../Qspiflash -I../../../HardWare/SD/fs/inc -I../../../source "-ID:\\USR\\460-3.1test\\drivers\\bsp\\ev_hc32f460_lqfp100_v2" -std=gnu99 -c -o "drivers\\hc32_ll_driver\\src\\hc32_ll_utility.o" "..\\..\\..\\drivers\\hc32_ll_driver\\src\\hc32_ll_utility.c" 
arm-none-eabi-gcc -mcpu=cortex-m4 -mthumb -mthumb-interwork -O0 -fmessage-length=0 -fsigned-char -ffunction-sections -fdata-sections -Wall -g3 -D__DEBUG -DHC32F460 -DUSE_DDL_DRIVER -I../../../drivres/bsp/ev_hc32f460_lqfp100_v2 -I../../../drivers/cmsis/Device/HDSC/hc32f4xx/Include -I../../../drivers/cmsis/Include -I../../../drivers/hc32_ll_driver/inc -I../../../Qspiflash -I../../../HardWare/SD/fs/inc -I../../../source "-ID:\\USR\\460-3.1test\\drivers\\bsp\\ev_hc32f460_lqfp100_v2" -std=gnu99 -c -o "HardWare\\SD\\fs\\src\\sd.o" "..\\..\\..\\HardWare\\SD\\fs\\src\\sd.c" 
..\..\..\HardWare\SD\fs\src\sd.c: In function 'SD_Init':
..\..\..\HardWare\SD\fs\src\sd.c:133:1: warning: multi-line comment [-Wcomment]
  133 | //       CLK_SetClockDiv(CLK_BUS_CLK_ALL, \
      | ^
..\..\..\HardWare\SD\fs\src\sd.c:140:1: warning: multi-line comment [-Wcomment]
  140 | //      CLK_SetClockDiv(CLK_BUS_CLK_ALL, \
      | ^
..\..\..\HardWare\SD\fs\src\sd.c:152:1: warning: multi-line comment [-Wcomment]
  152 | //      CLK_SetClockDiv(CLK_BUS_CLK_ALL, \
      | ^
..\..\..\HardWare\SD\fs\src\sd.c:171:1: warning: multi-line comment [-Wcomment]
  171 | //      CLK_SetClockDiv(CLK_BUS_CLK_ALL, \
      | ^
..\..\..\HardWare\SD\fs\src\sd.c:177:1: warning: multi-line comment [-Wcomment]
  177 | //       CLK_SetClockDiv(CLK_BUS_CLK_ALL, \
      | ^
arm-none-eabi-gcc -mcpu=cortex-m4 -mthumb -mthumb-interwork -O0 -fmessage-length=0 -fsigned-char -ffunction-sections -fdata-sections -Wall -g3 -D__DEBUG -DHC32F460 -DUSE_DDL_DRIVER -I../../../drivres/bsp/ev_hc32f460_lqfp100_v2 -I../../../drivers/cmsis/Device/HDSC/hc32f4xx/Include -I../../../drivers/cmsis/Include -I../../../drivers/hc32_ll_driver/inc -I../../../Qspiflash -I../../../HardWare/SD/fs/inc -I../../../source "-ID:\\USR\\460-3.1test\\drivers\\bsp\\ev_hc32f460_lqfp100_v2" -std=gnu99 -c -o "source\\APP_CAN.o" "..\\..\\..\\source\\APP_CAN.c" 
arm-none-eabi-gcc -mcpu=cortex-m4 -mthumb -mthumb-interwork -O0 -fmessage-length=0 -fsigned-char -ffunction-sections -fdata-sections -Wall -g3 -D__DEBUG -DHC32F460 -DUSE_DDL_DRIVER -I../../../drivres/bsp/ev_hc32f460_lqfp100_v2 -I../../../drivers/cmsis/Device/HDSC/hc32f4xx/Include -I../../../drivers/cmsis/Include -I../../../drivers/hc32_ll_driver/inc -I../../../Qspiflash -I../../../HardWare/SD/fs/inc -I../../../source "-ID:\\USR\\460-3.1test\\drivers\\bsp\\ev_hc32f460_lqfp100_v2" -std=gnu99 -c -o "drivers\\cmsis\\Device\\HDSC\\hc32f4xx\\Source\\system_hc32f460.o" "..\\..\\..\\drivers\\cmsis\\Device\\HDSC\\hc32f4xx\\Source\\system_hc32f460.c" 
arm-none-eabi-gcc -mcpu=cortex-m4 -mthumb -mthumb-interwork -O0 -fmessage-length=0 -fsigned-char -ffunction-sections -fdata-sections -Wall -g3 -D__DEBUG -DHC32F460 -DUSE_DDL_DRIVER -I../../../drivres/bsp/ev_hc32f460_lqfp100_v2 -I../../../drivers/cmsis/Device/HDSC/hc32f4xx/Include -I../../../drivers/cmsis/Include -I../../../drivers/hc32_ll_driver/inc -I../../../Qspiflash -I../../../HardWare/SD/fs/inc -I../../../source "-ID:\\USR\\460-3.1test\\drivers\\bsp\\ev_hc32f460_lqfp100_v2" -std=gnu99 -c -o "drivers\\hc32_ll_driver\\src\\hc32_ll_qspi.o" "..\\..\\..\\drivers\\hc32_ll_driver\\src\\hc32_ll_qspi.c" 
arm-none-eabi-gcc -mcpu=cortex-m4 -mthumb -mthumb-interwork -O0 -fmessage-length=0 -fsigned-char -ffunction-sections -fdata-sections -Wall -g3 -D__DEBUG -DHC32F460 -DUSE_DDL_DRIVER -I../../../drivres/bsp/ev_hc32f460_lqfp100_v2 -I../../../drivers/cmsis/Device/HDSC/hc32f4xx/Include -I../../../drivers/cmsis/Include -I../../../drivers/hc32_ll_driver/inc -I../../../Qspiflash -I../../../HardWare/SD/fs/inc -I../../../source "-ID:\\USR\\460-3.1test\\drivers\\bsp\\ev_hc32f460_lqfp100_v2" -std=gnu99 -c -o "source\\main.o" "..\\..\\..\\source\\main.c" 
..\..\..\source\main.c:94:9: warning: return type of 'main' is not 'int' [-Wmain]
   94 | int32_t main(void)
      |         ^~~~
arm-none-eabi-gcc -mcpu=cortex-m4 -mthumb -mthumb-interwork -O0 -fmessage-length=0 -fsigned-char -ffunction-sections -fdata-sections -Wall -g3 -D__DEBUG -DHC32F460 -DUSE_DDL_DRIVER -I../../../drivres/bsp/ev_hc32f460_lqfp100_v2 -I../../../drivers/cmsis/Device/HDSC/hc32f4xx/Include -I../../../drivers/cmsis/Include -I../../../drivers/hc32_ll_driver/inc -I../../../Qspiflash -I../../../HardWare/SD/fs/inc -I../../../source "-ID:\\USR\\460-3.1test\\drivers\\bsp\\ev_hc32f460_lqfp100_v2" -std=gnu99 -c -o "drivers\\hc32_ll_driver\\src\\hc32_ll_can.o" "..\\..\\..\\drivers\\hc32_ll_driver\\src\\hc32_ll_can.c" 
arm-none-eabi-gcc -mcpu=cortex-m4 -mthumb -mthumb-interwork -O0 -fmessage-length=0 -fsigned-char -ffunction-sections -fdata-sections -Wall -g3 -D__DEBUG -DHC32F460 -DUSE_DDL_DRIVER -I../../../drivres/bsp/ev_hc32f460_lqfp100_v2 -I../../../drivers/cmsis/Device/HDSC/hc32f4xx/Include -I../../../drivers/cmsis/Include -I../../../drivers/hc32_ll_driver/inc -I../../../Qspiflash -I../../../HardWare/SD/fs/inc -I../../../source "-ID:\\USR\\460-3.1test\\drivers\\bsp\\ev_hc32f460_lqfp100_v2" -std=gnu99 -c -o "drivers\\hc32_ll_driver\\src\\hc32_ll_spi.o" "..\\..\\..\\drivers\\hc32_ll_driver\\src\\hc32_ll_spi.c" 
arm-none-eabi-gcc -mcpu=cortex-m4 -mthumb -mthumb-interwork -O0 -fmessage-length=0 -fsigned-char -ffunction-sections -fdata-sections -Wall -g3 -D__DEBUG -DHC32F460 -DUSE_DDL_DRIVER -I../../../drivres/bsp/ev_hc32f460_lqfp100_v2 -I../../../drivers/cmsis/Device/HDSC/hc32f4xx/Include -I../../../drivers/cmsis/Include -I../../../drivers/hc32_ll_driver/inc -I../../../Qspiflash -I../../../HardWare/SD/fs/inc -I../../../source "-ID:\\USR\\460-3.1test\\drivers\\bsp\\ev_hc32f460_lqfp100_v2" -std=gnu99 -c -o "HardWare\\Qspiflash\\qspi_flash.o" "..\\..\\..\\HardWare\\Qspiflash\\qspi_flash.c" 
arm-none-eabi-gcc -mcpu=cortex-m4 -mthumb -mthumb-interwork -O0 -fmessage-length=0 -fsigned-char -ffunction-sections -fdata-sections -Wall -g3 -D__DEBUG -DHC32F460 -DUSE_DDL_DRIVER -I../../../drivres/bsp/ev_hc32f460_lqfp100_v2 -I../../../drivers/cmsis/Device/HDSC/hc32f4xx/Include -I../../../drivers/cmsis/Include -I../../../drivers/hc32_ll_driver/inc -I../../../Qspiflash -I../../../HardWare/SD/fs/inc -I../../../source "-ID:\\USR\\460-3.1test\\drivers\\bsp\\ev_hc32f460_lqfp100_v2" -std=gnu99 -c -o "drivers\\hc32_ll_driver\\src\\hc32_ll_fcm.o" "..\\..\\..\\drivers\\hc32_ll_driver\\src\\hc32_ll_fcm.c" 
arm-none-eabi-gcc -mcpu=cortex-m4 -mthumb -mthumb-interwork -O0 -fmessage-length=0 -fsigned-char -ffunction-sections -fdata-sections -Wall -g3 -D__DEBUG -DHC32F460 -DUSE_DDL_DRIVER -I../../../drivres/bsp/ev_hc32f460_lqfp100_v2 -I../../../drivers/cmsis/Device/HDSC/hc32f4xx/Include -I../../../drivers/cmsis/Include -I../../../drivers/hc32_ll_driver/inc -I../../../Qspiflash -I../../../HardWare/SD/fs/inc -I../../../source "-ID:\\USR\\460-3.1test\\drivers\\bsp\\ev_hc32f460_lqfp100_v2" -std=gnu99 -c -o "drivers\\hc32_ll_driver\\src\\hc32_ll_rmu.o" "..\\..\\..\\drivers\\hc32_ll_driver\\src\\hc32_ll_rmu.c" 
arm-none-eabi-gcc -mcpu=cortex-m4 -mthumb -mthumb-interwork -O0 -fmessage-length=0 -fsigned-char -ffunction-sections -fdata-sections -Wall -g3 -D__DEBUG -DHC32F460 -DUSE_DDL_DRIVER -I../../../drivres/bsp/ev_hc32f460_lqfp100_v2 -I../../../drivers/cmsis/Device/HDSC/hc32f4xx/Include -I../../../drivers/cmsis/Include -I../../../drivers/hc32_ll_driver/inc -I../../../Qspiflash -I../../../HardWare/SD/fs/inc -I../../../source "-ID:\\USR\\460-3.1test\\drivers\\bsp\\ev_hc32f460_lqfp100_v2" -std=gnu99 -c -o "drivers\\hc32_ll_driver\\src\\hc32_ll_emb.o" "..\\..\\..\\drivers\\hc32_ll_driver\\src\\hc32_ll_emb.c" 
arm-none-eabi-gcc -mcpu=cortex-m4 -mthumb -mthumb-interwork -O0 -fmessage-length=0 -fsigned-char -ffunction-sections -fdata-sections -Wall -g3 -D__DEBUG -DHC32F460 -DUSE_DDL_DRIVER -I../../../drivres/bsp/ev_hc32f460_lqfp100_v2 -I../../../drivers/cmsis/Device/HDSC/hc32f4xx/Include -I../../../drivers/cmsis/Include -I../../../drivers/hc32_ll_driver/inc -I../../../Qspiflash -I../../../HardWare/SD/fs/inc -I../../../source "-ID:\\USR\\460-3.1test\\drivers\\bsp\\ev_hc32f460_lqfp100_v2" -std=gnu99 -c -o "drivers\\hc32_ll_driver\\src\\hc32_ll_tmr4.o" "..\\..\\..\\drivers\\hc32_ll_driver\\src\\hc32_ll_tmr4.c" 
arm-none-eabi-gcc -mcpu=cortex-m4 -mthumb -mthumb-interwork -O0 -fmessage-length=0 -fsigned-char -ffunction-sections -fdata-sections -Wall -g3 -D__DEBUG -DHC32F460 -DUSE_DDL_DRIVER -I../../../drivres/bsp/ev_hc32f460_lqfp100_v2 -I../../../drivers/cmsis/Device/HDSC/hc32f4xx/Include -I../../../drivers/cmsis/Include -I../../../drivers/hc32_ll_driver/inc -I../../../Qspiflash -I../../../HardWare/SD/fs/inc -I../../../source "-ID:\\USR\\460-3.1test\\drivers\\bsp\\ev_hc32f460_lqfp100_v2" -std=gnu99 -c -o "drivers\\hc32_ll_driver\\src\\hc32_ll_aos.o" "..\\..\\..\\drivers\\hc32_ll_driver\\src\\hc32_ll_aos.c" 
arm-none-eabi-gcc -mcpu=cortex-m4 -mthumb -mthumb-interwork -O0 -fmessage-length=0 -fsigned-char -ffunction-sections -fdata-sections -Wall -g3 -D__DEBUG -DHC32F460 -DUSE_DDL_DRIVER -I../../../drivres/bsp/ev_hc32f460_lqfp100_v2 -I../../../drivers/cmsis/Device/HDSC/hc32f4xx/Include -I../../../drivers/cmsis/Include -I../../../drivers/hc32_ll_driver/inc -I../../../Qspiflash -I../../../HardWare/SD/fs/inc -I../../../source "-ID:\\USR\\460-3.1test\\drivers\\bsp\\ev_hc32f460_lqfp100_v2" -std=gnu99 -c -o "drivers\\hc32_ll_driver\\src\\hc32_ll_sram.o" "..\\..\\..\\drivers\\hc32_ll_driver\\src\\hc32_ll_sram.c" 
arm-none-eabi-gcc -mcpu=cortex-m4 -mthumb -mthumb-interwork -O0 -fmessage-length=0 -fsigned-char -ffunction-sections -fdata-sections -Wall -g3 -D__DEBUG -DHC32F460 -DUSE_DDL_DRIVER -I../../../drivres/bsp/ev_hc32f460_lqfp100_v2 -I../../../drivers/cmsis/Device/HDSC/hc32f4xx/Include -I../../../drivers/cmsis/Include -I../../../drivers/hc32_ll_driver/inc -I../../../Qspiflash -I../../../HardWare/SD/fs/inc -I../../../source "-ID:\\USR\\460-3.1test\\drivers\\bsp\\ev_hc32f460_lqfp100_v2" -std=gnu99 -c -o "drivers\\hc32_ll_driver\\src\\hc32_ll_tmr0.o" "..\\..\\..\\drivers\\hc32_ll_driver\\src\\hc32_ll_tmr0.c" 
arm-none-eabi-gcc -mcpu=cortex-m4 -mthumb -mthumb-interwork -O0 -fmessage-length=0 -fsigned-char -ffunction-sections -fdata-sections -Wall -g3 -D__DEBUG -DHC32F460 -DUSE_DDL_DRIVER -I../../../drivres/bsp/ev_hc32f460_lqfp100_v2 -I../../../drivers/cmsis/Device/HDSC/hc32f4xx/Include -I../../../drivers/cmsis/Include -I../../../drivers/hc32_ll_driver/inc -I../../../Qspiflash -I../../../HardWare/SD/fs/inc -I../../../source "-ID:\\USR\\460-3.1test\\drivers\\bsp\\ev_hc32f460_lqfp100_v2" -std=gnu99 -c -o "drivers\\bsp\\ev_hc32f460_lqfp100_v2\\ev_hc32f460_lqfp100_v2.o" "..\\..\\..\\drivers\\bsp\\ev_hc32f460_lqfp100_v2\\ev_hc32f460_lqfp100_v2.c" 
arm-none-eabi-gcc -mcpu=cortex-m4 -mthumb -mthumb-interwork -O0 -fmessage-length=0 -fsigned-char -ffunction-sections -fdata-sections -Wall -g3 -D__DEBUG -DHC32F460 -DUSE_DDL_DRIVER -I../../../drivres/bsp/ev_hc32f460_lqfp100_v2 -I../../../drivers/cmsis/Device/HDSC/hc32f4xx/Include -I../../../drivers/cmsis/Include -I../../../drivers/hc32_ll_driver/inc -I../../../Qspiflash -I../../../HardWare/SD/fs/inc -I../../../source "-ID:\\USR\\460-3.1test\\drivers\\bsp\\ev_hc32f460_lqfp100_v2" -std=gnu99 -c -o "source\\APPADC.o" "..\\..\\..\\source\\APPADC.c" 
arm-none-eabi-gcc -mcpu=cortex-m4 -mthumb -mthumb-interwork -O0 -fmessage-length=0 -fsigned-char -ffunction-sections -fdata-sections -Wall -g3 -D__DEBUG -DHC32F460 -DUSE_DDL_DRIVER -I../../../drivres/bsp/ev_hc32f460_lqfp100_v2 -I../../../drivers/cmsis/Device/HDSC/hc32f4xx/Include -I../../../drivers/cmsis/Include -I../../../drivers/hc32_ll_driver/inc -I../../../Qspiflash -I../../../HardWare/SD/fs/inc -I../../../source "-ID:\\USR\\460-3.1test\\drivers\\bsp\\ev_hc32f460_lqfp100_v2" -std=gnu99 -c -o "source\\APPUartDma.o" "..\\..\\..\\source\\APPUartDma.c" 
arm-none-eabi-gcc -mcpu=cortex-m4 -mthumb -mthumb-interwork -O0 -fmessage-length=0 -fsigned-char -ffunction-sections -fdata-sections -Wall -g3 -D__DEBUG -DHC32F460 -DUSE_DDL_DRIVER -I../../../drivres/bsp/ev_hc32f460_lqfp100_v2 -I../../../drivers/cmsis/Device/HDSC/hc32f4xx/Include -I../../../drivers/cmsis/Include -I../../../drivers/hc32_ll_driver/inc -I../../../Qspiflash -I../../../HardWare/SD/fs/inc -I../../../source "-ID:\\USR\\460-3.1test\\drivers\\bsp\\ev_hc32f460_lqfp100_v2" -std=gnu99 -c -o "source\\APPtime4_pwm_through.o" "..\\..\\..\\source\\APPtime4_pwm_through.c" 
arm-none-eabi-gcc -mcpu=cortex-m4 -mthumb -mthumb-interwork -O0 -fmessage-length=0 -fsigned-char -ffunction-sections -fdata-sections -Wall -g3 -D__DEBUG -DHC32F460 -DUSE_DDL_DRIVER -I../../../drivres/bsp/ev_hc32f460_lqfp100_v2 -I../../../drivers/cmsis/Device/HDSC/hc32f4xx/Include -I../../../drivers/cmsis/Include -I../../../drivers/hc32_ll_driver/inc -I../../../Qspiflash -I../../../HardWare/SD/fs/inc -I../../../source "-ID:\\USR\\460-3.1test\\drivers\\bsp\\ev_hc32f460_lqfp100_v2" -std=gnu99 -c -o "drivers\\hc32_ll_driver\\src\\hc32_ll_event_port.o" "..\\..\\..\\drivers\\hc32_ll_driver\\src\\hc32_ll_event_port.c" 
arm-none-eabi-gcc -mcpu=cortex-m4 -mthumb -mthumb-interwork -O0 -fmessage-length=0 -fsigned-char -ffunction-sections -fdata-sections -Wall -g3 -D__DEBUG -DHC32F460 -DUSE_DDL_DRIVER -I../../../drivres/bsp/ev_hc32f460_lqfp100_v2 -I../../../drivers/cmsis/Device/HDSC/hc32f4xx/Include -I../../../drivers/cmsis/Include -I../../../drivers/hc32_ll_driver/inc -I../../../Qspiflash -I../../../HardWare/SD/fs/inc -I../../../source "-ID:\\USR\\460-3.1test\\drivers\\bsp\\ev_hc32f460_lqfp100_v2" -std=gnu99 -c -o "drivers\\hc32_ll_driver\\src\\hc32_ll_gpio.o" "..\\..\\..\\drivers\\hc32_ll_driver\\src\\hc32_ll_gpio.c" 
arm-none-eabi-gcc -mcpu=cortex-m4 -mthumb -mthumb-interwork -O0 -fmessage-length=0 -fsigned-char -ffunction-sections -fdata-sections -Wall -g3 -D__DEBUG -DHC32F460 -DUSE_DDL_DRIVER -I../../../drivres/bsp/ev_hc32f460_lqfp100_v2 -I../../../drivers/cmsis/Device/HDSC/hc32f4xx/Include -I../../../drivers/cmsis/Include -I../../../drivers/hc32_ll_driver/inc -I../../../Qspiflash -I../../../HardWare/SD/fs/inc -I../../../source "-ID:\\USR\\460-3.1test\\drivers\\bsp\\ev_hc32f460_lqfp100_v2" -std=gnu99 -c -o "drivers\\hc32_ll_driver\\src\\hc32_ll_swdt.o" "..\\..\\..\\drivers\\hc32_ll_driver\\src\\hc32_ll_swdt.c" 
arm-none-eabi-gcc -mcpu=cortex-m4 -mthumb -mthumb-interwork -O0 -fmessage-length=0 -fsigned-char -ffunction-sections -fdata-sections -Wall -g3 -D__DEBUG -DHC32F460 -DUSE_DDL_DRIVER -I../../../drivres/bsp/ev_hc32f460_lqfp100_v2 -I../../../drivers/cmsis/Device/HDSC/hc32f4xx/Include -I../../../drivers/cmsis/Include -I../../../drivers/hc32_ll_driver/inc -I../../../Qspiflash -I../../../HardWare/SD/fs/inc -I../../../source "-ID:\\USR\\460-3.1test\\drivers\\bsp\\ev_hc32f460_lqfp100_v2" -std=gnu99 -c -o "source\\APPTime0.o" "..\\..\\..\\source\\APPTime0.c" 
arm-none-eabi-gcc -mcpu=cortex-m4 -mthumb -mthumb-interwork -O0 -fmessage-length=0 -fsigned-char -ffunction-sections -fdata-sections -Wall -g3 -D__DEBUG -DHC32F460 -DUSE_DDL_DRIVER -I../../../drivres/bsp/ev_hc32f460_lqfp100_v2 -I../../../drivers/cmsis/Device/HDSC/hc32f4xx/Include -I../../../drivers/cmsis/Include -I../../../drivers/hc32_ll_driver/inc -I../../../Qspiflash -I../../../HardWare/SD/fs/inc -I../../../source "-ID:\\USR\\460-3.1test\\drivers\\bsp\\ev_hc32f460_lqfp100_v2" -std=gnu99 -c -o "drivers\\hc32_ll_driver\\src\\hc32_ll_hash.o" "..\\..\\..\\drivers\\hc32_ll_driver\\src\\hc32_ll_hash.c" 
arm-none-eabi-gcc -mcpu=cortex-m4 -mthumb -mthumb-interwork -O0 -fmessage-length=0 -fsigned-char -ffunction-sections -fdata-sections -Wall -g3 -D__DEBUG -DHC32F460 -DUSE_DDL_DRIVER -I../../../drivres/bsp/ev_hc32f460_lqfp100_v2 -I../../../drivers/cmsis/Device/HDSC/hc32f4xx/Include -I../../../drivers/cmsis/Include -I../../../drivers/hc32_ll_driver/inc -I../../../Qspiflash -I../../../HardWare/SD/fs/inc -I../../../source "-ID:\\USR\\460-3.1test\\drivers\\bsp\\ev_hc32f460_lqfp100_v2" -std=gnu99 -c -o "drivers\\hc32_ll_driver\\src\\hc32_ll_dma.o" "..\\..\\..\\drivers\\hc32_ll_driver\\src\\hc32_ll_dma.c" 
arm-none-eabi-gcc -mcpu=cortex-m4 -mthumb -mthumb-interwork -O0 -fmessage-length=0 -fsigned-char -ffunction-sections -fdata-sections -Wall -g3 -D__DEBUG -DHC32F460 -DUSE_DDL_DRIVER -I../../../drivres/bsp/ev_hc32f460_lqfp100_v2 -I../../../drivers/cmsis/Device/HDSC/hc32f4xx/Include -I../../../drivers/cmsis/Include -I../../../drivers/hc32_ll_driver/inc -I../../../Qspiflash -I../../../HardWare/SD/fs/inc -I../../../source "-ID:\\USR\\460-3.1test\\drivers\\bsp\\ev_hc32f460_lqfp100_v2" -std=gnu99 -c -o "drivers\\hc32_ll_driver\\src\\hc32_ll_wdt.o" "..\\..\\..\\drivers\\hc32_ll_driver\\src\\hc32_ll_wdt.c" 
arm-none-eabi-gcc -mcpu=cortex-m4 -mthumb -mthumb-interwork -O0 -fmessage-length=0 -fsigned-char -ffunction-sections -fdata-sections -Wall -g3 -D__DEBUG -DHC32F460 -DUSE_DDL_DRIVER -I../../../drivres/bsp/ev_hc32f460_lqfp100_v2 -I../../../drivers/cmsis/Device/HDSC/hc32f4xx/Include -I../../../drivers/cmsis/Include -I../../../drivers/hc32_ll_driver/inc -I../../../Qspiflash -I../../../HardWare/SD/fs/inc -I../../../source "-ID:\\USR\\460-3.1test\\drivers\\bsp\\ev_hc32f460_lqfp100_v2" -std=gnu99 -c -o "HardWare\\Qspiflash\\Appqspi_flash.o" "..\\..\\..\\HardWare\\Qspiflash\\Appqspi_flash.c" 
arm-none-eabi-gcc -mcpu=cortex-m4 -mthumb -mthumb-interwork -O0 -fmessage-length=0 -fsigned-char -ffunction-sections -fdata-sections -Wall -g3 -D__DEBUG -DHC32F460 -DUSE_DDL_DRIVER -I../../../drivres/bsp/ev_hc32f460_lqfp100_v2 -I../../../drivers/cmsis/Device/HDSC/hc32f4xx/Include -I../../../drivers/cmsis/Include -I../../../drivers/hc32_ll_driver/inc -I../../../Qspiflash -I../../../HardWare/SD/fs/inc -I../../../source "-ID:\\USR\\460-3.1test\\drivers\\bsp\\ev_hc32f460_lqfp100_v2" -std=gnu99 -c -o "drivers\\hc32_ll_driver\\src\\hc32_ll_tmra.o" "..\\..\\..\\drivers\\hc32_ll_driver\\src\\hc32_ll_tmra.c" 
arm-none-eabi-gcc -mcpu=cortex-m4 -mthumb -mthumb-interwork -O0 -fmessage-length=0 -fsigned-char -ffunction-sections -fdata-sections -Wall -g3 -D__DEBUG -DHC32F460 -DUSE_DDL_DRIVER -I../../../drivres/bsp/ev_hc32f460_lqfp100_v2 -I../../../drivers/cmsis/Device/HDSC/hc32f4xx/Include -I../../../drivers/cmsis/Include -I../../../drivers/hc32_ll_driver/inc -I../../../Qspiflash -I../../../HardWare/SD/fs/inc -I../../../source "-ID:\\USR\\460-3.1test\\drivers\\bsp\\ev_hc32f460_lqfp100_v2" -std=gnu99 -c -o "drivers\\hc32_ll_driver\\src\\hc32_ll_adc.o" "..\\..\\..\\drivers\\hc32_ll_driver\\src\\hc32_ll_adc.c" 
arm-none-eabi-gcc -mcpu=cortex-m4 -mthumb -mthumb-interwork -O0 -fmessage-length=0 -fsigned-char -ffunction-sections -fdata-sections -Wall -g3 -D__DEBUG -DHC32F460 -DUSE_DDL_DRIVER -I../../../drivres/bsp/ev_hc32f460_lqfp100_v2 -I../../../drivers/cmsis/Device/HDSC/hc32f4xx/Include -I../../../drivers/cmsis/Include -I../../../drivers/hc32_ll_driver/inc -I../../../Qspiflash -I../../../HardWare/SD/fs/inc -I../../../source "-ID:\\USR\\460-3.1test\\drivers\\bsp\\ev_hc32f460_lqfp100_v2" -std=gnu99 -c -o "drivers\\hc32_ll_driver\\src\\hc32_ll_usart.o" "..\\..\\..\\drivers\\hc32_ll_driver\\src\\hc32_ll_usart.c" 
arm-none-eabi-gcc -mcpu=cortex-m4 -mthumb -mthumb-interwork -O0 -fmessage-length=0 -fsigned-char -ffunction-sections -fdata-sections -Wall -g3 -D__DEBUG -DHC32F460 -DUSE_DDL_DRIVER -I../../../drivres/bsp/ev_hc32f460_lqfp100_v2 -I../../../drivers/cmsis/Device/HDSC/hc32f4xx/Include -I../../../drivers/cmsis/Include -I../../../drivers/hc32_ll_driver/inc -I../../../Qspiflash -I../../../HardWare/SD/fs/inc -I../../../source "-ID:\\USR\\460-3.1test\\drivers\\bsp\\ev_hc32f460_lqfp100_v2" -std=gnu99 -c -o "drivers\\hc32_ll_driver\\src\\hc32_ll_icg.o" "..\\..\\..\\drivers\\hc32_ll_driver\\src\\hc32_ll_icg.c" 
arm-none-eabi-gcc -mcpu=cortex-m4 -mthumb -mthumb-interwork -O0 -fmessage-length=0 -fsigned-char -ffunction-sections -fdata-sections -Wall -g3 -D__DEBUG -DHC32F460 -DUSE_DDL_DRIVER -I../../../drivres/bsp/ev_hc32f460_lqfp100_v2 -I../../../drivers/cmsis/Device/HDSC/hc32f4xx/Include -I../../../drivers/cmsis/Include -I../../../drivers/hc32_ll_driver/inc -I../../../Qspiflash -I../../../HardWare/SD/fs/inc -I../../../source "-ID:\\USR\\460-3.1test\\drivers\\bsp\\ev_hc32f460_lqfp100_v2" -std=gnu99 -c -o "source\\APPRTC.o" "..\\..\\..\\source\\APPRTC.c" 
arm-none-eabi-gcc -mcpu=cortex-m4 -mthumb -mthumb-interwork -O0 -fmessage-length=0 -fsigned-char -ffunction-sections -fdata-sections -Wall -g3 -D__DEBUG -DHC32F460 -DUSE_DDL_DRIVER -I../../../drivres/bsp/ev_hc32f460_lqfp100_v2 -I../../../drivers/cmsis/Device/HDSC/hc32f4xx/Include -I../../../drivers/cmsis/Include -I../../../drivers/hc32_ll_driver/inc -I../../../Qspiflash -I../../../HardWare/SD/fs/inc -I../../../source "-ID:\\USR\\460-3.1test\\drivers\\bsp\\ev_hc32f460_lqfp100_v2" -std=gnu99 -c -o "drivers\\hc32_ll_driver\\src\\hc32_ll_crc.o" "..\\..\\..\\drivers\\hc32_ll_driver\\src\\hc32_ll_crc.c" 
arm-none-eabi-gcc -mcpu=cortex-m4 -mthumb -mthumb-interwork -O0 -fmessage-length=0 -fsigned-char -ffunction-sections -fdata-sections -Wall -g3 -D__DEBUG -DHC32F460 -DUSE_DDL_DRIVER -I../../../drivres/bsp/ev_hc32f460_lqfp100_v2 -I../../../drivers/cmsis/Device/HDSC/hc32f4xx/Include -I../../../drivers/cmsis/Include -I../../../drivers/hc32_ll_driver/inc -I../../../Qspiflash -I../../../HardWare/SD/fs/inc -I../../../source "-ID:\\USR\\460-3.1test\\drivers\\bsp\\ev_hc32f460_lqfp100_v2" -std=gnu99 -c -o "drivers\\hc32_ll_driver\\src\\hc32_ll_clk.o" "..\\..\\..\\drivers\\hc32_ll_driver\\src\\hc32_ll_clk.c" 
arm-none-eabi-gcc -mcpu=cortex-m4 -mthumb -mthumb-interwork -O0 -fmessage-length=0 -fsigned-char -ffunction-sections -fdata-sections -Wall -g3 -D__DEBUG -DHC32F460 -DUSE_DDL_DRIVER -I../../../drivres/bsp/ev_hc32f460_lqfp100_v2 -I../../../drivers/cmsis/Device/HDSC/hc32f4xx/Include -I../../../drivers/cmsis/Include -I../../../drivers/hc32_ll_driver/inc -I../../../Qspiflash -I../../../HardWare/SD/fs/inc -I../../../source "-ID:\\USR\\460-3.1test\\drivers\\bsp\\ev_hc32f460_lqfp100_v2" -std=gnu99 -c -o "drivers\\hc32_ll_driver\\src\\hc32_ll_fcg.o" "..\\..\\..\\drivers\\hc32_ll_driver\\src\\hc32_ll_fcg.c" 
arm-none-eabi-gcc -mcpu=cortex-m4 -mthumb -mthumb-interwork -O0 -fmessage-length=0 -fsigned-char -ffunction-sections -fdata-sections -Wall -g3 -D__DEBUG -DHC32F460 -DUSE_DDL_DRIVER -I../../../drivres/bsp/ev_hc32f460_lqfp100_v2 -I../../../drivers/cmsis/Device/HDSC/hc32f4xx/Include -I../../../drivers/cmsis/Include -I../../../drivers/hc32_ll_driver/inc -I../../../Qspiflash -I../../../HardWare/SD/fs/inc -I../../../source "-ID:\\USR\\460-3.1test\\drivers\\bsp\\ev_hc32f460_lqfp100_v2" -std=gnu99 -c -o "drivers\\hc32_ll_driver\\src\\hc32_ll_tmr6.o" "..\\..\\..\\drivers\\hc32_ll_driver\\src\\hc32_ll_tmr6.c" 
arm-none-eabi-gcc -mcpu=cortex-m4 -mthumb -mthumb-interwork -O0 -fmessage-length=0 -fsigned-char -ffunction-sections -fdata-sections -Wall -g3 -D__DEBUG -DHC32F460 -DUSE_DDL_DRIVER -I../../../drivres/bsp/ev_hc32f460_lqfp100_v2 -I../../../drivers/cmsis/Device/HDSC/hc32f4xx/Include -I../../../drivers/cmsis/Include -I../../../drivers/hc32_ll_driver/inc -I../../../Qspiflash -I../../../HardWare/SD/fs/inc -I../../../source "-ID:\\USR\\460-3.1test\\drivers\\bsp\\ev_hc32f460_lqfp100_v2" -std=gnu99 -c -o "source\\APPflash_E2.o" "..\\..\\..\\source\\APPflash_E2.c" 
arm-none-eabi-gcc -mcpu=cortex-m4 -mthumb -mthumb-interwork -O0 -fmessage-length=0 -fsigned-char -ffunction-sections -fdata-sections -Wall -g3 -D__DEBUG -DHC32F460 -DUSE_DDL_DRIVER -I../../../drivres/bsp/ev_hc32f460_lqfp100_v2 -I../../../drivers/cmsis/Device/HDSC/hc32f4xx/Include -I../../../drivers/cmsis/Include -I../../../drivers/hc32_ll_driver/inc -I../../../Qspiflash -I../../../HardWare/SD/fs/inc -I../../../source "-ID:\\USR\\460-3.1test\\drivers\\bsp\\ev_hc32f460_lqfp100_v2" -std=gnu99 -c -o "drivers\\hc32_ll_driver\\src\\hc32_ll_i2s.o" "..\\..\\..\\drivers\\hc32_ll_driver\\src\\hc32_ll_i2s.c" 
arm-none-eabi-gcc -mcpu=cortex-m4 -mthumb -mthumb-interwork -O0 -fmessage-length=0 -fsigned-char -ffunction-sections -fdata-sections -Wall -g3 -D__DEBUG -DHC32F460 -DUSE_DDL_DRIVER -I../../../drivres/bsp/ev_hc32f460_lqfp100_v2 -I../../../drivers/cmsis/Device/HDSC/hc32f4xx/Include -I../../../drivers/cmsis/Include -I../../../drivers/hc32_ll_driver/inc -I../../../Qspiflash -I../../../HardWare/SD/fs/inc -I../../../source "-ID:\\USR\\460-3.1test\\drivers\\bsp\\ev_hc32f460_lqfp100_v2" -std=gnu99 -c -o "HardWare\\SD\\fs\\src\\diskio.o" "..\\..\\..\\HardWare\\SD\\fs\\src\\diskio.c" 
arm-none-eabi-gcc -mcpu=cortex-m4 -mthumb -mthumb-interwork -O0 -fmessage-length=0 -fsigned-char -ffunction-sections -fdata-sections -Wall -g3 -D__DEBUG -DHC32F460 -DUSE_DDL_DRIVER -I../../../drivres/bsp/ev_hc32f460_lqfp100_v2 -I../../../drivers/cmsis/Device/HDSC/hc32f4xx/Include -I../../../drivers/cmsis/Include -I../../../drivers/hc32_ll_driver/inc -I../../../Qspiflash -I../../../HardWare/SD/fs/inc -I../../../source "-ID:\\USR\\460-3.1test\\drivers\\bsp\\ev_hc32f460_lqfp100_v2" -std=gnu99 -c -o "drivers\\hc32_ll_driver\\src\\hc32_ll_pwc.o" "..\\..\\..\\drivers\\hc32_ll_driver\\src\\hc32_ll_pwc.c" 
arm-none-eabi-gcc -mcpu=cortex-m4 -mthumb -mthumb-interwork -O0 -fmessage-length=0 -fsigned-char -ffunction-sections -fdata-sections -Wall -g3 -D__DEBUG -DHC32F460 -DUSE_DDL_DRIVER -I../../../drivres/bsp/ev_hc32f460_lqfp100_v2 -I../../../drivers/cmsis/Device/HDSC/hc32f4xx/Include -I../../../drivers/cmsis/Include -I../../../drivers/hc32_ll_driver/inc -I../../../Qspiflash -I../../../HardWare/SD/fs/inc -I../../../source "-ID:\\USR\\460-3.1test\\drivers\\bsp\\ev_hc32f460_lqfp100_v2" -std=gnu99 -c -o "drivers\\hc32_ll_driver\\src\\hc32_ll_cmp.o" "..\\..\\..\\drivers\\hc32_ll_driver\\src\\hc32_ll_cmp.c" 
arm-none-eabi-gcc -mcpu=cortex-m4 -mthumb -mthumb-interwork -O0 -fmessage-length=0 -fsigned-char -ffunction-sections -fdata-sections -Wall -g3 -D__DEBUG -DHC32F460 -DUSE_DDL_DRIVER -I../../../drivres/bsp/ev_hc32f460_lqfp100_v2 -I../../../drivers/cmsis/Device/HDSC/hc32f4xx/Include -I../../../drivers/cmsis/Include -I../../../drivers/hc32_ll_driver/inc -I../../../Qspiflash -I../../../HardWare/SD/fs/inc -I../../../source "-ID:\\USR\\460-3.1test\\drivers\\bsp\\ev_hc32f460_lqfp100_v2" -std=gnu99 -c -o "HardWare\\SD\\fs\\src\\ffsystem.o" "..\\..\\..\\HardWare\\SD\\fs\\src\\ffsystem.c" 
arm-none-eabi-gcc -mcpu=cortex-m4 -mthumb -mthumb-interwork -O0 -fmessage-length=0 -fsigned-char -ffunction-sections -fdata-sections -Wall -g3 -D__DEBUG -DHC32F460 -DUSE_DDL_DRIVER -I../../../drivres/bsp/ev_hc32f460_lqfp100_v2 -I../../../drivers/cmsis/Device/HDSC/hc32f4xx/Include -I../../../drivers/cmsis/Include -I../../../drivers/hc32_ll_driver/inc -I../../../Qspiflash -I../../../HardWare/SD/fs/inc -I../../../source "-ID:\\USR\\460-3.1test\\drivers\\bsp\\ev_hc32f460_lqfp100_v2" -std=gnu99 -c -o "drivers\\hc32_ll_driver\\src\\hc32_ll.o" "..\\..\\..\\drivers\\hc32_ll_driver\\src\\hc32_ll.c" 
arm-none-eabi-gcc -mcpu=cortex-m4 -mthumb -mthumb-interwork -O0 -fmessage-length=0 -fsigned-char -ffunction-sections -fdata-sections -Wall -g3 -D__DEBUG -DHC32F460 -DUSE_DDL_DRIVER -I../../../drivres/bsp/ev_hc32f460_lqfp100_v2 -I../../../drivers/cmsis/Device/HDSC/hc32f4xx/Include -I../../../drivers/cmsis/Include -I../../../drivers/hc32_ll_driver/inc -I../../../Qspiflash -I../../../HardWare/SD/fs/inc -I../../../source "-ID:\\USR\\460-3.1test\\drivers\\bsp\\ev_hc32f460_lqfp100_v2" -std=gnu99 -c -o "drivers\\hc32_ll_driver\\src\\hc32_ll_interrupts.o" "..\\..\\..\\drivers\\hc32_ll_driver\\src\\hc32_ll_interrupts.c" 
arm-none-eabi-gcc -mcpu=cortex-m4 -mthumb -mthumb-interwork -O0 -fmessage-length=0 -fsigned-char -ffunction-sections -fdata-sections -Wall -g3 -D__DEBUG -DHC32F460 -DUSE_DDL_DRIVER -I../../../drivres/bsp/ev_hc32f460_lqfp100_v2 -I../../../drivers/cmsis/Device/HDSC/hc32f4xx/Include -I../../../drivers/cmsis/Include -I../../../drivers/hc32_ll_driver/inc -I../../../Qspiflash -I../../../HardWare/SD/fs/inc -I../../../source "-ID:\\USR\\460-3.1test\\drivers\\bsp\\ev_hc32f460_lqfp100_v2" -std=gnu99 -c -o "HardWare\\SD\\fs\\src\\sd_fs.o" "..\\..\\..\\HardWare\\SD\\fs\\src\\sd_fs.c" 
..\..\..\HardWare\SD\fs\src\sd_fs.c:208:25: warning: 'SdCard_GetInsertState' defined but not used [-Wunused-function]
  208 | static en_flag_status_t SdCard_GetInsertState(void)
      |                         ^~~~~~~~~~~~~~~~~~~~~
arm-none-eabi-gcc -mcpu=cortex-m4 -mthumb -mthumb-interwork -O0 -fmessage-length=0 -fsigned-char -ffunction-sections -fdata-sections -Wall -g3 -D__DEBUG -DHC32F460 -DUSE_DDL_DRIVER -I../../../drivres/bsp/ev_hc32f460_lqfp100_v2 -I../../../drivers/cmsis/Device/HDSC/hc32f4xx/Include -I../../../drivers/cmsis/Include -I../../../drivers/hc32_ll_driver/inc -I../../../Qspiflash -I../../../HardWare/SD/fs/inc -I../../../source "-ID:\\USR\\460-3.1test\\drivers\\bsp\\ev_hc32f460_lqfp100_v2" -std=gnu99 -c -o "drivers\\hc32_ll_driver\\src\\hc32_ll_dcu.o" "..\\..\\..\\drivers\\hc32_ll_driver\\src\\hc32_ll_dcu.c" 
arm-none-eabi-gcc -mcpu=cortex-m4 -mthumb -mthumb-interwork -O0 -fmessage-length=0 -fsigned-char -ffunction-sections -fdata-sections -Wall -g3 -D__DEBUG -DHC32F460 -DUSE_DDL_DRIVER -I../../../drivres/bsp/ev_hc32f460_lqfp100_v2 -I../../../drivers/cmsis/Device/HDSC/hc32f4xx/Include -I../../../drivers/cmsis/Include -I../../../drivers/hc32_ll_driver/inc -I../../../Qspiflash -I../../../HardWare/SD/fs/inc -I../../../source "-ID:\\USR\\460-3.1test\\drivers\\bsp\\ev_hc32f460_lqfp100_v2" -std=gnu99 -c -o "HardWare\\SD\\fs\\src\\ff.o" "..\\..\\..\\HardWare\\SD\\fs\\src\\ff.c" 
arm-none-eabi-gcc -mcpu=cortex-m4 -mthumb -mthumb-interwork -O0 -fmessage-length=0 -fsigned-char -ffunction-sections -fdata-sections -Wall -g3 -T ../../drivers/hc32f4xx/Source/GCC/linker/HC32F460xE.ld -Xlinker --gc-sections -Wl,-Map,GCC.map --specs=nano.specs --specs=nosys.specs -o GCC.elf "HardWare\\485\\my485.o" "HardWare\\Qspiflash\\Appqspi_flash.o" "HardWare\\Qspiflash\\qspi_flash.o" "HardWare\\SD\\fs\\src\\diskio.o" "HardWare\\SD\\fs\\src\\ff.o" "HardWare\\SD\\fs\\src\\ffsystem.o" "HardWare\\SD\\fs\\src\\sd.o" "HardWare\\SD\\fs\\src\\sd_fs.o" "drivers\\bsp\\ev_hc32f460_lqfp100_v2\\ev_hc32f460_lqfp100_v2.o" "drivers\\cmsis\\Device\\HDSC\\hc32f4xx\\Source\\GCC\\startup_hc32f460.o" "drivers\\cmsis\\Device\\HDSC\\hc32f4xx\\Source\\system_hc32f460.o" "drivers\\hc32_ll_driver\\src\\hc32_ll.o" "drivers\\hc32_ll_driver\\src\\hc32_ll_adc.o" "drivers\\hc32_ll_driver\\src\\hc32_ll_aes.o" "drivers\\hc32_ll_driver\\src\\hc32_ll_aos.o" "drivers\\hc32_ll_driver\\src\\hc32_ll_can.o" "drivers\\hc32_ll_driver\\src\\hc32_ll_clk.o" "drivers\\hc32_ll_driver\\src\\hc32_ll_cmp.o" "drivers\\hc32_ll_driver\\src\\hc32_ll_crc.o" "drivers\\hc32_ll_driver\\src\\hc32_ll_dcu.o" "drivers\\hc32_ll_driver\\src\\hc32_ll_dma.o" "drivers\\hc32_ll_driver\\src\\hc32_ll_efm.o" "drivers\\hc32_ll_driver\\src\\hc32_ll_emb.o" "drivers\\hc32_ll_driver\\src\\hc32_ll_event_port.o" "drivers\\hc32_ll_driver\\src\\hc32_ll_fcg.o" "drivers\\hc32_ll_driver\\src\\hc32_ll_fcm.o" "drivers\\hc32_ll_driver\\src\\hc32_ll_gpio.o" "drivers\\hc32_ll_driver\\src\\hc32_ll_hash.o" "drivers\\hc32_ll_driver\\src\\hc32_ll_i2c.o" "drivers\\hc32_ll_driver\\src\\hc32_ll_i2s.o" "drivers\\hc32_ll_driver\\src\\hc32_ll_icg.o" "drivers\\hc32_ll_driver\\src\\hc32_ll_interrupts.o" "drivers\\hc32_ll_driver\\src\\hc32_ll_keyscan.o" "drivers\\hc32_ll_driver\\src\\hc32_ll_mpu.o" "drivers\\hc32_ll_driver\\src\\hc32_ll_ots.o" "drivers\\hc32_ll_driver\\src\\hc32_ll_pwc.o" "drivers\\hc32_ll_driver\\src\\hc32_ll_qspi.o" "drivers\\hc32_ll_driver\\src\\hc32_ll_rmu.o" "drivers\\hc32_ll_driver\\src\\hc32_ll_rtc.o" "drivers\\hc32_ll_driver\\src\\hc32_ll_sdioc.o" "drivers\\hc32_ll_driver\\src\\hc32_ll_spi.o" "drivers\\hc32_ll_driver\\src\\hc32_ll_sram.o" "drivers\\hc32_ll_driver\\src\\hc32_ll_swdt.o" "drivers\\hc32_ll_driver\\src\\hc32_ll_tmr0.o" "drivers\\hc32_ll_driver\\src\\hc32_ll_tmr4.o" "drivers\\hc32_ll_driver\\src\\hc32_ll_tmr6.o" "drivers\\hc32_ll_driver\\src\\hc32_ll_tmra.o" "drivers\\hc32_ll_driver\\src\\hc32_ll_trng.o" "drivers\\hc32_ll_driver\\src\\hc32_ll_usart.o" "drivers\\hc32_ll_driver\\src\\hc32_ll_utility.o" "drivers\\hc32_ll_driver\\src\\hc32_ll_wdt.o" "drivers\\hc32_ll_driver\\src\\hc32f460_ll_interrupts_share.o" "source\\APPADC.o" "source\\APPRTC.o" "source\\APPTime0.o" "source\\APPUartDma.o" "source\\APP_CAN.o" "source\\APPflash_E2.o" "source\\APPtime4_pwm_through.o" "source\\main.o" -lm 
d:/eclipse/gcc-arm-none-eabi-10.3-2021.10-win32/gcc-arm-none-eabi-10.3-2021.10/bin/../lib/gcc/arm-none-eabi/10.3.1/../../../../arm-none-eabi/bin/ld.exe: cannot open linker script file ../../drivers/hc32f4xx/Source/GCC/linker/HC32F460xE.ld: No such file or directory
collect2.exe: error: ld returned 1 exit status
10:34:27 **** Incremental Build of configuration Debug for project GCC ****
Info: Internal Builder is used for build
arm-none-eabi-gcc -mcpu=cortex-m4 -mthumb -mthumb-interwork -O0 -fmessage-length=0 -fsigned-char -ffunction-sections -fdata-sections -Wall -g3 -D__DEBUG -DHC32F460 -DUSE_DDL_DRIVER "-I..\\..\\..\\drivers\\bsp\\ev_hc32f460_lqfp100_v2" -I../../../drivers/cmsis/Device/HDSC/hc32f4xx/Include -I../../../drivers/cmsis/Include -I../../../drivers/hc32_ll_driver/inc -I../../../Qspiflash -I../../../HardWare/SD/fs/inc -I../../../source -std=gnu99 -c -o "drivers\\hc32_ll_driver\\src\\hc32_ll_fcm.o" "..\\..\\..\\drivers\\hc32_ll_driver\\src\\hc32_ll_fcm.c" 
arm-none-eabi-gcc -mcpu=cortex-m4 -mthumb -mthumb-interwork -O0 -fmessage-length=0 -fsigned-char -ffunction-sections -fdata-sections -Wall -g3 -D__DEBUG -DHC32F460 -DUSE_DDL_DRIVER "-I..\\..\\..\\drivers\\bsp\\ev_hc32f460_lqfp100_v2" -I../../../drivers/cmsis/Device/HDSC/hc32f4xx/Include -I../../../drivers/cmsis/Include -I../../../drivers/hc32_ll_driver/inc -I../../../Qspiflash -I../../../HardWare/SD/fs/inc -I../../../source -std=gnu99 -c -o "drivers\\hc32_ll_driver\\src\\hc32_ll_wdt.o" "..\\..\\..\\drivers\\hc32_ll_driver\\src\\hc32_ll_wdt.c" 
arm-none-eabi-gcc -mcpu=cortex-m4 -mthumb -mthumb-interwork -O0 -fmessage-length=0 -fsigned-char -ffunction-sections -fdata-sections -Wall -g3 -D__DEBUG -DHC32F460 -DUSE_DDL_DRIVER "-I..\\..\\..\\drivers\\bsp\\ev_hc32f460_lqfp100_v2" -I../../../drivers/cmsis/Device/HDSC/hc32f4xx/Include -I../../../drivers/cmsis/Include -I../../../drivers/hc32_ll_driver/inc -I../../../Qspiflash -I../../../HardWare/SD/fs/inc -I../../../source -std=gnu99 -c -o "HardWare\\Qspiflash\\Appqspi_flash.o" "..\\..\\..\\HardWare\\Qspiflash\\Appqspi_flash.c" 
arm-none-eabi-gcc -mcpu=cortex-m4 -mthumb -mthumb-interwork -O0 -fmessage-length=0 -fsigned-char -ffunction-sections -fdata-sections -Wall -g3 -D__DEBUG -DHC32F460 -DUSE_DDL_DRIVER "-I..\\..\\..\\drivers\\bsp\\ev_hc32f460_lqfp100_v2" -I../../../drivers/cmsis/Device/HDSC/hc32f4xx/Include -I../../../drivers/cmsis/Include -I../../../drivers/hc32_ll_driver/inc -I../../../Qspiflash -I../../../HardWare/SD/fs/inc -I../../../source -std=gnu99 -c -o "drivers\\hc32_ll_driver\\src\\hc32_ll_dma.o" "..\\..\\..\\drivers\\hc32_ll_driver\\src\\hc32_ll_dma.c" 
arm-none-eabi-gcc -mcpu=cortex-m4 -mthumb -mthumb-interwork -O0 -fmessage-length=0 -fsigned-char -ffunction-sections -fdata-sections -Wall -g3 -D__DEBUG -DHC32F460 -DUSE_DDL_DRIVER "-I..\\..\\..\\drivers\\bsp\\ev_hc32f460_lqfp100_v2" -I../../../drivers/cmsis/Device/HDSC/hc32f4xx/Include -I../../../drivers/cmsis/Include -I../../../drivers/hc32_ll_driver/inc -I../../../Qspiflash -I../../../HardWare/SD/fs/inc -I../../../source -std=gnu99 -c -o "drivers\\hc32_ll_driver\\src\\hc32_ll_dcu.o" "..\\..\\..\\drivers\\hc32_ll_driver\\src\\hc32_ll_dcu.c" 
arm-none-eabi-gcc -mcpu=cortex-m4 -mthumb -mthumb-interwork -O0 -fmessage-length=0 -fsigned-char -ffunction-sections -fdata-sections -Wall -g3 -D__DEBUG -DHC32F460 -DUSE_DDL_DRIVER "-I..\\..\\..\\drivers\\bsp\\ev_hc32f460_lqfp100_v2" -I../../../drivers/cmsis/Device/HDSC/hc32f4xx/Include -I../../../drivers/cmsis/Include -I../../../drivers/hc32_ll_driver/inc -I../../../Qspiflash -I../../../HardWare/SD/fs/inc -I../../../source -std=gnu99 -c -o "drivers\\hc32_ll_driver\\src\\hc32f460_ll_interrupts_share.o" "..\\..\\..\\drivers\\hc32_ll_driver\\src\\hc32f460_ll_interrupts_share.c" 
arm-none-eabi-gcc -mcpu=cortex-m4 -mthumb -mthumb-interwork -O0 -fmessage-length=0 -fsigned-char -ffunction-sections -fdata-sections -Wall -g3 -D__DEBUG -DHC32F460 -DUSE_DDL_DRIVER "-I..\\..\\..\\drivers\\bsp\\ev_hc32f460_lqfp100_v2" -I../../../drivers/cmsis/Device/HDSC/hc32f4xx/Include -I../../../drivers/cmsis/Include -I../../../drivers/hc32_ll_driver/inc -I../../../Qspiflash -I../../../HardWare/SD/fs/inc -I../../../source -std=gnu99 -c -o "drivers\\cmsis\\Device\\HDSC\\hc32f4xx\\Source\\system_hc32f460.o" "..\\..\\..\\drivers\\cmsis\\Device\\HDSC\\hc32f4xx\\Source\\system_hc32f460.c" 
arm-none-eabi-gcc -mcpu=cortex-m4 -mthumb -mthumb-interwork -O0 -fmessage-length=0 -fsigned-char -ffunction-sections -fdata-sections -Wall -g3 -D__DEBUG -DHC32F460 -DUSE_DDL_DRIVER "-I..\\..\\..\\drivers\\bsp\\ev_hc32f460_lqfp100_v2" -I../../../drivers/cmsis/Device/HDSC/hc32f4xx/Include -I../../../drivers/cmsis/Include -I../../../drivers/hc32_ll_driver/inc -I../../../Qspiflash -I../../../HardWare/SD/fs/inc -I../../../source -std=gnu99 -c -o "drivers\\hc32_ll_driver\\src\\hc32_ll_gpio.o" "..\\..\\..\\drivers\\hc32_ll_driver\\src\\hc32_ll_gpio.c" 
arm-none-eabi-gcc -mcpu=cortex-m4 -mthumb -mthumb-interwork -O0 -fmessage-length=0 -fsigned-char -ffunction-sections -fdata-sections -Wall -g3 -D__DEBUG -DHC32F460 -DUSE_DDL_DRIVER "-I..\\..\\..\\drivers\\bsp\\ev_hc32f460_lqfp100_v2" -I../../../drivers/cmsis/Device/HDSC/hc32f4xx/Include -I../../../drivers/cmsis/Include -I../../../drivers/hc32_ll_driver/inc -I../../../Qspiflash -I../../../HardWare/SD/fs/inc -I../../../source -std=gnu99 -c -o "drivers\\hc32_ll_driver\\src\\hc32_ll_rmu.o" "..\\..\\..\\drivers\\hc32_ll_driver\\src\\hc32_ll_rmu.c" 
arm-none-eabi-gcc -mcpu=cortex-m4 -mthumb -mthumb-interwork -O0 -fmessage-length=0 -fsigned-char -ffunction-sections -fdata-sections -Wall -g3 -D__DEBUG -DHC32F460 -DUSE_DDL_DRIVER "-I..\\..\\..\\drivers\\bsp\\ev_hc32f460_lqfp100_v2" -I../../../drivers/cmsis/Device/HDSC/hc32f4xx/Include -I../../../drivers/cmsis/Include -I../../../drivers/hc32_ll_driver/inc -I../../../Qspiflash -I../../../HardWare/SD/fs/inc -I../../../source -std=gnu99 -c -o "HardWare\\Qspiflash\\qspi_flash.o" "..\\..\\..\\HardWare\\Qspiflash\\qspi_flash.c" 
arm-none-eabi-gcc -mcpu=cortex-m4 -mthumb -mthumb-interwork -O0 -fmessage-length=0 -fsigned-char -ffunction-sections -fdata-sections -Wall -g3 -D__DEBUG -DHC32F460 -DUSE_DDL_DRIVER "-I..\\..\\..\\drivers\\bsp\\ev_hc32f460_lqfp100_v2" -I../../../drivers/cmsis/Device/HDSC/hc32f4xx/Include -I../../../drivers/cmsis/Include -I../../../drivers/hc32_ll_driver/inc -I../../../Qspiflash -I../../../HardWare/SD/fs/inc -I../../../source -std=gnu99 -c -o "source\\APP_CAN.o" "..\\..\\..\\source\\APP_CAN.c" 
arm-none-eabi-gcc -mcpu=cortex-m4 -mthumb -mthumb-interwork -O0 -fmessage-length=0 -fsigned-char -ffunction-sections -fdata-sections -Wall -g3 -D__DEBUG -DHC32F460 -DUSE_DDL_DRIVER "-I..\\..\\..\\drivers\\bsp\\ev_hc32f460_lqfp100_v2" -I../../../drivers/cmsis/Device/HDSC/hc32f4xx/Include -I../../../drivers/cmsis/Include -I../../../drivers/hc32_ll_driver/inc -I../../../Qspiflash -I../../../HardWare/SD/fs/inc -I../../../source -std=gnu99 -c -o "drivers\\hc32_ll_driver\\src\\hc32_ll_utility.o" "..\\..\\..\\drivers\\hc32_ll_driver\\src\\hc32_ll_utility.c" 
arm-none-eabi-gcc -mcpu=cortex-m4 -mthumb -mthumb-interwork -O0 -fmessage-length=0 -fsigned-char -ffunction-sections -fdata-sections -Wall -g3 -D__DEBUG -DHC32F460 -DUSE_DDL_DRIVER "-I..\\..\\..\\drivers\\bsp\\ev_hc32f460_lqfp100_v2" -I../../../drivers/cmsis/Device/HDSC/hc32f4xx/Include -I../../../drivers/cmsis/Include -I../../../drivers/hc32_ll_driver/inc -I../../../Qspiflash -I../../../HardWare/SD/fs/inc -I../../../source -std=gnu99 -c -o "source\\APPtime4_pwm_through.o" "..\\..\\..\\source\\APPtime4_pwm_through.c" 
arm-none-eabi-gcc -mcpu=cortex-m4 -mthumb -mthumb-interwork -O0 -fmessage-length=0 -fsigned-char -ffunction-sections -fdata-sections -Wall -g3 -D__DEBUG -DHC32F460 -DUSE_DDL_DRIVER "-I..\\..\\..\\drivers\\bsp\\ev_hc32f460_lqfp100_v2" -I../../../drivers/cmsis/Device/HDSC/hc32f4xx/Include -I../../../drivers/cmsis/Include -I../../../drivers/hc32_ll_driver/inc -I../../../Qspiflash -I../../../HardWare/SD/fs/inc -I../../../source -std=gnu99 -c -o "source\\main.o" "..\\..\\..\\source\\main.c" 
..\..\..\source\main.c:94:9: warning: return type of 'main' is not 'int' [-Wmain]
   94 | int32_t main(void)
      |         ^~~~
arm-none-eabi-gcc -mcpu=cortex-m4 -mthumb -mthumb-interwork -O0 -fmessage-length=0 -fsigned-char -ffunction-sections -fdata-sections -Wall -g3 -D__DEBUG -DHC32F460 -DUSE_DDL_DRIVER "-I..\\..\\..\\drivers\\bsp\\ev_hc32f460_lqfp100_v2" -I../../../drivers/cmsis/Device/HDSC/hc32f4xx/Include -I../../../drivers/cmsis/Include -I../../../drivers/hc32_ll_driver/inc -I../../../Qspiflash -I../../../HardWare/SD/fs/inc -I../../../source -std=gnu99 -c -o "drivers\\hc32_ll_driver\\src\\hc32_ll_interrupts.o" "..\\..\\..\\drivers\\hc32_ll_driver\\src\\hc32_ll_interrupts.c" 
arm-none-eabi-gcc -mcpu=cortex-m4 -mthumb -mthumb-interwork -O0 -fmessage-length=0 -fsigned-char -ffunction-sections -fdata-sections -Wall -g3 -D__DEBUG -DHC32F460 -DUSE_DDL_DRIVER "-I..\\..\\..\\drivers\\bsp\\ev_hc32f460_lqfp100_v2" -I../../../drivers/cmsis/Device/HDSC/hc32f4xx/Include -I../../../drivers/cmsis/Include -I../../../drivers/hc32_ll_driver/inc -I../../../Qspiflash -I../../../HardWare/SD/fs/inc -I../../../source -std=gnu99 -c -o "drivers\\hc32_ll_driver\\src\\hc32_ll_clk.o" "..\\..\\..\\drivers\\hc32_ll_driver\\src\\hc32_ll_clk.c" 
arm-none-eabi-gcc -mcpu=cortex-m4 -mthumb -mthumb-interwork -O0 -fmessage-length=0 -fsigned-char -ffunction-sections -fdata-sections -Wall -g3 -D__DEBUG -DHC32F460 -DUSE_DDL_DRIVER "-I..\\..\\..\\drivers\\bsp\\ev_hc32f460_lqfp100_v2" -I../../../drivers/cmsis/Device/HDSC/hc32f4xx/Include -I../../../drivers/cmsis/Include -I../../../drivers/hc32_ll_driver/inc -I../../../Qspiflash -I../../../HardWare/SD/fs/inc -I../../../source -std=gnu99 -c -o "drivers\\hc32_ll_driver\\src\\hc32_ll_tmr6.o" "..\\..\\..\\drivers\\hc32_ll_driver\\src\\hc32_ll_tmr6.c" 
arm-none-eabi-gcc -mcpu=cortex-m4 -mthumb -mthumb-interwork -O0 -fmessage-length=0 -fsigned-char -ffunction-sections -fdata-sections -Wall -g3 -D__DEBUG -DHC32F460 -DUSE_DDL_DRIVER "-I..\\..\\..\\drivers\\bsp\\ev_hc32f460_lqfp100_v2" -I../../../drivers/cmsis/Device/HDSC/hc32f4xx/Include -I../../../drivers/cmsis/Include -I../../../drivers/hc32_ll_driver/inc -I../../../Qspiflash -I../../../HardWare/SD/fs/inc -I../../../source -std=gnu99 -c -o "drivers\\hc32_ll_driver\\src\\hc32_ll_aes.o" "..\\..\\..\\drivers\\hc32_ll_driver\\src\\hc32_ll_aes.c" 
arm-none-eabi-gcc -mcpu=cortex-m4 -mthumb -mthumb-interwork -O0 -fmessage-length=0 -fsigned-char -ffunction-sections -fdata-sections -Wall -g3 -D__DEBUG -DHC32F460 -DUSE_DDL_DRIVER "-I..\\..\\..\\drivers\\bsp\\ev_hc32f460_lqfp100_v2" -I../../../drivers/cmsis/Device/HDSC/hc32f4xx/Include -I../../../drivers/cmsis/Include -I../../../drivers/hc32_ll_driver/inc -I../../../Qspiflash -I../../../HardWare/SD/fs/inc -I../../../source -std=gnu99 -c -o "drivers\\hc32_ll_driver\\src\\hc32_ll_hash.o" "..\\..\\..\\drivers\\hc32_ll_driver\\src\\hc32_ll_hash.c" 
arm-none-eabi-gcc -mcpu=cortex-m4 -mthumb -mthumb-interwork -O0 -fmessage-length=0 -fsigned-char -ffunction-sections -fdata-sections -Wall -g3 -D__DEBUG -DHC32F460 -DUSE_DDL_DRIVER "-I..\\..\\..\\drivers\\bsp\\ev_hc32f460_lqfp100_v2" -I../../../drivers/cmsis/Device/HDSC/hc32f4xx/Include -I../../../drivers/cmsis/Include -I../../../drivers/hc32_ll_driver/inc -I../../../Qspiflash -I../../../HardWare/SD/fs/inc -I../../../source -std=gnu99 -c -o "drivers\\hc32_ll_driver\\src\\hc32_ll_sram.o" "..\\..\\..\\drivers\\hc32_ll_driver\\src\\hc32_ll_sram.c" 
arm-none-eabi-gcc -mcpu=cortex-m4 -mthumb -mthumb-interwork -O0 -fmessage-length=0 -fsigned-char -ffunction-sections -fdata-sections -Wall -g3 -D__DEBUG -DHC32F460 -DUSE_DDL_DRIVER "-I..\\..\\..\\drivers\\bsp\\ev_hc32f460_lqfp100_v2" -I../../../drivers/cmsis/Device/HDSC/hc32f4xx/Include -I../../../drivers/cmsis/Include -I../../../drivers/hc32_ll_driver/inc -I../../../Qspiflash -I../../../HardWare/SD/fs/inc -I../../../source -std=gnu99 -c -o "drivers\\hc32_ll_driver\\src\\hc32_ll_adc.o" "..\\..\\..\\drivers\\hc32_ll_driver\\src\\hc32_ll_adc.c" 
arm-none-eabi-gcc -mcpu=cortex-m4 -mthumb -mthumb-interwork -O0 -fmessage-length=0 -fsigned-char -ffunction-sections -fdata-sections -Wall -g3 -D__DEBUG -DHC32F460 -DUSE_DDL_DRIVER "-I..\\..\\..\\drivers\\bsp\\ev_hc32f460_lqfp100_v2" -I../../../drivers/cmsis/Device/HDSC/hc32f4xx/Include -I../../../drivers/cmsis/Include -I../../../drivers/hc32_ll_driver/inc -I../../../Qspiflash -I../../../HardWare/SD/fs/inc -I../../../source -std=gnu99 -c -o "drivers\\hc32_ll_driver\\src\\hc32_ll_tmr4.o" "..\\..\\..\\drivers\\hc32_ll_driver\\src\\hc32_ll_tmr4.c" 
arm-none-eabi-gcc -mcpu=cortex-m4 -mthumb -mthumb-interwork -O0 -fmessage-length=0 -fsigned-char -ffunction-sections -fdata-sections -Wall -g3 -D__DEBUG -DHC32F460 -DUSE_DDL_DRIVER "-I..\\..\\..\\drivers\\bsp\\ev_hc32f460_lqfp100_v2" -I../../../drivers/cmsis/Device/HDSC/hc32f4xx/Include -I../../../drivers/cmsis/Include -I../../../drivers/hc32_ll_driver/inc -I../../../Qspiflash -I../../../HardWare/SD/fs/inc -I../../../source -std=gnu99 -c -o "HardWare\\SD\\fs\\src\\ff.o" "..\\..\\..\\HardWare\\SD\\fs\\src\\ff.c" 
arm-none-eabi-gcc -mcpu=cortex-m4 -mthumb -mthumb-interwork -O0 -fmessage-length=0 -fsigned-char -ffunction-sections -fdata-sections -Wall -g3 -D__DEBUG -DHC32F460 -DUSE_DDL_DRIVER "-I..\\..\\..\\drivers\\bsp\\ev_hc32f460_lqfp100_v2" -I../../../drivers/cmsis/Device/HDSC/hc32f4xx/Include -I../../../drivers/cmsis/Include -I../../../drivers/hc32_ll_driver/inc -I../../../Qspiflash -I../../../HardWare/SD/fs/inc -I../../../source -std=gnu99 -c -o "drivers\\hc32_ll_driver\\src\\hc32_ll_ots.o" "..\\..\\..\\drivers\\hc32_ll_driver\\src\\hc32_ll_ots.c" 
arm-none-eabi-gcc -mcpu=cortex-m4 -mthumb -mthumb-interwork -O0 -fmessage-length=0 -fsigned-char -ffunction-sections -fdata-sections -Wall -g3 -D__DEBUG -DHC32F460 -DUSE_DDL_DRIVER "-I..\\..\\..\\drivers\\bsp\\ev_hc32f460_lqfp100_v2" -I../../../drivers/cmsis/Device/HDSC/hc32f4xx/Include -I../../../drivers/cmsis/Include -I../../../drivers/hc32_ll_driver/inc -I../../../Qspiflash -I../../../HardWare/SD/fs/inc -I../../../source -std=gnu99 -c -o "drivers\\hc32_ll_driver\\src\\hc32_ll_crc.o" "..\\..\\..\\drivers\\hc32_ll_driver\\src\\hc32_ll_crc.c" 
arm-none-eabi-gcc -mcpu=cortex-m4 -mthumb -mthumb-interwork -O0 -fmessage-length=0 -fsigned-char -ffunction-sections -fdata-sections -Wall -g3 -D__DEBUG -DHC32F460 -DUSE_DDL_DRIVER "-I..\\..\\..\\drivers\\bsp\\ev_hc32f460_lqfp100_v2" -I../../../drivers/cmsis/Device/HDSC/hc32f4xx/Include -I../../../drivers/cmsis/Include -I../../../drivers/hc32_ll_driver/inc -I../../../Qspiflash -I../../../HardWare/SD/fs/inc -I../../../source -std=gnu99 -c -o "HardWare\\485\\my485.o" "..\\..\\..\\HardWare\\485\\my485.c" 
arm-none-eabi-gcc -mcpu=cortex-m4 -mthumb -mthumb-interwork -O0 -fmessage-length=0 -fsigned-char -ffunction-sections -fdata-sections -Wall -g3 -D__DEBUG -DHC32F460 -DUSE_DDL_DRIVER "-I..\\..\\..\\drivers\\bsp\\ev_hc32f460_lqfp100_v2" -I../../../drivers/cmsis/Device/HDSC/hc32f4xx/Include -I../../../drivers/cmsis/Include -I../../../drivers/hc32_ll_driver/inc -I../../../Qspiflash -I../../../HardWare/SD/fs/inc -I../../../source -std=gnu99 -c -o "HardWare\\SD\\fs\\src\\diskio.o" "..\\..\\..\\HardWare\\SD\\fs\\src\\diskio.c" 
arm-none-eabi-gcc -mcpu=cortex-m4 -mthumb -mthumb-interwork -O0 -fmessage-length=0 -fsigned-char -ffunction-sections -fdata-sections -Wall -g3 -D__DEBUG -DHC32F460 -DUSE_DDL_DRIVER "-I..\\..\\..\\drivers\\bsp\\ev_hc32f460_lqfp100_v2" -I../../../drivers/cmsis/Device/HDSC/hc32f4xx/Include -I../../../drivers/cmsis/Include -I../../../drivers/hc32_ll_driver/inc -I../../../Qspiflash -I../../../HardWare/SD/fs/inc -I../../../source -std=gnu99 -c -o "drivers\\hc32_ll_driver\\src\\hc32_ll_i2s.o" "..\\..\\..\\drivers\\hc32_ll_driver\\src\\hc32_ll_i2s.c" 
arm-none-eabi-gcc -mcpu=cortex-m4 -mthumb -mthumb-interwork -O0 -fmessage-length=0 -fsigned-char -ffunction-sections -fdata-sections -Wall -g3 -D__DEBUG -DHC32F460 -DUSE_DDL_DRIVER "-I..\\..\\..\\drivers\\bsp\\ev_hc32f460_lqfp100_v2" -I../../../drivers/cmsis/Device/HDSC/hc32f4xx/Include -I../../../drivers/cmsis/Include -I../../../drivers/hc32_ll_driver/inc -I../../../Qspiflash -I../../../HardWare/SD/fs/inc -I../../../source -std=gnu99 -c -o "source\\APPUartDma.o" "..\\..\\..\\source\\APPUartDma.c" 
arm-none-eabi-gcc -mcpu=cortex-m4 -mthumb -mthumb-interwork -O0 -fmessage-length=0 -fsigned-char -ffunction-sections -fdata-sections -Wall -g3 -D__DEBUG -DHC32F460 -DUSE_DDL_DRIVER "-I..\\..\\..\\drivers\\bsp\\ev_hc32f460_lqfp100_v2" -I../../../drivers/cmsis/Device/HDSC/hc32f4xx/Include -I../../../drivers/cmsis/Include -I../../../drivers/hc32_ll_driver/inc -I../../../Qspiflash -I../../../HardWare/SD/fs/inc -I../../../source -std=gnu99 -c -o "drivers\\hc32_ll_driver\\src\\hc32_ll_event_port.o" "..\\..\\..\\drivers\\hc32_ll_driver\\src\\hc32_ll_event_port.c" 
arm-none-eabi-gcc -mcpu=cortex-m4 -mthumb -mthumb-interwork -O0 -fmessage-length=0 -fsigned-char -ffunction-sections -fdata-sections -Wall -g3 -D__DEBUG -DHC32F460 -DUSE_DDL_DRIVER "-I..\\..\\..\\drivers\\bsp\\ev_hc32f460_lqfp100_v2" -I../../../drivers/cmsis/Device/HDSC/hc32f4xx/Include -I../../../drivers/cmsis/Include -I../../../drivers/hc32_ll_driver/inc -I../../../Qspiflash -I../../../HardWare/SD/fs/inc -I../../../source -std=gnu99 -c -o "drivers\\hc32_ll_driver\\src\\hc32_ll_icg.o" "..\\..\\..\\drivers\\hc32_ll_driver\\src\\hc32_ll_icg.c" 
arm-none-eabi-gcc -mcpu=cortex-m4 -mthumb -mthumb-interwork -O0 -fmessage-length=0 -fsigned-char -ffunction-sections -fdata-sections -Wall -g3 -D__DEBUG -DHC32F460 -DUSE_DDL_DRIVER "-I..\\..\\..\\drivers\\bsp\\ev_hc32f460_lqfp100_v2" -I../../../drivers/cmsis/Device/HDSC/hc32f4xx/Include -I../../../drivers/cmsis/Include -I../../../drivers/hc32_ll_driver/inc -I../../../Qspiflash -I../../../HardWare/SD/fs/inc -I../../../source -std=gnu99 -c -o "source\\APPflash_E2.o" "..\\..\\..\\source\\APPflash_E2.c" 
arm-none-eabi-gcc -mcpu=cortex-m4 -mthumb -mthumb-interwork -O0 -fmessage-length=0 -fsigned-char -ffunction-sections -fdata-sections -Wall -g3 -D__DEBUG -DHC32F460 -DUSE_DDL_DRIVER "-I..\\..\\..\\drivers\\bsp\\ev_hc32f460_lqfp100_v2" -I../../../drivers/cmsis/Device/HDSC/hc32f4xx/Include -I../../../drivers/cmsis/Include -I../../../drivers/hc32_ll_driver/inc -I../../../Qspiflash -I../../../HardWare/SD/fs/inc -I../../../source -std=gnu99 -c -o "drivers\\hc32_ll_driver\\src\\hc32_ll_efm.o" "..\\..\\..\\drivers\\hc32_ll_driver\\src\\hc32_ll_efm.c" 
arm-none-eabi-gcc -mcpu=cortex-m4 -mthumb -mthumb-interwork -O0 -fmessage-length=0 -fsigned-char -ffunction-sections -fdata-sections -Wall -g3 -D__DEBUG -DHC32F460 -DUSE_DDL_DRIVER "-I..\\..\\..\\drivers\\bsp\\ev_hc32f460_lqfp100_v2" -I../../../drivers/cmsis/Device/HDSC/hc32f4xx/Include -I../../../drivers/cmsis/Include -I../../../drivers/hc32_ll_driver/inc -I../../../Qspiflash -I../../../HardWare/SD/fs/inc -I../../../source -std=gnu99 -c -o "source\\APPADC.o" "..\\..\\..\\source\\APPADC.c" 
arm-none-eabi-gcc -mcpu=cortex-m4 -mthumb -mthumb-interwork -O0 -fmessage-length=0 -fsigned-char -ffunction-sections -fdata-sections -Wall -g3 -D__DEBUG -DHC32F460 -DUSE_DDL_DRIVER "-I..\\..\\..\\drivers\\bsp\\ev_hc32f460_lqfp100_v2" -I../../../drivers/cmsis/Device/HDSC/hc32f4xx/Include -I../../../drivers/cmsis/Include -I../../../drivers/hc32_ll_driver/inc -I../../../Qspiflash -I../../../HardWare/SD/fs/inc -I../../../source -std=gnu99 -c -o "drivers\\hc32_ll_driver\\src\\hc32_ll_can.o" "..\\..\\..\\drivers\\hc32_ll_driver\\src\\hc32_ll_can.c" 
arm-none-eabi-gcc -mcpu=cortex-m4 -mthumb -mthumb-interwork -O0 -fmessage-length=0 -fsigned-char -ffunction-sections -fdata-sections -Wall -g3 -D__DEBUG -DHC32F460 -DUSE_DDL_DRIVER "-I..\\..\\..\\drivers\\bsp\\ev_hc32f460_lqfp100_v2" -I../../../drivers/cmsis/Device/HDSC/hc32f4xx/Include -I../../../drivers/cmsis/Include -I../../../drivers/hc32_ll_driver/inc -I../../../Qspiflash -I../../../HardWare/SD/fs/inc -I../../../source -std=gnu99 -c -o "drivers\\hc32_ll_driver\\src\\hc32_ll.o" "..\\..\\..\\drivers\\hc32_ll_driver\\src\\hc32_ll.c" 
arm-none-eabi-gcc -mcpu=cortex-m4 -mthumb -mthumb-interwork -O0 -fmessage-length=0 -fsigned-char -ffunction-sections -fdata-sections -Wall -g3 -D__DEBUG -DHC32F460 -DUSE_DDL_DRIVER "-I..\\..\\..\\drivers\\bsp\\ev_hc32f460_lqfp100_v2" -I../../../drivers/cmsis/Device/HDSC/hc32f4xx/Include -I../../../drivers/cmsis/Include -I../../../drivers/hc32_ll_driver/inc -I../../../Qspiflash -I../../../HardWare/SD/fs/inc -I../../../source -std=gnu99 -c -o "drivers\\hc32_ll_driver\\src\\hc32_ll_spi.o" "..\\..\\..\\drivers\\hc32_ll_driver\\src\\hc32_ll_spi.c" 
arm-none-eabi-gcc -mcpu=cortex-m4 -mthumb -mthumb-interwork -O0 -fmessage-length=0 -fsigned-char -ffunction-sections -fdata-sections -Wall -g3 -D__DEBUG -DHC32F460 -DUSE_DDL_DRIVER "-I..\\..\\..\\drivers\\bsp\\ev_hc32f460_lqfp100_v2" -I../../../drivers/cmsis/Device/HDSC/hc32f4xx/Include -I../../../drivers/cmsis/Include -I../../../drivers/hc32_ll_driver/inc -I../../../Qspiflash -I../../../HardWare/SD/fs/inc -I../../../source -std=gnu99 -c -o "drivers\\hc32_ll_driver\\src\\hc32_ll_tmra.o" "..\\..\\..\\drivers\\hc32_ll_driver\\src\\hc32_ll_tmra.c" 
arm-none-eabi-gcc -mcpu=cortex-m4 -mthumb -mthumb-interwork -O0 -fmessage-length=0 -fsigned-char -ffunction-sections -fdata-sections -Wall -g3 -D__DEBUG -DHC32F460 -DUSE_DDL_DRIVER "-I..\\..\\..\\drivers\\bsp\\ev_hc32f460_lqfp100_v2" -I../../../drivers/cmsis/Device/HDSC/hc32f4xx/Include -I../../../drivers/cmsis/Include -I../../../drivers/hc32_ll_driver/inc -I../../../Qspiflash -I../../../HardWare/SD/fs/inc -I../../../source -std=gnu99 -c -o "HardWare\\SD\\fs\\src\\ffsystem.o" "..\\..\\..\\HardWare\\SD\\fs\\src\\ffsystem.c" 
arm-none-eabi-gcc -mcpu=cortex-m4 -mthumb -mthumb-interwork -O0 -fmessage-length=0 -fsigned-char -ffunction-sections -fdata-sections -Wall -g3 -D__DEBUG -DHC32F460 -DUSE_DDL_DRIVER "-I..\\..\\..\\drivers\\bsp\\ev_hc32f460_lqfp100_v2" -I../../../drivers/cmsis/Device/HDSC/hc32f4xx/Include -I../../../drivers/cmsis/Include -I../../../drivers/hc32_ll_driver/inc -I../../../Qspiflash -I../../../HardWare/SD/fs/inc -I../../../source -std=gnu99 -c -o "drivers\\hc32_ll_driver\\src\\hc32_ll_tmr0.o" "..\\..\\..\\drivers\\hc32_ll_driver\\src\\hc32_ll_tmr0.c" 
arm-none-eabi-gcc -mcpu=cortex-m4 -mthumb -mthumb-interwork -O0 -fmessage-length=0 -fsigned-char -ffunction-sections -fdata-sections -Wall -g3 -D__DEBUG -DHC32F460 -DUSE_DDL_DRIVER "-I..\\..\\..\\drivers\\bsp\\ev_hc32f460_lqfp100_v2" -I../../../drivers/cmsis/Device/HDSC/hc32f4xx/Include -I../../../drivers/cmsis/Include -I../../../drivers/hc32_ll_driver/inc -I../../../Qspiflash -I../../../HardWare/SD/fs/inc -I../../../source -std=gnu99 -c -o "drivers\\hc32_ll_driver\\src\\hc32_ll_cmp.o" "..\\..\\..\\drivers\\hc32_ll_driver\\src\\hc32_ll_cmp.c" 
arm-none-eabi-gcc -mcpu=cortex-m4 -mthumb -mthumb-interwork -O0 -fmessage-length=0 -fsigned-char -ffunction-sections -fdata-sections -Wall -g3 -D__DEBUG -DHC32F460 -DUSE_DDL_DRIVER "-I..\\..\\..\\drivers\\bsp\\ev_hc32f460_lqfp100_v2" -I../../../drivers/cmsis/Device/HDSC/hc32f4xx/Include -I../../../drivers/cmsis/Include -I../../../drivers/hc32_ll_driver/inc -I../../../Qspiflash -I../../../HardWare/SD/fs/inc -I../../../source -std=gnu99 -c -o "drivers\\hc32_ll_driver\\src\\hc32_ll_rtc.o" "..\\..\\..\\drivers\\hc32_ll_driver\\src\\hc32_ll_rtc.c" 
arm-none-eabi-gcc -mcpu=cortex-m4 -mthumb -mthumb-interwork -O0 -fmessage-length=0 -fsigned-char -ffunction-sections -fdata-sections -Wall -g3 -D__DEBUG -DHC32F460 -DUSE_DDL_DRIVER "-I..\\..\\..\\drivers\\bsp\\ev_hc32f460_lqfp100_v2" -I../../../drivers/cmsis/Device/HDSC/hc32f4xx/Include -I../../../drivers/cmsis/Include -I../../../drivers/hc32_ll_driver/inc -I../../../Qspiflash -I../../../HardWare/SD/fs/inc -I../../../source -std=gnu99 -c -o "drivers\\hc32_ll_driver\\src\\hc32_ll_sdioc.o" "..\\..\\..\\drivers\\hc32_ll_driver\\src\\hc32_ll_sdioc.c" 
arm-none-eabi-gcc -mcpu=cortex-m4 -mthumb -mthumb-interwork -O0 -fmessage-length=0 -fsigned-char -ffunction-sections -fdata-sections -Wall -g3 -D__DEBUG -DHC32F460 -DUSE_DDL_DRIVER "-I..\\..\\..\\drivers\\bsp\\ev_hc32f460_lqfp100_v2" -I../../../drivers/cmsis/Device/HDSC/hc32f4xx/Include -I../../../drivers/cmsis/Include -I../../../drivers/hc32_ll_driver/inc -I../../../Qspiflash -I../../../HardWare/SD/fs/inc -I../../../source -std=gnu99 -c -o "drivers\\hc32_ll_driver\\src\\hc32_ll_fcg.o" "..\\..\\..\\drivers\\hc32_ll_driver\\src\\hc32_ll_fcg.c" 
arm-none-eabi-gcc -mcpu=cortex-m4 -mthumb -mthumb-interwork -O0 -fmessage-length=0 -fsigned-char -ffunction-sections -fdata-sections -Wall -g3 -D__DEBUG -DHC32F460 -DUSE_DDL_DRIVER "-I..\\..\\..\\drivers\\bsp\\ev_hc32f460_lqfp100_v2" -I../../../drivers/cmsis/Device/HDSC/hc32f4xx/Include -I../../../drivers/cmsis/Include -I../../../drivers/hc32_ll_driver/inc -I../../../Qspiflash -I../../../HardWare/SD/fs/inc -I../../../source -std=gnu99 -c -o "drivers\\hc32_ll_driver\\src\\hc32_ll_keyscan.o" "..\\..\\..\\drivers\\hc32_ll_driver\\src\\hc32_ll_keyscan.c" 
arm-none-eabi-gcc -mcpu=cortex-m4 -mthumb -mthumb-interwork -O0 -fmessage-length=0 -fsigned-char -ffunction-sections -fdata-sections -Wall -g3 -D__DEBUG -DHC32F460 -DUSE_DDL_DRIVER "-I..\\..\\..\\drivers\\bsp\\ev_hc32f460_lqfp100_v2" -I../../../drivers/cmsis/Device/HDSC/hc32f4xx/Include -I../../../drivers/cmsis/Include -I../../../drivers/hc32_ll_driver/inc -I../../../Qspiflash -I../../../HardWare/SD/fs/inc -I../../../source -std=gnu99 -c -o "drivers\\hc32_ll_driver\\src\\hc32_ll_emb.o" "..\\..\\..\\drivers\\hc32_ll_driver\\src\\hc32_ll_emb.c" 
arm-none-eabi-gcc -mcpu=cortex-m4 -mthumb -mthumb-interwork -O0 -fmessage-length=0 -fsigned-char -ffunction-sections -fdata-sections -Wall -g3 -D__DEBUG -DHC32F460 -DUSE_DDL_DRIVER "-I..\\..\\..\\drivers\\bsp\\ev_hc32f460_lqfp100_v2" -I../../../drivers/cmsis/Device/HDSC/hc32f4xx/Include -I../../../drivers/cmsis/Include -I../../../drivers/hc32_ll_driver/inc -I../../../Qspiflash -I../../../HardWare/SD/fs/inc -I../../../source -std=gnu99 -c -o "HardWare\\SD\\fs\\src\\sd_fs.o" "..\\..\\..\\HardWare\\SD\\fs\\src\\sd_fs.c" 
..\..\..\HardWare\SD\fs\src\sd_fs.c:208:25: warning: 'SdCard_GetInsertState' defined but not used [-Wunused-function]
  208 | static en_flag_status_t SdCard_GetInsertState(void)
      |                         ^~~~~~~~~~~~~~~~~~~~~
arm-none-eabi-gcc -mcpu=cortex-m4 -mthumb -mthumb-interwork -O0 -fmessage-length=0 -fsigned-char -ffunction-sections -fdata-sections -Wall -g3 -D__DEBUG -DHC32F460 -DUSE_DDL_DRIVER "-I..\\..\\..\\drivers\\bsp\\ev_hc32f460_lqfp100_v2" -I../../../drivers/cmsis/Device/HDSC/hc32f4xx/Include -I../../../drivers/cmsis/Include -I../../../drivers/hc32_ll_driver/inc -I../../../Qspiflash -I../../../HardWare/SD/fs/inc -I../../../source -std=gnu99 -c -o "source\\APPRTC.o" "..\\..\\..\\source\\APPRTC.c" 
arm-none-eabi-gcc -mcpu=cortex-m4 -mthumb -mthumb-interwork -O0 -fmessage-length=0 -fsigned-char -ffunction-sections -fdata-sections -Wall -g3 -D__DEBUG -DHC32F460 -DUSE_DDL_DRIVER "-I..\\..\\..\\drivers\\bsp\\ev_hc32f460_lqfp100_v2" -I../../../drivers/cmsis/Device/HDSC/hc32f4xx/Include -I../../../drivers/cmsis/Include -I../../../drivers/hc32_ll_driver/inc -I../../../Qspiflash -I../../../HardWare/SD/fs/inc -I../../../source -std=gnu99 -c -o "HardWare\\SD\\fs\\src\\sd.o" "..\\..\\..\\HardWare\\SD\\fs\\src\\sd.c" 
..\..\..\HardWare\SD\fs\src\sd.c: In function 'SD_Init':
..\..\..\HardWare\SD\fs\src\sd.c:133:1: warning: multi-line comment [-Wcomment]
[...]
arm-none-eabi-gcc -mcpu=cortex-m4 -mthumb -mthumb-interwork -O0 -fmessage-length=0 -fsigned-char -ffunction-sections -fdata-sections -Wall -g3 -D__DEBUG -DHC32F460 -DUSE_DDL_DRIVER "-I..\\..\\..\\drivers\\bsp\\ev_hc32f460_lqfp100_v2" -I../../../drivers/cmsis/Device/HDSC/hc32f4xx/Include -I../../../drivers/cmsis/Include -I../../../drivers/hc32_ll_driver/inc -I../../../Qspiflash -I../../../HardWare/SD/fs/inc -I../../../source -std=gnu99 -c -o "drivers\\hc32_ll_driver\\src\\hc32_ll_i2s.o" "..\\..\\..\\drivers\\hc32_ll_driver\\src\\hc32_ll_i2s.c" 
arm-none-eabi-gcc -mcpu=cortex-m4 -mthumb -mthumb-interwork -O0 -fmessage-length=0 -fsigned-char -ffunction-sections -fdata-sections -Wall -g3 -D__DEBUG -DHC32F460 -DUSE_DDL_DRIVER "-I..\\..\\..\\drivers\\bsp\\ev_hc32f460_lqfp100_v2" -I../../../drivers/cmsis/Device/HDSC/hc32f4xx/Include -I../../../drivers/cmsis/Include -I../../../drivers/hc32_ll_driver/inc -I../../../Qspiflash -I../../../HardWare/SD/fs/inc -I../../../source -std=gnu99 -c -o "source\\APPTime0.o" "..\\..\\..\\source\\APPTime0.c" 
arm-none-eabi-gcc -mcpu=cortex-m4 -mthumb -mthumb-interwork -O0 -fmessage-length=0 -fsigned-char -ffunction-sections -fdata-sections -Wall -g3 -D__DEBUG -DHC32F460 -DUSE_DDL_DRIVER "-I..\\..\\..\\drivers\\bsp\\ev_hc32f460_lqfp100_v2" -I../../../drivers/cmsis/Device/HDSC/hc32f4xx/Include -I../../../drivers/cmsis/Include -I../../../drivers/hc32_ll_driver/inc -I../../../Qspiflash -I../../../HardWare/SD/fs/inc -I../../../source -std=gnu99 -c -o "drivers\\hc32_ll_driver\\src\\hc32_ll_trng.o" "..\\..\\..\\drivers\\hc32_ll_driver\\src\\hc32_ll_trng.c" 
arm-none-eabi-gcc -mcpu=cortex-m4 -mthumb -mthumb-interwork -O0 -fmessage-length=0 -fsigned-char -ffunction-sections -fdata-sections -Wall -g3 -D__DEBUG -DHC32F460 -DUSE_DDL_DRIVER "-I..\\..\\..\\drivers\\bsp\\ev_hc32f460_lqfp100_v2" -I../../../drivers/cmsis/Device/HDSC/hc32f4xx/Include -I../../../drivers/cmsis/Include -I../../../drivers/hc32_ll_driver/inc -I../../../Qspiflash -I../../../HardWare/SD/fs/inc -I../../../source -std=gnu99 -c -o "drivers\\bsp\\ev_hc32f460_lqfp100_v2\\ev_hc32f460_lqfp100_v2.o" "..\\..\\..\\drivers\\bsp\\ev_hc32f460_lqfp100_v2\\ev_hc32f460_lqfp100_v2.c" 
arm-none-eabi-gcc -mcpu=cortex-m4 -mthumb -mthumb-interwork -O0 -fmessage-length=0 -fsigned-char -ffunction-sections -fdata-sections -Wall -g3 -D__DEBUG -DHC32F460 -DUSE_DDL_DRIVER "-I..\\..\\..\\drivers\\bsp\\ev_hc32f460_lqfp100_v2" -I../../../drivers/cmsis/Device/HDSC/hc32f4xx/Include -I../../../drivers/cmsis/Include -I../../../drivers/hc32_ll_driver/inc -I../../../Qspiflash -I../../../HardWare/SD/fs/inc -I../../../source -std=gnu99 -c -o "drivers\\hc32_ll_driver\\src\\hc32_ll_spi.o" "..\\..\\..\\drivers\\hc32_ll_driver\\src\\hc32_ll_spi.c" 
arm-none-eabi-gcc -mcpu=cortex-m4 -mthumb -mthumb-interwork -O0 -fmessage-length=0 -fsigned-char -ffunction-sections -fdata-sections -Wall -g3 -D__DEBUG -DHC32F460 -DUSE_DDL_DRIVER "-I..\\..\\..\\drivers\\bsp\\ev_hc32f460_lqfp100_v2" -I../../../drivers/cmsis/Device/HDSC/hc32f4xx/Include -I../../../drivers/cmsis/Include -I../../../drivers/hc32_ll_driver/inc -I../../../Qspiflash -I../../../HardWare/SD/fs/inc -I../../../source -std=gnu99 -c -o "drivers\\hc32_ll_driver\\src\\hc32_ll_wdt.o" "..\\..\\..\\drivers\\hc32_ll_driver\\src\\hc32_ll_wdt.c" 
arm-none-eabi-gcc -mcpu=cortex-m4 -mthumb -mthumb-interwork -O0 -fmessage-length=0 -fsigned-char -ffunction-sections -fdata-sections -Wall -g3 -D__DEBUG -DHC32F460 -DUSE_DDL_DRIVER "-I..\\..\\..\\drivers\\bsp\\ev_hc32f460_lqfp100_v2" -I../../../drivers/cmsis/Device/HDSC/hc32f4xx/Include -I../../../drivers/cmsis/Include -I../../../drivers/hc32_ll_driver/inc -I../../../Qspiflash -I../../../HardWare/SD/fs/inc -I../../../source -std=gnu99 -c -o "HardWare\\SD\\fs\\src\\sd.o" "..\\..\\..\\HardWare\\SD\\fs\\src\\sd.c" 
..\..\..\HardWare\SD\fs\src\sd.c: In function 'SD_Init':
..\..\..\HardWare\SD\fs\src\sd.c:133:1: warning: multi-line comment [-Wcomment]
  133 | //       CLK_SetClockDiv(CLK_BUS_CLK_ALL, \
      | ^
..\..\..\HardWare\SD\fs\src\sd.c:140:1: warning: multi-line comment [-Wcomment]
  140 | //      CLK_SetClockDiv(CLK_BUS_CLK_ALL, \
      | ^
..\..\..\HardWare\SD\fs\src\sd.c:152:1: warning: multi-line comment [-Wcomment]
  152 | //      CLK_SetClockDiv(CLK_BUS_CLK_ALL, \
      | ^
..\..\..\HardWare\SD\fs\src\sd.c:171:1: warning: multi-line comment [-Wcomment]
  171 | //      CLK_SetClockDiv(CLK_BUS_CLK_ALL, \
      | ^
..\..\..\HardWare\SD\fs\src\sd.c:177:1: warning: multi-line comment [-Wcomment]
  177 | //       CLK_SetClockDiv(CLK_BUS_CLK_ALL, \
      | ^
arm-none-eabi-gcc -mcpu=cortex-m4 -mthumb -mthumb-interwork -O0 -fmessage-length=0 -fsigned-char -ffunction-sections -fdata-sections -Wall -g3 -D__DEBUG -DHC32F460 -DUSE_DDL_DRIVER "-I..\\..\\..\\drivers\\bsp\\ev_hc32f460_lqfp100_v2" -I../../../drivers/cmsis/Device/HDSC/hc32f4xx/Include -I../../../drivers/cmsis/Include -I../../../drivers/hc32_ll_driver/inc -I../../../Qspiflash -I../../../HardWare/SD/fs/inc -I../../../source -std=gnu99 -c -o "drivers\\hc32_ll_driver\\src\\hc32_ll_pwc.o" "..\\..\\..\\drivers\\hc32_ll_driver\\src\\hc32_ll_pwc.c" 
arm-none-eabi-gcc -mcpu=cortex-m4 -mthumb -mthumb-interwork -O0 -fmessage-length=0 -fsigned-char -ffunction-sections -fdata-sections -Wall -g3 -T "..\\..\\..\\drivers\\cmsis\\Device\\HDSC\\hc32f4xx\\Source\\GCC\\linker\\HC32F460xE.ld" -Xlinker --gc-sections -Wl,-Map,GCC.map --specs=nano.specs --specs=nosys.specs -o GCC.elf "HardWare\\485\\my485.o" "HardWare\\Qspiflash\\Appqspi_flash.o" "HardWare\\Qspiflash\\qspi_flash.o" "HardWare\\SD\\fs\\src\\diskio.o" "HardWare\\SD\\fs\\src\\ff.o" "HardWare\\SD\\fs\\src\\ffsystem.o" "HardWare\\SD\\fs\\src\\sd.o" "HardWare\\SD\\fs\\src\\sd_fs.o" "drivers\\bsp\\ev_hc32f460_lqfp100_v2\\ev_hc32f460_lqfp100_v2.o" "drivers\\cmsis\\Device\\HDSC\\hc32f4xx\\Source\\GCC\\startup_hc32f460.o" "drivers\\cmsis\\Device\\HDSC\\hc32f4xx\\Source\\system_hc32f460.o" "drivers\\hc32_ll_driver\\src\\hc32_ll.o" "drivers\\hc32_ll_driver\\src\\hc32_ll_adc.o" "drivers\\hc32_ll_driver\\src\\hc32_ll_aes.o" "drivers\\hc32_ll_driver\\src\\hc32_ll_aos.o" "drivers\\hc32_ll_driver\\src\\hc32_ll_can.o" "drivers\\hc32_ll_driver\\src\\hc32_ll_clk.o" "drivers\\hc32_ll_driver\\src\\hc32_ll_cmp.o" "drivers\\hc32_ll_driver\\src\\hc32_ll_crc.o" "drivers\\hc32_ll_driver\\src\\hc32_ll_dcu.o" "drivers\\hc32_ll_driver\\src\\hc32_ll_dma.o" "drivers\\hc32_ll_driver\\src\\hc32_ll_efm.o" "drivers\\hc32_ll_driver\\src\\hc32_ll_emb.o" "drivers\\hc32_ll_driver\\src\\hc32_ll_event_port.o" "drivers\\hc32_ll_driver\\src\\hc32_ll_fcg.o" "drivers\\hc32_ll_driver\\src\\hc32_ll_fcm.o" "drivers\\hc32_ll_driver\\src\\hc32_ll_gpio.o" "drivers\\hc32_ll_driver\\src\\hc32_ll_hash.o" "drivers\\hc32_ll_driver\\src\\hc32_ll_i2c.o" "drivers\\hc32_ll_driver\\src\\hc32_ll_i2s.o" "drivers\\hc32_ll_driver\\src\\hc32_ll_icg.o" "drivers\\hc32_ll_driver\\src\\hc32_ll_interrupts.o" "drivers\\hc32_ll_driver\\src\\hc32_ll_keyscan.o" "drivers\\hc32_ll_driver\\src\\hc32_ll_mpu.o" "drivers\\hc32_ll_driver\\src\\hc32_ll_ots.o" "drivers\\hc32_ll_driver\\src\\hc32_ll_pwc.o" "drivers\\hc32_ll_driver\\src\\hc32_ll_qspi.o" "drivers\\hc32_ll_driver\\src\\hc32_ll_rmu.o" "drivers\\hc32_ll_driver\\src\\hc32_ll_rtc.o" "drivers\\hc32_ll_driver\\src\\hc32_ll_sdioc.o" "drivers\\hc32_ll_driver\\src\\hc32_ll_spi.o" "drivers\\hc32_ll_driver\\src\\hc32_ll_sram.o" "drivers\\hc32_ll_driver\\src\\hc32_ll_swdt.o" "drivers\\hc32_ll_driver\\src\\hc32_ll_tmr0.o" "drivers\\hc32_ll_driver\\src\\hc32_ll_tmr4.o" "drivers\\hc32_ll_driver\\src\\hc32_ll_tmr6.o" "drivers\\hc32_ll_driver\\src\\hc32_ll_tmra.o" "drivers\\hc32_ll_driver\\src\\hc32_ll_trng.o" "drivers\\hc32_ll_driver\\src\\hc32_ll_usart.o" "drivers\\hc32_ll_driver\\src\\hc32_ll_utility.o" "drivers\\hc32_ll_driver\\src\\hc32_ll_wdt.o" "drivers\\hc32_ll_driver\\src\\hc32f460_ll_interrupts_share.o" "source\\APPADC.o" "source\\APPRTC.o" "source\\APPTime0.o" "source\\APPUartDma.o" "source\\APP_CAN.o" "source\\APPflash_E2.o" "source\\APPtime4_pwm_through.o" "source\\main.o" -lm 
arm-none-eabi-objcopy -O ihex GCC.elf GCC.hex 
arm-none-eabi-size --format=berkeley GCC.elf 
   text	   data	    bss	    dec	    hex	filename
  77344	    204	  11200	  88748	  15aac	GCC.elf
Info: Nothing to build for GCC
Info: Nothing to build for GCC
Info: Nothing to build for GCC
Info: Nothing to build for GCC
Info: Nothing to build for GCC
Info: Nothing to build for GCC
Info: Nothing to build for GCC
Info: Nothing to build for GCC
Info: Nothing to build for GCC
Info: Nothing to build for GCC
Info: Nothing to build for GCC
Info: Nothing to build for GCC
16:13:27 **** Incremental Build of configuration Debug for project GCC ****
Info: Internal Builder is used for build
arm-none-eabi-gcc -mcpu=cortex-m4 -mthumb -mthumb-interwork -O0 -fmessage-length=0 -fsigned-char -ffunction-sections -fdata-sections -Wall -g3 -D__DEBUG -DHC32F460 -DUSE_DDL_DRIVER "-I..\\..\\..\\drivers\\bsp\\ev_hc32f460_lqfp100_v2" -I../../../drivers/cmsis/Device/HDSC/hc32f4xx/Include -I../../../drivers/cmsis/Include -I../../../drivers/hc32_ll_driver/inc -I../../../Qspiflash -I../../../HardWare/SD/fs/inc -I../../../source -std=gnu99 -c -o "source\\main.o" "..\\..\\..\\source\\main.c" 
..\..\..\source\main.c:94:9: warning: return type of 'main' is not 'int' [-Wmain]
   94 | int32_t main(void)
      |         ^~~~
arm-none-eabi-gcc -mcpu=cortex-m4 -mthumb -mthumb-interwork -O0 -fmessage-length=0 -fsigned-char -ffunction-sections -fdata-sections -Wall -g3 -T "..\\..\\..\\drivers\\cmsis\\Device\\HDSC\\hc32f4xx\\Source\\GCC\\linker\\HC32F460xE.ld" -Xlinker --gc-sections -Wl,-Map,GCC.map --specs=nano.specs --specs=nosys.specs -o GCC.elf "HardWare\\485\\my485.o" "HardWare\\Qspiflash\\Appqspi_flash.o" "HardWare\\Qspiflash\\qspi_flash.o" "HardWare\\SD\\fs\\src\\diskio.o" "HardWare\\SD\\fs\\src\\ff.o" "HardWare\\SD\\fs\\src\\ffsystem.o" "HardWare\\SD\\fs\\src\\sd.o" "HardWare\\SD\\fs\\src\\sd_fs.o" "drivers\\bsp\\ev_hc32f460_lqfp100_v2\\ev_hc32f460_lqfp100_v2.o" "drivers\\cmsis\\Device\\HDSC\\hc32f4xx\\Source\\GCC\\startup_hc32f460.o" "drivers\\cmsis\\Device\\HDSC\\hc32f4xx\\Source\\system_hc32f460.o" "drivers\\hc32_ll_driver\\src\\hc32_ll.o" "drivers\\hc32_ll_driver\\src\\hc32_ll_adc.o" "drivers\\hc32_ll_driver\\src\\hc32_ll_aes.o" "drivers\\hc32_ll_driver\\src\\hc32_ll_aos.o" "drivers\\hc32_ll_driver\\src\\hc32_ll_can.o" "drivers\\hc32_ll_driver\\src\\hc32_ll_clk.o" "drivers\\hc32_ll_driver\\src\\hc32_ll_cmp.o" "drivers\\hc32_ll_driver\\src\\hc32_ll_crc.o" "drivers\\hc32_ll_driver\\src\\hc32_ll_dcu.o" "drivers\\hc32_ll_driver\\src\\hc32_ll_dma.o" "drivers\\hc32_ll_driver\\src\\hc32_ll_efm.o" "drivers\\hc32_ll_driver\\src\\hc32_ll_emb.o" "drivers\\hc32_ll_driver\\src\\hc32_ll_event_port.o" "drivers\\hc32_ll_driver\\src\\hc32_ll_fcg.o" "drivers\\hc32_ll_driver\\src\\hc32_ll_fcm.o" "drivers\\hc32_ll_driver\\src\\hc32_ll_gpio.o" "drivers\\hc32_ll_driver\\src\\hc32_ll_hash.o" "drivers\\hc32_ll_driver\\src\\hc32_ll_i2c.o" "drivers\\hc32_ll_driver\\src\\hc32_ll_i2s.o" "drivers\\hc32_ll_driver\\src\\hc32_ll_icg.o" "drivers\\hc32_ll_driver\\src\\hc32_ll_interrupts.o" "drivers\\hc32_ll_driver\\src\\hc32_ll_keyscan.o" "drivers\\hc32_ll_driver\\src\\hc32_ll_mpu.o" "drivers\\hc32_ll_driver\\src\\hc32_ll_ots.o" "drivers\\hc32_ll_driver\\src\\hc32_ll_pwc.o" "drivers\\hc32_ll_driver\\src\\hc32_ll_qspi.o" "drivers\\hc32_ll_driver\\src\\hc32_ll_rmu.o" "drivers\\hc32_ll_driver\\src\\hc32_ll_rtc.o" "drivers\\hc32_ll_driver\\src\\hc32_ll_sdioc.o" "drivers\\hc32_ll_driver\\src\\hc32_ll_spi.o" "drivers\\hc32_ll_driver\\src\\hc32_ll_sram.o" "drivers\\hc32_ll_driver\\src\\hc32_ll_swdt.o" "drivers\\hc32_ll_driver\\src\\hc32_ll_tmr0.o" "drivers\\hc32_ll_driver\\src\\hc32_ll_tmr4.o" "drivers\\hc32_ll_driver\\src\\hc32_ll_tmr6.o" "drivers\\hc32_ll_driver\\src\\hc32_ll_tmra.o" "drivers\\hc32_ll_driver\\src\\hc32_ll_trng.o" "drivers\\hc32_ll_driver\\src\\hc32_ll_usart.o" "drivers\\hc32_ll_driver\\src\\hc32_ll_utility.o" "drivers\\hc32_ll_driver\\src\\hc32_ll_wdt.o" "drivers\\hc32_ll_driver\\src\\hc32f460_ll_interrupts_share.o" "source\\APPADC.o" "source\\APPRTC.o" "source\\APPTime0.o" "source\\APPUartDma.o" "source\\APP_CAN.o" "source\\APPflash_E2.o" "source\\APPtime4_pwm_through.o" "source\\main.o" -lm 
10:37:14 **** Incremental Build of configuration Debug for project GCC ****
Info: Internal Builder is used for build
arm-none-eabi-gcc -mcpu=cortex-m4 -mthumb -mthumb-interwork -O0 -fmessage-length=0 -fsigned-char -ffunction-sections -fdata-sections -Wall -g3 -D__DEBUG -DHC32F460 -DUSE_DDL_DRIVER "-I..\\..\\..\\drivers\\bsp\\ev_hc32f460_lqfp100_v2" -I../../../drivers/cmsis/Device/HDSC/hc32f4xx/Include -I../../../drivers/cmsis/Include -I../../../drivers/hc32_ll_driver/inc -I../../../Qspiflash -I../../../HardWare/SD/fs/inc -I../../../source -std=gnu99 -c -o "source\\main.o" "..\\..\\..\\source\\main.c" 
..\..\..\source\main.c:26:1: warning: 'at' attribute directive ignored [-Wattributes]
   26 | uint8_t no_us0 __attribute__((at(0x1fffffFF)));
      | ^~~~~~~
..\..\..\source\main.c:93:9: warning: return type of 'main' is not 'int' [-Wmain]
   93 | int32_t main(void)
      |         ^~~~
arm-none-eabi-gcc -mcpu=cortex-m4 -mthumb -mthumb-interwork -O0 -fmessage-length=0 -fsigned-char -ffunction-sections -fdata-sections -Wall -g3 -T "..\\..\\..\\drivers\\cmsis\\Device\\HDSC\\hc32f4xx\\Source\\GCC\\linker\\HC32F460xE.ld" -Xlinker --gc-sections -Wl,-Map,GCC.map --specs=nano.specs --specs=nosys.specs -o GCC.elf "HardWare\\485\\my485.o" "HardWare\\Qspiflash\\Appqspi_flash.o" "HardWare\\Qspiflash\\qspi_flash.o" "HardWare\\SD\\fs\\src\\diskio.o" "HardWare\\SD\\fs\\src\\ff.o" "HardWare\\SD\\fs\\src\\ffsystem.o" "HardWare\\SD\\fs\\src\\sd.o" "HardWare\\SD\\fs\\src\\sd_fs.o" "drivers\\bsp\\ev_hc32f460_lqfp100_v2\\ev_hc32f460_lqfp100_v2.o" "drivers\\cmsis\\Device\\HDSC\\hc32f4xx\\Source\\GCC\\startup_hc32f460.o" "drivers\\cmsis\\Device\\HDSC\\hc32f4xx\\Source\\system_hc32f460.o" "drivers\\hc32_ll_driver\\src\\hc32_ll.o" "drivers\\hc32_ll_driver\\src\\hc32_ll_adc.o" "drivers\\hc32_ll_driver\\src\\hc32_ll_aes.o" "drivers\\hc32_ll_driver\\src\\hc32_ll_aos.o" "drivers\\hc32_ll_driver\\src\\hc32_ll_can.o" "drivers\\hc32_ll_driver\\src\\hc32_ll_clk.o" "drivers\\hc32_ll_driver\\src\\hc32_ll_cmp.o" "drivers\\hc32_ll_driver\\src\\hc32_ll_crc.o" "drivers\\hc32_ll_driver\\src\\hc32_ll_dcu.o" "drivers\\hc32_ll_driver\\src\\hc32_ll_dma.o" "drivers\\hc32_ll_driver\\src\\hc32_ll_efm.o" "drivers\\hc32_ll_driver\\src\\hc32_ll_emb.o" "drivers\\hc32_ll_driver\\src\\hc32_ll_event_port.o" "drivers\\hc32_ll_driver\\src\\hc32_ll_fcg.o" "drivers\\hc32_ll_driver\\src\\hc32_ll_fcm.o" "drivers\\hc32_ll_driver\\src\\hc32_ll_gpio.o" "drivers\\hc32_ll_driver\\src\\hc32_ll_hash.o" "drivers\\hc32_ll_driver\\src\\hc32_ll_i2c.o" "drivers\\hc32_ll_driver\\src\\hc32_ll_i2s.o" "drivers\\hc32_ll_driver\\src\\hc32_ll_icg.o" "drivers\\hc32_ll_driver\\src\\hc32_ll_interrupts.o" "drivers\\hc32_ll_driver\\src\\hc32_ll_keyscan.o" "drivers\\hc32_ll_driver\\src\\hc32_ll_mpu.o" "drivers\\hc32_ll_driver\\src\\hc32_ll_ots.o" "drivers\\hc32_ll_driver\\src\\hc32_ll_pwc.o" "drivers\\hc32_ll_driver\\src\\hc32_ll_qspi.o" "drivers\\hc32_ll_driver\\src\\hc32_ll_rmu.o" "drivers\\hc32_ll_driver\\src\\hc32_ll_rtc.o" "drivers\\hc32_ll_driver\\src\\hc32_ll_sdioc.o" "drivers\\hc32_ll_driver\\src\\hc32_ll_spi.o" "drivers\\hc32_ll_driver\\src\\hc32_ll_sram.o" "drivers\\hc32_ll_driver\\src\\hc32_ll_swdt.o" "drivers\\hc32_ll_driver\\src\\hc32_ll_tmr0.o" "drivers\\hc32_ll_driver\\src\\hc32_ll_tmr4.o" "drivers\\hc32_ll_driver\\src\\hc32_ll_tmr6.o" "drivers\\hc32_ll_driver\\src\\hc32_ll_tmra.o" "drivers\\hc32_ll_driver\\src\\hc32_ll_trng.o" "drivers\\hc32_ll_driver\\src\\hc32_ll_usart.o" "drivers\\hc32_ll_driver\\src\\hc32_ll_utility.o" "drivers\\hc32_ll_driver\\src\\hc32_ll_wdt.o" "drivers\\hc32_ll_driver\\src\\hc32f460_ll_interrupts_share.o" "source\\APPADC.o" "source\\APPRTC.o" "source\\APPTime0.o" "source\\APPUartDma.o" "source\\APP_CAN.o" "source\\APPflash_E2.o" "source\\APPtime4_pwm_through.o" "source\\main.o" -lm 
Info: Nothing to build for GCC
14:30:05 **** Incremental Build of configuration Debug for project GCC ****
Info: Internal Builder is used for build
arm-none-eabi-gcc -mcpu=cortex-m4 -mthumb -mthumb-interwork -O0 -fmessage-length=0 -fsigned-char -ffunction-sections -fdata-sections -Wall -g3 -D__DEBUG -DHC32F460 -DUSE_DDL_DRIVER "-I..\\..\\..\\drivers\\bsp\\ev_hc32f460_lqfp100_v2" -I../../../drivers/cmsis/Device/HDSC/hc32f4xx/Include -I../../../drivers/cmsis/Include -I../../../drivers/hc32_ll_driver/inc -I../../../Qspiflash -I../../../HardWare/SD/fs/inc -I../../../source -std=gnu99 -c -o "source\\main.o" "..\\..\\..\\source\\main.c" 
..\..\..\source\main.c:26:1: warning: 'at' attribute directive ignored [-Wattributes]
   26 | uint8_t no_us0 __attribute__((at(0x1fffffFF)));
      | ^~~~~~~
..\..\..\source\main.c:76:9: warning: return type of 'main' is not 'int' [-Wmain]
   76 | int32_t main(void)
      |         ^~~~
arm-none-eabi-gcc -mcpu=cortex-m4 -mthumb -mthumb-interwork -O0 -fmessage-length=0 -fsigned-char -ffunction-sections -fdata-sections -Wall -g3 -T "..\\..\\..\\drivers\\cmsis\\Device\\HDSC\\hc32f4xx\\Source\\GCC\\linker\\HC32F460xE.ld" -Xlinker --gc-sections -Wl,-Map,GCC.map --specs=nano.specs --specs=nosys.specs -o GCC.elf "drivers\\bsp\\ev_hc32f460_lqfp100_v2\\ev_hc32f460_lqfp100_v2.o" "drivers\\cmsis\\Device\\HDSC\\hc32f4xx\\Source\\GCC\\startup_hc32f460.o" "drivers\\cmsis\\Device\\HDSC\\hc32f4xx\\Source\\system_hc32f460.o" "drivers\\hc32_ll_driver\\src\\hc32_ll.o" "drivers\\hc32_ll_driver\\src\\hc32_ll_adc.o" "drivers\\hc32_ll_driver\\src\\hc32_ll_aes.o" "drivers\\hc32_ll_driver\\src\\hc32_ll_aos.o" "drivers\\hc32_ll_driver\\src\\hc32_ll_can.o" "drivers\\hc32_ll_driver\\src\\hc32_ll_clk.o" "drivers\\hc32_ll_driver\\src\\hc32_ll_cmp.o" "drivers\\hc32_ll_driver\\src\\hc32_ll_crc.o" "drivers\\hc32_ll_driver\\src\\hc32_ll_dcu.o" "drivers\\hc32_ll_driver\\src\\hc32_ll_dma.o" "drivers\\hc32_ll_driver\\src\\hc32_ll_efm.o" "drivers\\hc32_ll_driver\\src\\hc32_ll_emb.o" "drivers\\hc32_ll_driver\\src\\hc32_ll_event_port.o" "drivers\\hc32_ll_driver\\src\\hc32_ll_fcg.o" "drivers\\hc32_ll_driver\\src\\hc32_ll_fcm.o" "drivers\\hc32_ll_driver\\src\\hc32_ll_gpio.o" "drivers\\hc32_ll_driver\\src\\hc32_ll_hash.o" "drivers\\hc32_ll_driver\\src\\hc32_ll_i2c.o" "drivers\\hc32_ll_driver\\src\\hc32_ll_i2s.o" "drivers\\hc32_ll_driver\\src\\hc32_ll_icg.o" "drivers\\hc32_ll_driver\\src\\hc32_ll_interrupts.o" "drivers\\hc32_ll_driver\\src\\hc32_ll_keyscan.o" "drivers\\hc32_ll_driver\\src\\hc32_ll_mpu.o" "drivers\\hc32_ll_driver\\src\\hc32_ll_ots.o" "drivers\\hc32_ll_driver\\src\\hc32_ll_pwc.o" "drivers\\hc32_ll_driver\\src\\hc32_ll_qspi.o" "drivers\\hc32_ll_driver\\src\\hc32_ll_rmu.o" "drivers\\hc32_ll_driver\\src\\hc32_ll_rtc.o" "drivers\\hc32_ll_driver\\src\\hc32_ll_sdioc.o" "drivers\\hc32_ll_driver\\src\\hc32_ll_spi.o" "drivers\\hc32_ll_driver\\src\\hc32_ll_sram.o" "drivers\\hc32_ll_driver\\src\\hc32_ll_swdt.o" "drivers\\hc32_ll_driver\\src\\hc32_ll_tmr0.o" "drivers\\hc32_ll_driver\\src\\hc32_ll_tmr4.o" "drivers\\hc32_ll_driver\\src\\hc32_ll_tmr6.o" "drivers\\hc32_ll_driver\\src\\hc32_ll_tmra.o" "drivers\\hc32_ll_driver\\src\\hc32_ll_trng.o" "drivers\\hc32_ll_driver\\src\\hc32_ll_usart.o" "drivers\\hc32_ll_driver\\src\\hc32_ll_utility.o" "drivers\\hc32_ll_driver\\src\\hc32_ll_wdt.o" "drivers\\hc32_ll_driver\\src\\hc32f460_ll_interrupts_share.o" "source\\APPRTC.o" "source\\main.o" "source\\APPADC.o" "source\\APPTime0.o" "source\\APPUartDma.o" "source\\APP_CAN.o" "source\\APPflash_E2.o" "source\\APPtime4_pwm_through.o" -lm 
